[INFO] Scanning for projects...
[INFO] 
[INFO] ---------------------< com.fixzone:fixzon-backend >---------------------
[INFO] Building fixzon-backend 0.0.1-SNAPSHOT
[INFO]   from pom.xml
[INFO] --------------------------------[ jar ]---------------------------------
[INFO] 
[INFO] --- clean:3.4.1:clean (default-clean) @ fixzon-backend ---
[INFO] Deleting C:\Users\ASUS\Desktop\New folder\FixZone_Backend\target
[INFO] 
[INFO] --- resources:3.3.1:resources (default-resources) @ fixzon-backend ---
[INFO] Copying 3 resources from src\main\resources to target\classes
[INFO] Copying 0 resource from src\main\resources to target\classes
[INFO] 
[INFO] --- compiler:3.13.0:compile (default-compile) @ fixzon-backend ---
[INFO] Recompiling the module because of changed source code.
[INFO] Compiling 57 source files with javac [forked debug parameters release 21] to target\classes
[WARNING] Unable to autodetect 'javac' path, using 'javac' from the environment.
[INFO] -------------------------------------------------------------
[ERROR] COMPILATION ERROR : 
[INFO] -------------------------------------------------------------
[ERROR] C:\Users\ASUS\Desktop\New folder\FixZone_Backend\src\main\java\com\fixzone\fixzon_backend\entity\Analytics.java:[19,12] error: cannot find symbol
  symbol:   class ServiceCenter
  location: class Analytics
[ERROR] C:\Users\ASUS\Desktop\New folder\FixZone_Backend\src\main\java\com\fixzone\fixzon_backend\entity\Analytics.java:[29,11] error: cannot find symbol
  symbol:   class ServiceCenter
  location: class Analytics
[ERROR] C:\Users\ASUS\Desktop\New folder\FixZone_Backend\src\main\java\com\fixzone\fixzon_backend\entity\Analytics.java:[30,33] error: cannot find symbol
  symbol:   class ServiceCenter
  location: class Analytics
[ERROR] C:\Users\ASUS\Desktop\New folder\FixZone_Backend\src\main\java\com\fixzone\fixzon_backend\entity\Subscription.java:[28,12] error: cannot find symbol
  symbol:   class User
  location: class Subscription
[ERROR] C:\Users\ASUS\Desktop\New folder\FixZone_Backend\src\main\java\com\fixzone\fixzon_backend\entity\Subscription.java:[45,11] error: cannot find symbol
  symbol:   class User
  location: class Subscription
[ERROR] C:\Users\ASUS\Desktop\New folder\FixZone_Backend\src\main\java\com\fixzone\fixzon_backend\entity\Subscription.java:[46,25] error: cannot find symbol
  symbol:   class User
  location: class Subscription
[INFO] 6 errors 
[INFO] -------------------------------------------------------------
[INFO] ------------------------------------------------------------------------
[INFO] BUILD FAILURE
[INFO] ------------------------------------------------------------------------
[INFO] Total time:  4.469 s
[INFO] Finished at: 2026-03-16T22:07:08+05:30
[INFO] ------------------------------------------------------------------------
[ERROR] Failed to execute goal org.apache.maven.plugins:maven-compiler-plugin:3.13.0:compile (default-compile) on project fixzon-backend: Compilation failure: Compilation failure: 
[ERROR] C:\Users\ASUS\Desktop\New folder\FixZone_Backend\src\main\java\com\fixzone\fixzon_backend\entity\Analytics.java:[19,12] error: cannot find symbol
[ERROR]   symbol:   class ServiceCenter
[ERROR]   location: class Analytics
[ERROR] C:\Users\ASUS\Desktop\New folder\FixZone_Backend\src\main\java\com\fixzone\fixzon_backend\entity\Analytics.java:[29,11] error: cannot find symbol
[ERROR]   symbol:   class ServiceCenter
[ERROR]   location: class Analytics
[ERROR] C:\Users\ASUS\Desktop\New folder\FixZone_Backend\src\main\java\com\fixzone\fixzon_backend\entity\Analytics.java:[30,33] error: cannot find symbol
[ERROR]   symbol:   class ServiceCenter
[ERROR]   location: class Analytics
[ERROR] C:\Users\ASUS\Desktop\New folder\FixZone_Backend\src\main\java\com\fixzone\fixzon_backend\entity\Subscription.java:[28,12] error: cannot find symbol
[ERROR]   symbol:   class User
[ERROR]   location: class Subscription
[ERROR] C:\Users\ASUS\Desktop\New folder\FixZone_Backend\src\main\java\com\fixzone\fixzon_backend\entity\Subscription.java:[45,11] error: cannot find symbol
[ERROR]   symbol:   class User
[ERROR]   location: class Subscription
[ERROR] C:\Users\ASUS\Desktop\New folder\FixZone_Backend\src\main\java\com\fixzone\fixzon_backend\entity\Subscription.java:[46,25] error: cannot find symbol
[ERROR]   symbol:   class User
[ERROR]   location: class Subscription
[ERROR] -> [Help 1]
[ERROR] 
[ERROR] To see the full stack trace of the errors, re-run Maven with the -e switch.
[ERROR] Re-run Maven using the -X switch to enable full debug logging.
[ERROR] 
[ERROR] For more information about the errors and possible solutions, please read the following articles:
[ERROR] [Help 1] http://cwiki.apache.org/confluence/display/MAVEN/MojoFailureException
