#
# There is insufficient memory for the Java Runtime Environment to continue.
# Native memory allocation (malloc) failed to allocate 1048576 bytes. Error detail: AllocateHeap
# Possible reasons:
#   The system is out of physical RAM or swap space
#   This process is running with CompressedOops enabled, and the Java Heap may be blocking the growth of the native heap
# Possible solutions:
#   Reduce memory load on the system
#   Increase physical memory or swap space
#   Check if swap backing store is full
#   Decrease Java heap size (-Xmx/-Xms)
#   Decrease number of Java threads
#   Decrease Java thread stack sizes (-Xss)
#   Set larger code cache with -XX:ReservedCodeCacheSize=
#   JVM is running with Unscaled Compressed Oops mode in which the Java heap is
#     placed in the first 4GB address space. The Java Heap base address is the
#     maximum limit for the native heap growth. Please use -XX:HeapBaseMinAddress
#     to set the Java Heap base and to place the Java Heap above 4GB virtual address.
# This output file may be truncated or incomplete.
#
#  Out of Memory Error (allocation.cpp:44), pid=24896, tid=30592
#
# JRE version: OpenJDK Runtime Environment Temurin-21.0.10+7 (21.0.10+7) (build 21.0.10+7-LTS)
# Java VM: OpenJDK 64-Bit Server VM Temurin-21.0.10+7 (21.0.10+7-LTS, mixed mode, sharing, tiered, compressed oops, compressed class ptrs, parallel gc, windows-amd64)
# No core dump will be written. Minidumps are not enabled by default on client versions of Windows
#

---------------  S U M M A R Y ------------

Command Line: --add-modules=ALL-SYSTEM --add-opens=java.base/java.util=ALL-UNNAMED --add-opens=java.base/java.lang=ALL-UNNAMED --add-opens=java.base/sun.nio.fs=ALL-UNNAMED -Declipse.application=org.eclipse.jdt.ls.core.id1 -Dosgi.bundles.defaultStartLevel=4 -Declipse.product=org.eclipse.jdt.ls.core.product -Djava.import.generatesMetadataFilesAtProjectRoot=false -DDetectVMInstallationsJob.disabled=true -Dfile.encoding=utf8 -XX:+UseParallelGC -XX:GCTimeRatio=4 -XX:AdaptiveSizePolicyWeight=90 -Dsun.zip.disableMemoryMapping=true -Xmx2G -Xms100m -Xlog:disable -javaagent:c:\Users\dinit\.antigravity\extensions\redhat.java-1.54.0-win32-x64\lombok\lombok-1.18.39-4050.jar -XX:+HeapDumpOnOutOfMemoryError -XX:HeapDumpPath=c:\Users\dinit\AppData\Roaming\Antigravity\User\workspaceStorage\8e78d476180185b11edb33d5530f174b\redhat.java -Daether.dependencyCollector.impl=bf c:\Users\dinit\.antigravity\extensions\redhat.java-1.54.0-win32-x64\server\plugins\org.eclipse.equinox.launcher_1.7.100.v20251111-0406.jar -configuration c:\Users\dinit\AppData\Roaming\Antigravity\User\globalStorage\redhat.java\1.54.0\config_win -data c:\Users\dinit\AppData\Roaming\Antigravity\User\workspaceStorage\8e78d476180185b11edb33d5530f174b\redhat.java\jdt_ws --pipe=\\.\pipe\lsp-f4176a46541c7c46918602efa673e324-sock

Host: 12th Gen Intel(R) Core(TM) i5-12450H, 12 cores, 15G,  Windows 11 , 64 bit Build 26100 (10.0.26100.8246)
Time: Tue Apr 28 09:40:50 2026 Sri Lanka Standard Time elapsed time: 4879.061195 seconds (0d 1h 21m 19s)

---------------  T H R E A D  ---------------

Current thread (0x0000027c773db640):  JavaThread "Attach Listener" daemon [_thread_in_vm, id=30592, stack(0x000000f75be00000,0x000000f75bf00000) (1024K)]

Stack: [0x000000f75be00000,0x000000f75bf00000]
Native frames: (J=compiled Java code, j=interpreted, Vv=VM code, C=native code)
V  [jvm.dll+0x6d7a39]
V  [jvm.dll+0x8b4b26]
V  [jvm.dll+0x8b70de]
V  [jvm.dll+0x8b77c3]
V  [jvm.dll+0x284346]
V  [jvm.dll+0xc1277]
V  [jvm.dll+0x6d82e9]
V  [jvm.dll+0x1334a6]
V  [jvm.dll+0x3f857e]
V  [jvm.dll+0x85f59d]
V  [jvm.dll+0x6d626d]
C  [ucrtbase.dll+0x37b0]
C  [KERNEL32.DLL+0x2e8d7]
C  [ntdll.dll+0x8c3fc]


---------------  P R O C E S S  ---------------

Threads class SMR info:
_java_thread_list=0x0000027c7733b8f0, length=39, elements={
0x0000027c77332cb0, 0x0000027c773d0760, 0x0000027c773d1680, 0x0000027c773d8850,
0x0000027c773db640, 0x0000027c773d8ee0, 0x0000027c773da290, 0x0000027c5013a540,
0x0000027c773ecfd0, 0x0000027c773dafb0, 0x0000027c773d81c0, 0x0000027c773d9c00,
0x0000027c773d9570, 0x0000027c773da920, 0x0000027c501dcf40, 0x0000027c501da7e0,
0x0000027c501da150, 0x0000027c501db500, 0x0000027c501de2f0, 0x0000027c501ddc60,
0x0000027c501df010, 0x0000027c501dc8b0, 0x0000027c501e03c0, 0x0000027c501e0a50,
0x0000027c501e1770, 0x0000027c501e10e0, 0x0000027c58af2c20, 0x0000027c58af4cf0,
0x0000027c58af3940, 0x0000027c58af32b0, 0x0000027c58af2590, 0x0000027c58af7450,
0x0000027c58af60a0, 0x0000027c58af6730, 0x0000027c58af6dc0, 0x0000027c58af3fd0,
0x0000027c58af7ae0, 0x0000027c573eac30, 0x0000027c58b07ae0
}

Java Threads: ( => current thread )
  0x0000027c77332cb0 JavaThread "main"                              [_thread_blocked, id=15484, stack(0x000000f75b700000,0x000000f75b800000) (1024K)]
  0x0000027c773d0760 JavaThread "Reference Handler"          daemon [_thread_blocked, id=27620, stack(0x000000f75bb00000,0x000000f75bc00000) (1024K)]
  0x0000027c773d1680 JavaThread "Finalizer"                  daemon [_thread_blocked, id=15892, stack(0x000000f75bc00000,0x000000f75bd00000) (1024K)]
  0x0000027c773d8850 JavaThread "Signal Dispatcher"          daemon [_thread_blocked, id=804, stack(0x000000f75bd00000,0x000000f75be00000) (1024K)]
=>0x0000027c773db640 JavaThread "Attach Listener"            daemon [_thread_in_vm, id=30592, stack(0x000000f75be00000,0x000000f75bf00000) (1024K)]
  0x0000027c773d8ee0 JavaThread "Service Thread"             daemon [_thread_blocked, id=3360, stack(0x000000f75bf00000,0x000000f75c000000) (1024K)]
  0x0000027c773da290 JavaThread "Monitor Deflation Thread"   daemon [_thread_blocked, id=8020, stack(0x000000f75c000000,0x000000f75c100000) (1024K)]
  0x0000027c5013a540 JavaThread "C2 CompilerThread0"         daemon [_thread_blocked, id=13108, stack(0x000000f75c100000,0x000000f75c200000) (1024K)]
  0x0000027c773ecfd0 JavaThread "C1 CompilerThread0"         daemon [_thread_blocked, id=4876, stack(0x000000f75c200000,0x000000f75c300000) (1024K)]
  0x0000027c773dafb0 JavaThread "Common-Cleaner"             daemon [_thread_blocked, id=19892, stack(0x000000f75c400000,0x000000f75c500000) (1024K)]
  0x0000027c773d81c0 JavaThread "Notification Thread"        daemon [_thread_blocked, id=33932, stack(0x000000f75c500000,0x000000f75c600000) (1024K)]
  0x0000027c773d9c00 JavaThread "Active Thread: Equinox Container: ae52607b-e883-4f92-9aa1-4ed0bbef0199"        [_thread_blocked, id=9400, stack(0x000000f75cd00000,0x000000f75ce00000) (1024K)]
  0x0000027c773d9570 JavaThread "Refresh Thread: Equinox Container: ae52607b-e883-4f92-9aa1-4ed0bbef0199" daemon [_thread_blocked, id=2936, stack(0x000000f75c300000,0x000000f75c400000) (1024K)]
  0x0000027c773da920 JavaThread "Framework Event Dispatcher: Equinox Container: ae52607b-e883-4f92-9aa1-4ed0bbef0199" daemon [_thread_blocked, id=19520, stack(0x000000f75ce00000,0x000000f75cf00000) (1024K)]
  0x0000027c501dcf40 JavaThread "Start Level: Equinox Container: ae52607b-e883-4f92-9aa1-4ed0bbef0199" daemon [_thread_blocked, id=21604, stack(0x000000f75cf00000,0x000000f75d000000) (1024K)]
  0x0000027c501da7e0 JavaThread "Bundle File Closer"         daemon [_thread_blocked, id=23792, stack(0x000000f75d300000,0x000000f75d400000) (1024K)]
  0x0000027c501da150 JavaThread "SCR Component Actor"        daemon [_thread_blocked, id=9588, stack(0x000000f75b400000,0x000000f75b500000) (1024K)]
  0x0000027c501db500 JavaThread "Worker-JM"                         [_thread_blocked, id=9788, stack(0x000000f75b500000,0x000000f75b600000) (1024K)]
  0x0000027c501de2f0 JavaThread "JNA Cleaner"                daemon [_thread_blocked, id=11200, stack(0x000000f75d000000,0x000000f75d100000) (1024K)]
  0x0000027c501ddc60 JavaThread "Worker-1"                          [_thread_blocked, id=31596, stack(0x000000f75d500000,0x000000f75d600000) (1024K)]
  0x0000027c501df010 JavaThread "Java indexing"              daemon [_thread_blocked, id=35440, stack(0x000000f75d900000,0x000000f75da00000) (1024K)]
  0x0000027c501dc8b0 JavaThread "Thread-1"                   daemon [_thread_in_native, id=14780, stack(0x000000f75de00000,0x000000f75df00000) (1024K)]
  0x0000027c501e03c0 JavaThread "Thread-2"                   daemon [_thread_in_native, id=20472, stack(0x000000f75df00000,0x000000f75e000000) (1024K)]
  0x0000027c501e0a50 JavaThread "Thread-3"                   daemon [_thread_in_native, id=16416, stack(0x000000f75e000000,0x000000f75e100000) (1024K)]
  0x0000027c501e1770 JavaThread "Thread-4"                   daemon [_thread_in_native, id=6184, stack(0x000000f75e100000,0x000000f75e200000) (1024K)]
  0x0000027c501e10e0 JavaThread "Thread-5"                   daemon [_thread_in_native, id=10856, stack(0x000000f75e200000,0x000000f75e300000) (1024K)]
  0x0000027c58af2c20 JavaThread "Thread-6"                   daemon [_thread_in_native, id=15104, stack(0x000000f75e300000,0x000000f75e400000) (1024K)]
  0x0000027c58af4cf0 JavaThread "Thread-7"                   daemon [_thread_in_native, id=23112, stack(0x000000f75e400000,0x000000f75e500000) (1024K)]
  0x0000027c58af3940 JavaThread "Thread-8"                   daemon [_thread_in_native, id=2900, stack(0x000000f75e500000,0x000000f75e600000) (1024K)]
  0x0000027c58af32b0 JavaThread "Thread-9"                   daemon [_thread_in_native, id=25656, stack(0x000000f75e600000,0x000000f75e700000) (1024K)]
  0x0000027c58af2590 JavaThread "Thread-10"                  daemon [_thread_in_native, id=10836, stack(0x000000f75e700000,0x000000f75e800000) (1024K)]
  0x0000027c58af7450 JavaThread "Thread-11"                  daemon [_thread_in_native, id=28984, stack(0x000000f75e800000,0x000000f75e900000) (1024K)]
  0x0000027c58af60a0 JavaThread "Thread-12"                  daemon [_thread_in_native, id=31160, stack(0x000000f75e900000,0x000000f75ea00000) (1024K)]
  0x0000027c58af6730 JavaThread "Thread-13"                  daemon [_thread_in_native, id=35344, stack(0x000000f75ea00000,0x000000f75eb00000) (1024K)]
  0x0000027c58af6dc0 JavaThread "pool-2-thread-1"                   [_thread_blocked, id=16688, stack(0x000000f75eb00000,0x000000f75ec00000) (1024K)]
  0x0000027c58af3fd0 JavaThread "WorkspaceEventsHandler"            [_thread_blocked, id=16400, stack(0x000000f75ed00000,0x000000f75ee00000) (1024K)]
  0x0000027c58af7ae0 JavaThread "pool-1-thread-1"                   [_thread_blocked, id=16052, stack(0x000000f75ee00000,0x000000f75ef00000) (1024K)]
  0x0000027c573eac30 JavaThread "Worker-5"                          [_thread_blocked, id=29304, stack(0x000000f75fb00000,0x000000f75fc00000) (1024K)]
  0x0000027c58b07ae0 JavaThread "Cleaner-0"                  daemon [_thread_blocked, id=30180, stack(0x000000f75d800000,0x000000f75d900000) (1024K)]
Total: 39

Other Threads:
  0x0000027c772c3530 VMThread "VM Thread"                           [id=28580, stack(0x000000f75ba00000,0x000000f75bb00000) (1024K)]
  0x0000027c771bca00 WatcherThread "VM Periodic Task Thread"        [id=20144, stack(0x000000f75b900000,0x000000f75ba00000) (1024K)]
  0x0000027c77351100 WorkerThread "GC Thread#0"                     [id=25528, stack(0x000000f75b800000,0x000000f75b900000) (1024K)]
  0x0000027c56022350 WorkerThread "GC Thread#1"                     [id=23436, stack(0x000000f75c700000,0x000000f75c800000) (1024K)]
  0x0000027c511e28a0 WorkerThread "GC Thread#2"                     [id=9220, stack(0x000000f75c800000,0x000000f75c900000) (1024K)]
  0x0000027c511e2c50 WorkerThread "GC Thread#3"                     [id=25596, stack(0x000000f75c900000,0x000000f75ca00000) (1024K)]
  0x0000027c51877900 WorkerThread "GC Thread#4"                     [id=18000, stack(0x000000f75ca00000,0x000000f75cb00000) (1024K)]
  0x0000027c516542c0 WorkerThread "GC Thread#5"                     [id=5796, stack(0x000000f75cb00000,0x000000f75cc00000) (1024K)]
  0x0000027c51654670 WorkerThread "GC Thread#6"                     [id=9640, stack(0x000000f75cc00000,0x000000f75cd00000) (1024K)]
  0x0000027c56254660 WorkerThread "GC Thread#7"                     [id=26432, stack(0x000000f75c600000,0x000000f75c700000) (1024K)]
  0x0000027c566deaf0 WorkerThread "GC Thread#8"                     [id=30588, stack(0x000000f75d100000,0x000000f75d200000) (1024K)]
  0x0000027c566deea0 WorkerThread "GC Thread#9"                     [id=12864, stack(0x000000f75d200000,0x000000f75d300000) (1024K)]
Total: 12

Threads with active compile tasks:
Total: 0

VM state: not at safepoint (normal execution)

VM Mutex/Monitor currently owned by a thread: None

Heap address: 0x0000000080000000, size: 2048 MB, Compressed Oops mode: 32-bit

CDS archive(s) mapped at: [0x0000027c0f000000-0x0000027c0fba0000-0x0000027c0fba0000), size 12189696, SharedBaseAddress: 0x0000027c0f000000, ArchiveRelocationMode: 1.
Compressed class space mapped at: 0x0000027c10000000-0x0000027c50000000, reserved size: 1073741824
Narrow klass base: 0x0000027c0f000000, Narrow klass shift: 0, Narrow klass range: 0x100000000

GC Precious Log:
 CardTable entry size: 512
 CPUs: 12 total, 12 available
 Memory: 16076M
 Large Page Support: Disabled
 NUMA Support: Disabled
 Compressed Oops: Enabled (32-bit)
 Alignments: Space 512K, Generation 512K, Heap 2M
 Heap Min Capacity: 100M
 Heap Initial Capacity: 100M
 Heap Max Capacity: 2G
 Pre-touch: Disabled
 Parallel Workers: 10

Heap:
 PSYoungGen      total 5632K, used 4492K [0x00000000d5580000, 0x00000000d5c00000, 0x0000000100000000)
  eden space 5120K, 78% used [0x00000000d5580000,0x00000000d596b2d8,0x00000000d5a80000)
  from space 512K, 93% used [0x00000000d5b80000,0x00000000d5bf8000,0x00000000d5c00000)
  to   space 512K, 0% used [0x00000000d5b00000,0x00000000d5b00000,0x00000000d5b80000)
 ParOldGen       total 334848K, used 334659K [0x0000000080000000, 0x0000000094700000, 0x00000000d5580000)
  object space 334848K, 99% used [0x0000000080000000,0x00000000946d0e28,0x0000000094700000)
 Metaspace       used 78653K, committed 80320K, reserved 1179648K
  class space    used 7942K, committed 8704K, reserved 1048576K

Card table byte_map: [0x0000027c76cd0000,0x0000027c770e0000] _byte_map_base: 0x0000027c768d0000

Marking Bits: (ParMarkBitMap*) 0x00007ffc2cc33450
 Begin Bits: [0x0000027c7a7e0000, 0x0000027c7c7e0000)
 End Bits:   [0x0000027c7c7e0000, 0x0000027c7e7e0000)

Polling page: 0x0000027c75130000

Metaspace:

Usage:
  Non-class:     69.05 MB used.
      Class:      7.76 MB used.
       Both:     76.81 MB used.

Virtual space:
  Non-class space:      128.00 MB reserved,      69.94 MB ( 55%) committed,  2 nodes.
      Class space:        1.00 GB reserved,       8.50 MB ( <1%) committed,  1 nodes.
             Both:        1.12 GB reserved,      78.44 MB (  7%) committed. 

Chunk freelists:
   Non-Class:  10.03 MB
       Class:  7.46 MB
        Both:  17.49 MB

MaxMetaspaceSize: unlimited
CompressedClassSpaceSize: 1.00 GB
Initial GC threshold: 21.00 MB
Current GC threshold: 118.25 MB
CDS: on
 - commit_granule_bytes: 65536.
 - commit_granule_words: 8192.
 - virtual_space_node_default_size: 8388608.
 - enlarge_chunks_in_place: 1.
 - use_allocation_guard: 0.


Internal statistics:

num_allocs_failed_limit: 9.
num_arena_births: 1498.
num_arena_deaths: 16.
num_vsnodes_births: 3.
num_vsnodes_deaths: 0.
num_space_committed: 1255.
num_space_uncommitted: 0.
num_chunks_returned_to_freelist: 26.
num_chunks_taken_from_freelist: 5231.
num_chunk_merges: 11.
num_chunk_splits: 3117.
num_chunks_enlarged: 1672.
num_inconsistent_stats: 0.

CodeHeap 'non-profiled nmethods': size=120000Kb used=18979Kb max_used=18979Kb free=101020Kb
 bounds [0x0000027c07ad0000, 0x0000027c08d60000, 0x0000027c0f000000]
CodeHeap 'profiled nmethods': size=120000Kb used=43101Kb max_used=43101Kb free=76898Kb
 bounds [0x0000027c00000000, 0x0000027c02a20000, 0x0000027c07530000]
CodeHeap 'non-nmethods': size=5760Kb used=1497Kb max_used=1569Kb free=4262Kb
 bounds [0x0000027c07530000, 0x0000027c077a0000, 0x0000027c07ad0000]
CodeCache: size=245760Kb, used=63577Kb, max_used=63649Kb, free=182180Kb
 total_blobs=17355, nmethods=16537, adapters=722, full_count=0
Compilation: enabled, stopped_count=0, restarted_count=0

Compilation events (20 events):
Event: 4644.916 Thread 0x0000027c773ecfd0 18209       3       org.eclipse.jdt.internal.compiler.lookup.LookupEnvironment$CompleteTypeBindingsSteps::isRequired (42 bytes)
Event: 4644.916 Thread 0x0000027c773ecfd0 nmethod 18209 0x0000027c02a16690 code [0x0000027c02a16840, 0x0000027c02a16a68]
Event: 4644.916 Thread 0x0000027c773ecfd0 18210       3       org.eclipse.jdt.internal.compiler.util.HashtableOfModule::<init> (6 bytes)
Event: 4644.917 Thread 0x0000027c773ecfd0 nmethod 18210 0x0000027c02a16b90 code [0x0000027c02a16d40, 0x0000027c02a16e80]
Event: 4644.917 Thread 0x0000027c773ecfd0 18211       3       org.eclipse.jdt.internal.compiler.lookup.ModuleBinding$UnNamedModule::<init> (6 bytes)
Event: 4644.917 Thread 0x0000027c773ecfd0 nmethod 18211 0x0000027c02a16f10 code [0x0000027c02a170c0, 0x0000027c02a171f8]
Event: 4644.917 Thread 0x0000027c773ecfd0 18212       1       org.eclipse.jdt.internal.compiler.classfmt.ClassFileReader::sourceFileName (5 bytes)
Event: 4644.917 Thread 0x0000027c773ecfd0 nmethod 18212 0x0000027c08d57410 code [0x0000027c08d575a0, 0x0000027c08d57670]
Event: 4644.919 Thread 0x0000027c56477670 18213       4       org.eclipse.jdt.internal.compiler.lookup.PlainPackageBinding::<init> (14 bytes)
Event: 4644.923 Thread 0x0000027c56477670 nmethod 18213 0x0000027c08d57710 code [0x0000027c08d578c0, 0x0000027c08d57ca0]
Event: 4644.923 Thread 0x0000027c5013a540 18214   !   4       org.eclipse.jdt.internal.core.NameLookup::getModuleDescriptionInfo (57 bytes)
Event: 4644.924 Thread 0x0000027c5013a540 nmethod 18214 0x0000027c08d57f90 code [0x0000027c08d58120, 0x0000027c08d58208]
Event: 4644.938 Thread 0x0000027c56477670 18215       4       java.lang.invoke.DirectMethodHandle$Holder::getInt (28 bytes)
Event: 4644.938 Thread 0x0000027c56475b30 18216       4       com.google.gson.stream.JsonWriter::push (47 bytes)
Event: 4644.938 Thread 0x0000027c56477670 nmethod 18215 0x0000027c08d58310 code [0x0000027c08d584a0, 0x0000027c08d58568]
Event: 4644.939 Thread 0x0000027c56475b30 nmethod 18216 0x0000027c08d58690 code [0x0000027c08d58820, 0x0000027c08d58918]
Event: 4671.573 Thread 0x0000027c773ecfd0 18217       1       com.sun.jna.internal.Cleaner::access$200 (5 bytes)
Event: 4671.574 Thread 0x0000027c773ecfd0 nmethod 18217 0x0000027c08d58a10 code [0x0000027c08d58ba0, 0x0000027c08d58c50]
Event: 4773.736 Thread 0x0000027c773ecfd0 18219       3       java.lang.ProcessHandleImpl::isAlive (44 bytes)
Event: 4774.621 Thread 0x0000027c773ecfd0 nmethod 18219 0x0000027c02a17290 code [0x0000027c02a17440, 0x0000027c02a176a0]

GC Heap History (20 events):
Event: 4644.811 GC heap before
{Heap before GC invocations=641 (full 4):
 PSYoungGen      total 5632K, used 4754K [0x00000000d5580000, 0x00000000d5c00000, 0x0000000100000000)
  eden space 5120K, 85% used [0x00000000d5580000,0x00000000d59c9498,0x00000000d5a80000)
  from space 512K, 71% used [0x00000000d5b80000,0x00000000d5bdb458,0x00000000d5c00000)
  to   space 512K, 0% used [0x00000000d5b00000,0x00000000d5b00000,0x00000000d5b80000)
 ParOldGen       total 332800K, used 332569K [0x0000000080000000, 0x0000000094500000, 0x00000000d5580000)
  object space 332800K, 99% used [0x0000000080000000,0x00000000944c6528,0x0000000094500000)
 Metaspace       used 78646K, committed 80320K, reserved 1179648K
  class space    used 7942K, committed 8704K, reserved 1048576K
}
Event: 4644.812 GC heap after
{Heap after GC invocations=641 (full 4):
 PSYoungGen      total 5632K, used 288K [0x00000000d5580000, 0x00000000d5c00000, 0x0000000100000000)
  eden space 5120K, 0% used [0x00000000d5580000,0x00000000d5580000,0x00000000d5a80000)
  from space 512K, 56% used [0x00000000d5b00000,0x00000000d5b48000,0x00000000d5b80000)
  to   space 512K, 0% used [0x00000000d5b80000,0x00000000d5b80000,0x00000000d5c00000)
 ParOldGen       total 332800K, used 332681K [0x0000000080000000, 0x0000000094500000, 0x00000000d5580000)
  object space 332800K, 99% used [0x0000000080000000,0x00000000944e2528,0x0000000094500000)
 Metaspace       used 78646K, committed 80320K, reserved 1179648K
  class space    used 7942K, committed 8704K, reserved 1048576K
}
Event: 4644.818 GC heap before
{Heap before GC invocations=642 (full 4):
 PSYoungGen      total 5632K, used 5408K [0x00000000d5580000, 0x00000000d5c00000, 0x0000000100000000)
  eden space 5120K, 100% used [0x00000000d5580000,0x00000000d5a80000,0x00000000d5a80000)
  from space 512K, 56% used [0x00000000d5b00000,0x00000000d5b48000,0x00000000d5b80000)
  to   space 512K, 0% used [0x00000000d5b80000,0x00000000d5b80000,0x00000000d5c00000)
 ParOldGen       total 332800K, used 332681K [0x0000000080000000, 0x0000000094500000, 0x00000000d5580000)
  object space 332800K, 99% used [0x0000000080000000,0x00000000944e2528,0x0000000094500000)
 Metaspace       used 78646K, committed 80320K, reserved 1179648K
  class space    used 7942K, committed 8704K, reserved 1048576K
}
Event: 4644.819 GC heap after
{Heap after GC invocations=642 (full 4):
 PSYoungGen      total 5632K, used 256K [0x00000000d5580000, 0x00000000d5c00000, 0x0000000100000000)
  eden space 5120K, 0% used [0x00000000d5580000,0x00000000d5580000,0x00000000d5a80000)
  from space 512K, 50% used [0x00000000d5b80000,0x00000000d5bc0000,0x00000000d5c00000)
  to   space 512K, 0% used [0x00000000d5b00000,0x00000000d5b00000,0x00000000d5b80000)
 ParOldGen       total 332800K, used 332729K [0x0000000080000000, 0x0000000094500000, 0x00000000d5580000)
  object space 332800K, 99% used [0x0000000080000000,0x00000000944ee528,0x0000000094500000)
 Metaspace       used 78646K, committed 80320K, reserved 1179648K
  class space    used 7942K, committed 8704K, reserved 1048576K
}
Event: 4644.829 GC heap before
{Heap before GC invocations=643 (full 4):
 PSYoungGen      total 5632K, used 5376K [0x00000000d5580000, 0x00000000d5c00000, 0x0000000100000000)
  eden space 5120K, 100% used [0x00000000d5580000,0x00000000d5a80000,0x00000000d5a80000)
  from space 512K, 50% used [0x00000000d5b80000,0x00000000d5bc0000,0x00000000d5c00000)
  to   space 512K, 0% used [0x00000000d5b00000,0x00000000d5b00000,0x00000000d5b80000)
 ParOldGen       total 332800K, used 332729K [0x0000000080000000, 0x0000000094500000, 0x00000000d5580000)
  object space 332800K, 99% used [0x0000000080000000,0x00000000944ee528,0x0000000094500000)
 Metaspace       used 78648K, committed 80320K, reserved 1179648K
  class space    used 7942K, committed 8704K, reserved 1048576K
}
Event: 4644.831 GC heap after
{Heap after GC invocations=643 (full 4):
 PSYoungGen      total 5632K, used 512K [0x00000000d5580000, 0x00000000d5c80000, 0x0000000100000000)
  eden space 5120K, 0% used [0x00000000d5580000,0x00000000d5580000,0x00000000d5a80000)
  from space 512K, 100% used [0x00000000d5b00000,0x00000000d5b80000,0x00000000d5b80000)
  to   space 1024K, 0% used [0x00000000d5b80000,0x00000000d5b80000,0x00000000d5c80000)
 ParOldGen       total 333312K, used 333005K [0x0000000080000000, 0x0000000094580000, 0x00000000d5580000)
  object space 333312K, 99% used [0x0000000080000000,0x0000000094533728,0x0000000094580000)
 Metaspace       used 78648K, committed 80320K, reserved 1179648K
  class space    used 7942K, committed 8704K, reserved 1048576K
}
Event: 4644.886 GC heap before
{Heap before GC invocations=644 (full 4):
 PSYoungGen      total 5632K, used 5632K [0x00000000d5580000, 0x00000000d5c80000, 0x0000000100000000)
  eden space 5120K, 100% used [0x00000000d5580000,0x00000000d5a80000,0x00000000d5a80000)
  from space 512K, 100% used [0x00000000d5b00000,0x00000000d5b80000,0x00000000d5b80000)
  to   space 1024K, 0% used [0x00000000d5b80000,0x00000000d5b80000,0x00000000d5c80000)
 ParOldGen       total 333312K, used 333005K [0x0000000080000000, 0x0000000094580000, 0x00000000d5580000)
  object space 333312K, 99% used [0x0000000080000000,0x0000000094533728,0x0000000094580000)
 Metaspace       used 78649K, committed 80320K, reserved 1179648K
  class space    used 7942K, committed 8704K, reserved 1048576K
}
Event: 4644.888 GC heap after
{Heap after GC invocations=644 (full 4):
 PSYoungGen      total 6144K, used 669K [0x00000000d5580000, 0x00000000d5c80000, 0x0000000100000000)
  eden space 5120K, 0% used [0x00000000d5580000,0x00000000d5580000,0x00000000d5a80000)
  from space 1024K, 65% used [0x00000000d5b80000,0x00000000d5c27798,0x00000000d5c80000)
  to   space 1024K, 0% used [0x00000000d5a80000,0x00000000d5a80000,0x00000000d5b80000)
 ParOldGen       total 333824K, used 333533K [0x0000000080000000, 0x0000000094600000, 0x00000000d5580000)
  object space 333824K, 99% used [0x0000000080000000,0x00000000945b7728,0x0000000094600000)
 Metaspace       used 78649K, committed 80320K, reserved 1179648K
  class space    used 7942K, committed 8704K, reserved 1048576K
}
Event: 4644.895 GC heap before
{Heap before GC invocations=645 (full 4):
 PSYoungGen      total 6144K, used 5789K [0x00000000d5580000, 0x00000000d5c80000, 0x0000000100000000)
  eden space 5120K, 100% used [0x00000000d5580000,0x00000000d5a80000,0x00000000d5a80000)
  from space 1024K, 65% used [0x00000000d5b80000,0x00000000d5c27798,0x00000000d5c80000)
  to   space 1024K, 0% used [0x00000000d5a80000,0x00000000d5a80000,0x00000000d5b80000)
 ParOldGen       total 333824K, used 333533K [0x0000000080000000, 0x0000000094600000, 0x00000000d5580000)
  object space 333824K, 99% used [0x0000000080000000,0x00000000945b7728,0x0000000094600000)
 Metaspace       used 78652K, committed 80320K, reserved 1179648K
  class space    used 7942K, committed 8704K, reserved 1048576K
}
Event: 4644.896 GC heap after
{Heap after GC invocations=645 (full 4):
 PSYoungGen      total 6144K, used 416K [0x00000000d5580000, 0x00000000d5c80000, 0x0000000100000000)
  eden space 5120K, 0% used [0x00000000d5580000,0x00000000d5580000,0x00000000d5a80000)
  from space 1024K, 40% used [0x00000000d5a80000,0x00000000d5ae8000,0x00000000d5b80000)
  to   space 1024K, 0% used [0x00000000d5b80000,0x00000000d5b80000,0x00000000d5c80000)
 ParOldGen       total 334336K, used 333954K [0x0000000080000000, 0x0000000094680000, 0x00000000d5580000)
  object space 334336K, 99% used [0x0000000080000000,0x0000000094620928,0x0000000094680000)
 Metaspace       used 78652K, committed 80320K, reserved 1179648K
  class space    used 7942K, committed 8704K, reserved 1048576K
}
Event: 4644.906 GC heap before
{Heap before GC invocations=646 (full 4):
 PSYoungGen      total 6144K, used 5536K [0x00000000d5580000, 0x00000000d5c80000, 0x0000000100000000)
  eden space 5120K, 100% used [0x00000000d5580000,0x00000000d5a80000,0x00000000d5a80000)
  from space 1024K, 40% used [0x00000000d5a80000,0x00000000d5ae8000,0x00000000d5b80000)
  to   space 1024K, 0% used [0x00000000d5b80000,0x00000000d5b80000,0x00000000d5c80000)
 ParOldGen       total 334336K, used 333954K [0x0000000080000000, 0x0000000094680000, 0x00000000d5580000)
  object space 334336K, 99% used [0x0000000080000000,0x0000000094620928,0x0000000094680000)
 Metaspace       used 78652K, committed 80320K, reserved 1179648K
  class space    used 7942K, committed 8704K, reserved 1048576K
}
Event: 4644.907 GC heap after
{Heap after GC invocations=646 (full 4):
 PSYoungGen      total 6144K, used 823K [0x00000000d5580000, 0x00000000d5c80000, 0x0000000100000000)
  eden space 5120K, 0% used [0x00000000d5580000,0x00000000d5580000,0x00000000d5a80000)
  from space 1024K, 80% used [0x00000000d5b80000,0x00000000d5c4de50,0x00000000d5c80000)
  to   space 1024K, 0% used [0x00000000d5a80000,0x00000000d5a80000,0x00000000d5b80000)
 ParOldGen       total 334336K, used 334218K [0x0000000080000000, 0x0000000094680000, 0x00000000d5580000)
  object space 334336K, 99% used [0x0000000080000000,0x0000000094662928,0x0000000094680000)
 Metaspace       used 78652K, committed 80320K, reserved 1179648K
  class space    used 7942K, committed 8704K, reserved 1048576K
}
Event: 4644.913 GC heap before
{Heap before GC invocations=647 (full 4):
 PSYoungGen      total 6144K, used 5943K [0x00000000d5580000, 0x00000000d5c80000, 0x0000000100000000)
  eden space 5120K, 100% used [0x00000000d5580000,0x00000000d5a80000,0x00000000d5a80000)
  from space 1024K, 80% used [0x00000000d5b80000,0x00000000d5c4de50,0x00000000d5c80000)
  to   space 1024K, 0% used [0x00000000d5a80000,0x00000000d5a80000,0x00000000d5b80000)
 ParOldGen       total 334336K, used 334218K [0x0000000080000000, 0x0000000094680000, 0x00000000d5580000)
  object space 334336K, 99% used [0x0000000080000000,0x0000000094662928,0x0000000094680000)
 Metaspace       used 78652K, committed 80320K, reserved 1179648K
  class space    used 7942K, committed 8704K, reserved 1048576K
}
Event: 4644.915 GC heap after
{Heap after GC invocations=647 (full 4):
 PSYoungGen      total 6144K, used 474K [0x00000000d5580000, 0x00000000d5c80000, 0x0000000100000000)
  eden space 5120K, 0% used [0x00000000d5580000,0x00000000d5580000,0x00000000d5a80000)
  from space 1024K, 46% used [0x00000000d5a80000,0x00000000d5af6900,0x00000000d5b80000)
  to   space 1024K, 0% used [0x00000000d5b80000,0x00000000d5b80000,0x00000000d5c80000)
 ParOldGen       total 334848K, used 334547K [0x0000000080000000, 0x0000000094700000, 0x00000000d5580000)
  object space 334848K, 99% used [0x0000000080000000,0x00000000946b4e28,0x0000000094700000)
 Metaspace       used 78652K, committed 80320K, reserved 1179648K
  class space    used 7942K, committed 8704K, reserved 1048576K
}
Event: 4644.921 GC heap before
{Heap before GC invocations=648 (full 4):
 PSYoungGen      total 6144K, used 5594K [0x00000000d5580000, 0x00000000d5c80000, 0x0000000100000000)
  eden space 5120K, 100% used [0x00000000d5580000,0x00000000d5a80000,0x00000000d5a80000)
  from space 1024K, 46% used [0x00000000d5a80000,0x00000000d5af6900,0x00000000d5b80000)
  to   space 1024K, 0% used [0x00000000d5b80000,0x00000000d5b80000,0x00000000d5c80000)
 ParOldGen       total 334848K, used 334547K [0x0000000080000000, 0x0000000094700000, 0x00000000d5580000)
  object space 334848K, 99% used [0x0000000080000000,0x00000000946b4e28,0x0000000094700000)
 Metaspace       used 78653K, committed 80320K, reserved 1179648K
  class space    used 7942K, committed 8704K, reserved 1048576K
}
Event: 4644.922 GC heap after
{Heap after GC invocations=648 (full 4):
 PSYoungGen      total 6144K, used 612K [0x00000000d5580000, 0x00000000d5c80000, 0x0000000100000000)
  eden space 5120K, 0% used [0x00000000d5580000,0x00000000d5580000,0x00000000d5a80000)
  from space 1024K, 59% used [0x00000000d5b80000,0x00000000d5c19210,0x00000000d5c80000)
  to   space 1024K, 0% used [0x00000000d5a80000,0x00000000d5a80000,0x00000000d5b80000)
 ParOldGen       total 334848K, used 334555K [0x0000000080000000, 0x0000000094700000, 0x00000000d5580000)
  object space 334848K, 99% used [0x0000000080000000,0x00000000946b6e28,0x0000000094700000)
 Metaspace       used 78653K, committed 80320K, reserved 1179648K
  class space    used 7942K, committed 8704K, reserved 1048576K
}
Event: 4644.927 GC heap before
{Heap before GC invocations=649 (full 4):
 PSYoungGen      total 6144K, used 5732K [0x00000000d5580000, 0x00000000d5c80000, 0x0000000100000000)
  eden space 5120K, 100% used [0x00000000d5580000,0x00000000d5a80000,0x00000000d5a80000)
  from space 1024K, 59% used [0x00000000d5b80000,0x00000000d5c19210,0x00000000d5c80000)
  to   space 1024K, 0% used [0x00000000d5a80000,0x00000000d5a80000,0x00000000d5b80000)
 ParOldGen       total 334848K, used 334555K [0x0000000080000000, 0x0000000094700000, 0x00000000d5580000)
  object space 334848K, 99% used [0x0000000080000000,0x00000000946b6e28,0x0000000094700000)
 Metaspace       used 78653K, committed 80320K, reserved 1179648K
  class space    used 7942K, committed 8704K, reserved 1048576K
}
Event: 4644.928 GC heap after
{Heap after GC invocations=649 (full 4):
 PSYoungGen      total 6144K, used 368K [0x00000000d5580000, 0x00000000d5c00000, 0x0000000100000000)
  eden space 5120K, 0% used [0x00000000d5580000,0x00000000d5580000,0x00000000d5a80000)
  from space 1024K, 35% used [0x00000000d5a80000,0x00000000d5adc010,0x00000000d5b80000)
  to   space 512K, 0% used [0x00000000d5b80000,0x00000000d5b80000,0x00000000d5c00000)
 ParOldGen       total 334848K, used 334603K [0x0000000080000000, 0x0000000094700000, 0x00000000d5580000)
  object space 334848K, 99% used [0x0000000080000000,0x00000000946c2e28,0x0000000094700000)
 Metaspace       used 78653K, committed 80320K, reserved 1179648K
  class space    used 7942K, committed 8704K, reserved 1048576K
}
Event: 4644.932 GC heap before
{Heap before GC invocations=650 (full 4):
 PSYoungGen      total 6144K, used 5488K [0x00000000d5580000, 0x00000000d5c00000, 0x0000000100000000)
  eden space 5120K, 100% used [0x00000000d5580000,0x00000000d5a80000,0x00000000d5a80000)
  from space 1024K, 35% used [0x00000000d5a80000,0x00000000d5adc010,0x00000000d5b80000)
  to   space 512K, 0% used [0x00000000d5b80000,0x00000000d5b80000,0x00000000d5c00000)
 ParOldGen       total 334848K, used 334603K [0x0000000080000000, 0x0000000094700000, 0x00000000d5580000)
  object space 334848K, 99% used [0x0000000080000000,0x00000000946c2e28,0x0000000094700000)
 Metaspace       used 78653K, committed 80320K, reserved 1179648K
  class space    used 7942K, committed 8704K, reserved 1048576K
}
Event: 4644.933 GC heap after
{Heap after GC invocations=650 (full 4):
 PSYoungGen      total 5632K, used 480K [0x00000000d5580000, 0x00000000d5c00000, 0x0000000100000000)
  eden space 5120K, 0% used [0x00000000d5580000,0x00000000d5580000,0x00000000d5a80000)
  from space 512K, 93% used [0x00000000d5b80000,0x00000000d5bf8000,0x00000000d5c00000)
  to   space 512K, 0% used [0x00000000d5b00000,0x00000000d5b00000,0x00000000d5b80000)
 ParOldGen       total 334848K, used 334659K [0x0000000080000000, 0x0000000094700000, 0x00000000d5580000)
  object space 334848K, 99% used [0x0000000080000000,0x00000000946d0e28,0x0000000094700000)
 Metaspace       used 78653K, committed 80320K, reserved 1179648K
  class space    used 7942K, committed 8704K, reserved 1048576K
}

Dll operation events (12 events):
Event: 0.015 Loaded shared library c:\Users\dinit\.antigravity\extensions\redhat.java-1.54.0-win32-x64\jre\21.0.10-win32-x86_64\bin\java.dll
Event: 0.069 Loaded shared library c:\Users\dinit\.antigravity\extensions\redhat.java-1.54.0-win32-x64\jre\21.0.10-win32-x86_64\bin\zip.dll
Event: 0.089 Loaded shared library C:\Users\dinit\.antigravity\extensions\redhat.java-1.54.0-win32-x64\jre\21.0.10-win32-x86_64\bin\instrument.dll
Event: 0.093 Loaded shared library C:\Users\dinit\.antigravity\extensions\redhat.java-1.54.0-win32-x64\jre\21.0.10-win32-x86_64\bin\net.dll
Event: 0.096 Loaded shared library C:\Users\dinit\.antigravity\extensions\redhat.java-1.54.0-win32-x64\jre\21.0.10-win32-x86_64\bin\nio.dll
Event: 0.098 Loaded shared library C:\Users\dinit\.antigravity\extensions\redhat.java-1.54.0-win32-x64\jre\21.0.10-win32-x86_64\bin\zip.dll
Event: 0.115 Loaded shared library C:\Users\dinit\.antigravity\extensions\redhat.java-1.54.0-win32-x64\jre\21.0.10-win32-x86_64\bin\jimage.dll
Event: 0.184 Loaded shared library c:\Users\dinit\.antigravity\extensions\redhat.java-1.54.0-win32-x64\jre\21.0.10-win32-x86_64\bin\verify.dll
Event: 7.863 Loaded shared library C:\Users\dinit\AppData\Roaming\Antigravity\User\globalStorage\redhat.java\1.54.0\config_win\org.eclipse.equinox.launcher\org.eclipse.equinox.launcher.win32.win32.x86_64_1.3.0.v20260203-2149\eclipse_11919.dll
Event: 36.825 Loaded shared library C:\Users\dinit\AppData\Local\Temp\jna-95589236\jna3563135313256656288.dll
Event: 49.083 Loaded shared library C:\Users\dinit\.antigravity\extensions\redhat.java-1.54.0-win32-x64\jre\21.0.10-win32-x86_64\bin\sunmscapi.dll
Event: 50.151 Loaded shared library C:\Users\dinit\.antigravity\extensions\redhat.java-1.54.0-win32-x64\jre\21.0.10-win32-x86_64\bin\extnet.dll

Deoptimization events (20 events):
Event: 4644.823 Thread 0x0000027c58af5380 Uncommon trap: trap_request=0xffffffc6 fr.pc=0x0000027c08ceb4f4 relative=0x0000000000000134
Event: 4644.823 Thread 0x0000027c58af5380 Uncommon trap: reason=bimorphic_or_optimized_type_check action=maybe_recompile pc=0x0000027c08ceb4f4 method=org.eclipse.jdt.internal.compiler.lookup.ParameterizedTypeBinding.erasure()Lorg/eclipse/jdt/internal/compiler/lookup/TypeBinding; @ 4 c2
Event: 4644.823 Thread 0x0000027c58af5380 DEOPT PACKING pc=0x0000027c08ceb4f4 sp=0x000000f75b6fe1d0
Event: 4644.823 Thread 0x0000027c58af5380 DEOPT UNPACKING pc=0x0000027c07583aa2 sp=0x000000f75b6fe0f8 mode 2
Event: 4644.882 Thread 0x0000027c58af5380 Uncommon trap: trap_request=0xffffff45 fr.pc=0x0000027c088d1f98 relative=0x00000000000018f8
Event: 4644.882 Thread 0x0000027c58af5380 Uncommon trap: reason=unstable_if action=reinterpret pc=0x0000027c088d1f98 method=org.eclipse.jdt.internal.core.NameLookup.findType(Ljava/lang/String;Ljava/lang/String;ZIZZZLorg/eclipse/core/runtime/IProgressMonitor;[Lorg/eclipse/jdt/core/IPackageFragment
Event: 4644.882 Thread 0x0000027c58af5380 DEOPT PACKING pc=0x0000027c088d1f98 sp=0x000000f75b6fe550
Event: 4644.882 Thread 0x0000027c58af5380 DEOPT UNPACKING pc=0x0000027c07583aa2 sp=0x000000f75b6fe510 mode 2
Event: 4644.895 Thread 0x0000027c58af5380 Uncommon trap: trap_request=0xffffffde fr.pc=0x0000027c08d04b98 relative=0x0000000000003718
Event: 4644.895 Thread 0x0000027c58af5380 Uncommon trap: reason=class_check action=maybe_recompile pc=0x0000027c08d04b98 method=org.eclipse.jdt.internal.compiler.lookup.Scope.getType([CLorg/eclipse/jdt/internal/compiler/lookup/PackageBinding;)Lorg/eclipse/jdt/internal/compiler/lookup/TypeBinding;
Event: 4644.895 Thread 0x0000027c58af5380 DEOPT PACKING pc=0x0000027c08d04b98 sp=0x000000f75b6fdf60
Event: 4644.895 Thread 0x0000027c58af5380 DEOPT UNPACKING pc=0x0000027c07583aa2 sp=0x000000f75b6fde28 mode 2
Event: 4644.905 Thread 0x0000027c58af5380 Uncommon trap: trap_request=0xffffffde fr.pc=0x0000027c08d04b98 relative=0x0000000000003718
Event: 4644.905 Thread 0x0000027c58af5380 Uncommon trap: reason=class_check action=maybe_recompile pc=0x0000027c08d04b98 method=org.eclipse.jdt.internal.compiler.lookup.Scope.getType([CLorg/eclipse/jdt/internal/compiler/lookup/PackageBinding;)Lorg/eclipse/jdt/internal/compiler/lookup/TypeBinding;
Event: 4644.905 Thread 0x0000027c58af5380 DEOPT PACKING pc=0x0000027c08d04b98 sp=0x000000f75b6fdec0
Event: 4644.905 Thread 0x0000027c58af5380 DEOPT UNPACKING pc=0x0000027c07583aa2 sp=0x000000f75b6fdd88 mode 2
Event: 4644.913 Thread 0x0000027c58af5380 Uncommon trap: trap_request=0xffffffde fr.pc=0x0000027c08d04b98 relative=0x0000000000003718
Event: 4644.913 Thread 0x0000027c58af5380 Uncommon trap: reason=class_check action=maybe_recompile pc=0x0000027c08d04b98 method=org.eclipse.jdt.internal.compiler.lookup.Scope.getType([CLorg/eclipse/jdt/internal/compiler/lookup/PackageBinding;)Lorg/eclipse/jdt/internal/compiler/lookup/TypeBinding;
Event: 4644.913 Thread 0x0000027c58af5380 DEOPT PACKING pc=0x0000027c08d04b98 sp=0x000000f75b6fdec0
Event: 4644.913 Thread 0x0000027c58af5380 DEOPT UNPACKING pc=0x0000027c07583aa2 sp=0x000000f75b6fdd88 mode 2

Classes loaded (20 events):
Event: 144.253 Loading class java/util/HashMap$EntrySpliterator
Event: 144.254 Loading class java/util/HashMap$EntrySpliterator done
Event: 157.062 Loading class java/lang/StringLatin1$LinesSpliterator
Event: 157.063 Loading class java/lang/StringLatin1$LinesSpliterator done
Event: 225.756 Loading class java/lang/UnsupportedClassVersionError
Event: 225.756 Loading class java/lang/UnsupportedClassVersionError done
Event: 228.004 Loading class jdk/internal/ref/CleanerImpl$InnocuousThreadFactory
Event: 228.006 Loading class jdk/internal/ref/CleanerImpl$InnocuousThreadFactory done
Event: 354.698 Loading class java/nio/file/Files$2
Event: 354.702 Loading class java/nio/file/Files$2 done
Event: 355.290 Loading class java/util/stream/DistinctOps
Event: 355.292 Loading class java/util/stream/DistinctOps done
Event: 355.292 Loading class java/util/stream/DistinctOps$1
Event: 355.293 Loading class java/util/stream/DistinctOps$1 done
Event: 355.306 Loading class java/util/stream/DistinctOps$1$2
Event: 355.306 Loading class java/util/stream/DistinctOps$1$2 done
Event: 447.578 Loading class java/util/concurrent/ConcurrentHashMap$TreeNode
Event: 447.579 Loading class java/util/concurrent/ConcurrentHashMap$TreeNode done
Event: 447.580 Loading class java/util/concurrent/ConcurrentHashMap$TreeBin
Event: 447.581 Loading class java/util/concurrent/ConcurrentHashMap$TreeBin done

Classes unloaded (8 events):
Event: 38.598 Thread 0x0000027c772c3530 Unloading class 0x0000027c101a4800 'java/lang/invoke/LambdaForm$MH+0x0000027c101a4800'
Event: 38.598 Thread 0x0000027c772c3530 Unloading class 0x0000027c101a4400 'java/lang/invoke/LambdaForm$MH+0x0000027c101a4400'
Event: 38.598 Thread 0x0000027c772c3530 Unloading class 0x0000027c101a4000 'java/lang/invoke/LambdaForm$MH+0x0000027c101a4000'
Event: 38.598 Thread 0x0000027c772c3530 Unloading class 0x0000027c101a3c00 'java/lang/invoke/LambdaForm$MH+0x0000027c101a3c00'
Event: 38.598 Thread 0x0000027c772c3530 Unloading class 0x0000027c101a3800 'java/lang/invoke/LambdaForm$BMH+0x0000027c101a3800'
Event: 38.598 Thread 0x0000027c772c3530 Unloading class 0x0000027c101a3400 'java/lang/invoke/LambdaForm$DMH+0x0000027c101a3400'
Event: 38.598 Thread 0x0000027c772c3530 Unloading class 0x0000027c101a2000 'java/lang/invoke/LambdaForm$DMH+0x0000027c101a2000'
Event: 170.175 Thread 0x0000027c772c3530 Unloading class 0x0000027c107a3000 'java/lang/invoke/LambdaForm$DMH+0x0000027c107a3000'

Classes redefined (0 events):
No events

Internal exceptions (20 events):
Event: 4644.154 Thread 0x0000027c58af5380 Exception <a 'sun/nio/fs/WindowsException'{0x00000000d55cac18}> (0x00000000d55cac18) 
thrown [s\src\hotspot\share\prims\jni.cpp, line 520]
Event: 4644.235 Thread 0x0000027c58af5380 Exception <a 'sun/nio/fs/WindowsException'{0x00000000d576a580}> (0x00000000d576a580) 
thrown [s\src\hotspot\share\prims\jni.cpp, line 520]
Event: 4644.235 Thread 0x0000027c58af5380 Exception <a 'sun/nio/fs/WindowsException'{0x00000000d576af48}> (0x00000000d576af48) 
thrown [s\src\hotspot\share\prims\jni.cpp, line 520]
Event: 4644.442 Thread 0x0000027c58af5380 Implicit null exception at 0x0000027c08ccb92b to 0x0000027c08ccf230
Event: 4644.639 Thread 0x0000027c58af5380 Exception <a 'sun/nio/fs/WindowsException'{0x00000000d5747968}> (0x00000000d5747968) 
thrown [s\src\hotspot\share\prims\jni.cpp, line 520]
Event: 4644.639 Thread 0x0000027c58af5380 Exception <a 'sun/nio/fs/WindowsException'{0x00000000d5748330}> (0x00000000d5748330) 
thrown [s\src\hotspot\share\prims\jni.cpp, line 520]
Event: 4644.681 Thread 0x0000027c58af5380 Exception <a 'sun/nio/fs/WindowsException'{0x00000000d56eab70}> (0x00000000d56eab70) 
thrown [s\src\hotspot\share\prims\jni.cpp, line 520]
Event: 4644.681 Thread 0x0000027c58af5380 Exception <a 'sun/nio/fs/WindowsException'{0x00000000d56eb538}> (0x00000000d56eb538) 
thrown [s\src\hotspot\share\prims\jni.cpp, line 520]
Event: 4644.696 Thread 0x0000027c58af5380 Exception <a 'sun/nio/fs/WindowsException'{0x00000000d56fe258}> (0x00000000d56fe258) 
thrown [s\src\hotspot\share\prims\jni.cpp, line 520]
Event: 4644.696 Thread 0x0000027c58af5380 Exception <a 'sun/nio/fs/WindowsException'{0x00000000d56fec20}> (0x00000000d56fec20) 
thrown [s\src\hotspot\share\prims\jni.cpp, line 520]
Event: 4644.734 Thread 0x0000027c58af5380 Exception <a 'sun/nio/fs/WindowsException'{0x00000000d5748f70}> (0x00000000d5748f70) 
thrown [s\src\hotspot\share\prims\jni.cpp, line 520]
Event: 4644.734 Thread 0x0000027c58af5380 Exception <a 'sun/nio/fs/WindowsException'{0x00000000d5749938}> (0x00000000d5749938) 
thrown [s\src\hotspot\share\prims\jni.cpp, line 520]
Event: 4644.753 Thread 0x0000027c58af5380 Exception <a 'sun/nio/fs/WindowsException'{0x00000000d57e33a8}> (0x00000000d57e33a8) 
thrown [s\src\hotspot\share\prims\jni.cpp, line 520]
Event: 4644.753 Thread 0x0000027c58af5380 Exception <a 'sun/nio/fs/WindowsException'{0x00000000d57e3d70}> (0x00000000d57e3d70) 
thrown [s\src\hotspot\share\prims\jni.cpp, line 520]
Event: 4644.768 Thread 0x0000027c58af5380 Exception <a 'sun/nio/fs/WindowsException'{0x00000000d589bb88}> (0x00000000d589bb88) 
thrown [s\src\hotspot\share\prims\jni.cpp, line 520]
Event: 4644.768 Thread 0x0000027c58af5380 Exception <a 'sun/nio/fs/WindowsException'{0x00000000d589c550}> (0x00000000d589c550) 
thrown [s\src\hotspot\share\prims\jni.cpp, line 520]
Event: 4644.835 Thread 0x0000027c58af5380 Exception <a 'sun/nio/fs/WindowsException'{0x00000000d583b638}> (0x00000000d583b638) 
thrown [s\src\hotspot\share\prims\jni.cpp, line 520]
Event: 4644.835 Thread 0x0000027c58af5380 Exception <a 'sun/nio/fs/WindowsException'{0x00000000d583c000}> (0x00000000d583c000) 
thrown [s\src\hotspot\share\prims\jni.cpp, line 520]
Event: 4644.937 Thread 0x0000027c58af5380 Exception <a 'sun/nio/fs/WindowsException'{0x00000000d58fdc88}> (0x00000000d58fdc88) 
thrown [s\src\hotspot\share\prims\jni.cpp, line 520]
Event: 4644.937 Thread 0x0000027c58af5380 Exception <a 'sun/nio/fs/WindowsException'{0x00000000d58fe650}> (0x00000000d58fe650) 
thrown [s\src\hotspot\share\prims\jni.cpp, line 520]

ZGC Phase Switch (0 events):
No events

VM Operations (20 events):
Event: 4644.921 Executing safepoint VM operation: ParallelGCFailedAllocation (Allocation Failure)
Event: 4644.922 Executing safepoint VM operation: ParallelGCFailedAllocation (Allocation Failure) done
Event: 4644.927 Executing safepoint VM operation: ParallelGCFailedAllocation (Allocation Failure)
Event: 4644.928 Executing safepoint VM operation: ParallelGCFailedAllocation (Allocation Failure) done
Event: 4644.932 Executing safepoint VM operation: ParallelGCFailedAllocation (Allocation Failure)
Event: 4644.933 Executing safepoint VM operation: ParallelGCFailedAllocation (Allocation Failure) done
Event: 4645.939 Executing safepoint VM operation: Cleanup
Event: 4645.939 Executing safepoint VM operation: Cleanup done
Event: 4666.662 Executing non-safepoint VM operation: HandshakeAllThreads (HandshakeForDeflation)
Event: 4666.662 Executing non-safepoint VM operation: HandshakeAllThreads (HandshakeForDeflation) done
Event: 4666.676 Executing non-safepoint VM operation: RendezvousGCThreads
Event: 4666.676 Executing non-safepoint VM operation: RendezvousGCThreads done
Event: 4727.159 Executing non-safepoint VM operation: HandshakeAllThreads (HandshakeForDeflation)
Event: 4727.161 Executing non-safepoint VM operation: HandshakeAllThreads (HandshakeForDeflation) done
Event: 4727.161 Executing non-safepoint VM operation: RendezvousGCThreads
Event: 4727.161 Executing non-safepoint VM operation: RendezvousGCThreads done
Event: 4787.136 Executing non-safepoint VM operation: HandshakeAllThreads (HandshakeForDeflation)
Event: 4787.139 Executing non-safepoint VM operation: HandshakeAllThreads (HandshakeForDeflation) done
Event: 4787.163 Executing non-safepoint VM operation: RendezvousGCThreads
Event: 4787.163 Executing non-safepoint VM operation: RendezvousGCThreads done

Memory protections (0 events):
No events

Nmethod flushes (20 events):
Event: 170.238 Thread 0x0000027c772c3530 flushing  nmethod 0x0000027c00f31090
Event: 170.238 Thread 0x0000027c772c3530 flushing  nmethod 0x0000027c00f31910
Event: 170.238 Thread 0x0000027c772c3530 flushing  nmethod 0x0000027c00f32510
Event: 170.238 Thread 0x0000027c772c3530 flushing  nmethod 0x0000027c00f34590
Event: 170.238 Thread 0x0000027c772c3530 flushing  nmethod 0x0000027c00f37b10
Event: 170.238 Thread 0x0000027c772c3530 flushing  nmethod 0x0000027c00f39a10
Event: 170.238 Thread 0x0000027c772c3530 flushing  nmethod 0x0000027c00f3a010
Event: 170.238 Thread 0x0000027c772c3530 flushing  nmethod 0x0000027c00f3ba90
Event: 170.238 Thread 0x0000027c772c3530 flushing  nmethod 0x0000027c00f3be90
Event: 170.238 Thread 0x0000027c772c3530 flushing  nmethod 0x0000027c00f3c290
Event: 170.238 Thread 0x0000027c772c3530 flushing  nmethod 0x0000027c00f3cc10
Event: 170.238 Thread 0x0000027c772c3530 flushing  nmethod 0x0000027c00f3d590
Event: 170.238 Thread 0x0000027c772c3530 flushing  nmethod 0x0000027c00f3ed10
Event: 170.238 Thread 0x0000027c772c3530 flushing  nmethod 0x0000027c00f40690
Event: 170.238 Thread 0x0000027c772c3530 flushing  nmethod 0x0000027c00f42010
Event: 170.238 Thread 0x0000027c772c3530 flushing  nmethod 0x0000027c00f44990
Event: 170.238 Thread 0x0000027c772c3530 flushing  nmethod 0x0000027c00f55210
Event: 170.238 Thread 0x0000027c772c3530 flushing  nmethod 0x0000027c00f65490
Event: 170.238 Thread 0x0000027c772c3530 flushing  nmethod 0x0000027c00f66790
Event: 170.238 Thread 0x0000027c772c3530 flushing  nmethod 0x0000027c00fcb510

Events (20 events):
Event: 4052.432 Thread 0x0000027c58af7ae0 Thread added: 0x0000027c58af5a10
Event: 4114.372 Thread 0x0000027c58af5a10 Thread exited: 0x0000027c58af5a10
Event: 4330.732 Thread 0x0000027c58af7ae0 Thread added: 0x0000027c58af5a10
Event: 4330.736 Thread 0x0000027c58af5a10 Thread added: 0x0000027c58af5380
Event: 4330.905 Thread 0x0000027c773ecfd0 Thread added: 0x0000027c56477670
Event: 4331.775 Thread 0x0000027c56477670 Thread exited: 0x0000027c56477670
Event: 4331.898 Thread 0x0000027c5013a540 Thread added: 0x0000027c56476fa0
Event: 4337.494 Thread 0x0000027c56476fa0 Thread exited: 0x0000027c56476fa0
Event: 4392.351 Thread 0x0000027c58af5a10 Thread exited: 0x0000027c58af5a10
Event: 4452.366 Thread 0x0000027c58af5380 Thread exited: 0x0000027c58af5380
Event: 4643.718 Thread 0x0000027c58af7ae0 Thread added: 0x0000027c58af5380
Event: 4643.969 Thread 0x0000027c773ecfd0 Thread added: 0x0000027c56475b30
Event: 4644.647 Thread 0x0000027c773ecfd0 Thread added: 0x0000027c56477670
Event: 4644.889 Thread 0x0000027c58af5380 Thread added: 0x0000027c58af5a10
Event: 4644.890 Thread 0x0000027c58af5a10 Thread exited: 0x0000027c58af5a10
Event: 4644.890 Thread 0x0000027c58af5380 Thread added: 0x0000027c58af5a10
Event: 4644.891 Thread 0x0000027c58af5a10 Thread exited: 0x0000027c58af5a10
Event: 4649.948 Thread 0x0000027c56477670 Thread exited: 0x0000027c56477670
Event: 4649.948 Thread 0x0000027c56475b30 Thread exited: 0x0000027c56475b30
Event: 4704.981 Thread 0x0000027c58af5380 Thread exited: 0x0000027c58af5380


Dynamic libraries:
0x00007ff664520000 - 0x00007ff66452e000 	c:\Users\dinit\.antigravity\extensions\redhat.java-1.54.0-win32-x64\jre\21.0.10-win32-x86_64\bin\java.exe
0x00007ffcc4680000 - 0x00007ffcc48e7000 	C:\WINDOWS\SYSTEM32\ntdll.dll
0x00007ffcc34e0000 - 0x00007ffcc35a9000 	C:\WINDOWS\System32\KERNEL32.DLL
0x00007ffcc2010000 - 0x00007ffcc2404000 	C:\WINDOWS\System32\KERNELBASE.dll
0x00007ffcc1ec0000 - 0x00007ffcc200b000 	C:\WINDOWS\System32\ucrtbase.dll
0x00007ffc2cdd0000 - 0x00007ffc2cde8000 	c:\Users\dinit\.antigravity\extensions\redhat.java-1.54.0-win32-x64\jre\21.0.10-win32-x86_64\bin\jli.dll
0x00007ffc2cdb0000 - 0x00007ffc2cdce000 	c:\Users\dinit\.antigravity\extensions\redhat.java-1.54.0-win32-x64\jre\21.0.10-win32-x86_64\bin\VCRUNTIME140.dll
0x00007ffcc2d80000 - 0x00007ffcc2f45000 	C:\WINDOWS\System32\USER32.dll
0x00007ffcc12c0000 - 0x00007ffcc12e7000 	C:\WINDOWS\System32\win32u.dll
0x00007ffcc3060000 - 0x00007ffcc308b000 	C:\WINDOWS\System32\GDI32.dll
0x00007ffca27b0000 - 0x00007ffca2a43000 	C:\WINDOWS\WinSxS\amd64_microsoft.windows.common-controls_6595b64144ccf1df_6.0.26100.8115_none_3e075c82e3354f9c\COMCTL32.dll
0x00007ffcc12f0000 - 0x00007ffcc141b000 	C:\WINDOWS\System32\gdi32full.dll
0x00007ffcc4080000 - 0x00007ffcc4129000 	C:\WINDOWS\System32\msvcrt.dll
0x00007ffcc1e10000 - 0x00007ffcc1eb3000 	C:\WINDOWS\System32\msvcp_win.dll
0x00007ffcc26c0000 - 0x00007ffcc26f2000 	C:\WINDOWS\System32\IMM32.DLL
0x00007ffc4c4a0000 - 0x00007ffc4c4ac000 	c:\Users\dinit\.antigravity\extensions\redhat.java-1.54.0-win32-x64\jre\21.0.10-win32-x86_64\bin\vcruntime140_1.dll
0x00007ffc2cd20000 - 0x00007ffc2cdad000 	c:\Users\dinit\.antigravity\extensions\redhat.java-1.54.0-win32-x64\jre\21.0.10-win32-x86_64\bin\msvcp140.dll
0x00007ffc2bf70000 - 0x00007ffc2cd11000 	c:\Users\dinit\.antigravity\extensions\redhat.java-1.54.0-win32-x64\jre\21.0.10-win32-x86_64\bin\server\jvm.dll
0x00007ffcc2410000 - 0x00007ffcc24c6000 	C:\WINDOWS\System32\ADVAPI32.dll
0x00007ffcc2b90000 - 0x00007ffcc2c37000 	C:\WINDOWS\System32\sechost.dll
0x00007ffcc4130000 - 0x00007ffcc4248000 	C:\WINDOWS\System32\RPCRT4.dll
0x00007ffcc2570000 - 0x00007ffcc25f0000 	C:\WINDOWS\System32\WS2_32.dll
0x00007ffcad0f0000 - 0x00007ffcad0fb000 	C:\WINDOWS\SYSTEM32\VERSION.dll
0x00007ffcc0db0000 - 0x00007ffcc0e0e000 	C:\WINDOWS\SYSTEM32\POWRPROF.dll
0x00007ffcbc010000 - 0x00007ffcbc046000 	C:\WINDOWS\SYSTEM32\WINMM.dll
0x00007ffcc0d90000 - 0x00007ffcc0da4000 	C:\WINDOWS\SYSTEM32\UMPDC.dll
0x00007ffcbfcc0000 - 0x00007ffcbfcdb000 	C:\WINDOWS\SYSTEM32\kernel.appcore.dll
0x00007ffc4c070000 - 0x00007ffc4c07a000 	c:\Users\dinit\.antigravity\extensions\redhat.java-1.54.0-win32-x64\jre\21.0.10-win32-x86_64\bin\jimage.dll
0x00007ffcbe8c0000 - 0x00007ffcbeb02000 	C:\WINDOWS\SYSTEM32\DBGHELP.DLL
0x00007ffcc3090000 - 0x00007ffcc3412000 	C:\WINDOWS\System32\combase.dll
0x00007ffcc2c40000 - 0x00007ffcc2d18000 	C:\WINDOWS\System32\OLEAUT32.dll
0x00007ffcacee0000 - 0x00007ffcacf1b000 	C:\WINDOWS\SYSTEM32\dbgcore.DLL
0x00007ffcc1210000 - 0x00007ffcc12b5000 	C:\WINDOWS\System32\bcryptPrimitives.dll
0x00007ffc4b7a0000 - 0x00007ffc4b7af000 	c:\Users\dinit\.antigravity\extensions\redhat.java-1.54.0-win32-x64\jre\21.0.10-win32-x86_64\bin\instrument.dll
0x00007ffc2bcf0000 - 0x00007ffc2bd10000 	c:\Users\dinit\.antigravity\extensions\redhat.java-1.54.0-win32-x64\jre\21.0.10-win32-x86_64\bin\java.dll
0x00007ffcc36c0000 - 0x00007ffcc3e27000 	C:\WINDOWS\System32\SHELL32.dll
0x00007ffcc1010000 - 0x00007ffcc117a000 	C:\WINDOWS\System32\wintypes.dll
0x00007ffcc1420000 - 0x00007ffcc1c88000 	C:\WINDOWS\System32\windows.storage.dll
0x00007ffcc2f60000 - 0x00007ffcc3058000 	C:\WINDOWS\System32\SHCORE.dll
0x00007ffcc4430000 - 0x00007ffcc4496000 	C:\WINDOWS\System32\shlwapi.dll
0x00007ffcc0e70000 - 0x00007ffcc0e99000 	C:\WINDOWS\SYSTEM32\profapi.dll
0x00007ffc2bcd0000 - 0x00007ffc2bce8000 	c:\Users\dinit\.antigravity\extensions\redhat.java-1.54.0-win32-x64\jre\21.0.10-win32-x86_64\bin\zip.dll
0x00007ffc48d30000 - 0x00007ffc48d40000 	C:\Users\dinit\.antigravity\extensions\redhat.java-1.54.0-win32-x64\jre\21.0.10-win32-x86_64\bin\net.dll
0x00007ffcb0e00000 - 0x00007ffcb0f2d000 	C:\WINDOWS\SYSTEM32\WINHTTP.dll
0x00007ffcc0250000 - 0x00007ffcc02bc000 	C:\WINDOWS\system32\mswsock.dll
0x00007ffc2bf50000 - 0x00007ffc2bf66000 	C:\Users\dinit\.antigravity\extensions\redhat.java-1.54.0-win32-x64\jre\21.0.10-win32-x86_64\bin\nio.dll
0x00007ffc483b0000 - 0x00007ffc483c0000 	c:\Users\dinit\.antigravity\extensions\redhat.java-1.54.0-win32-x64\jre\21.0.10-win32-x86_64\bin\verify.dll
0x00007ffc53f40000 - 0x00007ffc53f85000 	C:\Users\dinit\AppData\Roaming\Antigravity\User\globalStorage\redhat.java\1.54.0\config_win\org.eclipse.equinox.launcher\org.eclipse.equinox.launcher.win32.win32.x86_64_1.3.0.v20260203-2149\eclipse_11919.dll
0x00007ffcc44a0000 - 0x00007ffcc4637000 	C:\WINDOWS\System32\ole32.dll
0x00007ffcc0530000 - 0x00007ffcc054b000 	C:\WINDOWS\SYSTEM32\CRYPTSP.dll
0x00007ffcbfc20000 - 0x00007ffcbfc59000 	C:\WINDOWS\system32\rsaenh.dll
0x00007ffcc0300000 - 0x00007ffcc0333000 	C:\WINDOWS\SYSTEM32\USERENV.dll
0x00007ffcc0e40000 - 0x00007ffcc0e6a000 	C:\WINDOWS\SYSTEM32\bcrypt.dll
0x00007ffcc0550000 - 0x00007ffcc055c000 	C:\WINDOWS\SYSTEM32\CRYPTBASE.dll
0x00007ffcbf6e0000 - 0x00007ffcbf712000 	C:\WINDOWS\SYSTEM32\IPHLPAPI.DLL
0x00007ffcc35b0000 - 0x00007ffcc35ba000 	C:\WINDOWS\System32\NSI.dll
0x00007ffc2a900000 - 0x00007ffc2a949000 	C:\Users\dinit\AppData\Local\Temp\jna-95589236\jna3563135313256656288.dll
0x00007ffcc3e30000 - 0x00007ffcc3e38000 	C:\WINDOWS\System32\PSAPI.DLL
0x00007ffcb62d0000 - 0x00007ffcb62ed000 	C:\WINDOWS\SYSTEM32\dhcpcsvc6.DLL
0x00007ffcb62a0000 - 0x00007ffcb62c5000 	C:\WINDOWS\SYSTEM32\dhcpcsvc.DLL
0x00007ffca3e30000 - 0x00007ffca3e3e000 	C:\Users\dinit\.antigravity\extensions\redhat.java-1.54.0-win32-x64\jre\21.0.10-win32-x86_64\bin\sunmscapi.dll
0x00007ffcc1c90000 - 0x00007ffcc1e07000 	C:\WINDOWS\System32\CRYPT32.dll
0x00007ffcc0750000 - 0x00007ffcc0780000 	C:\WINDOWS\SYSTEM32\ncrypt.dll
0x00007ffcc0700000 - 0x00007ffcc073f000 	C:\WINDOWS\SYSTEM32\NTASN1.dll
0x00007ffcbf780000 - 0x00007ffcbf8b2000 	C:\WINDOWS\SYSTEM32\DNSAPI.dll
0x00007ffcafdb0000 - 0x00007ffcafdbb000 	C:\Windows\System32\rasadhlp.dll
0x00007ffcb6920000 - 0x00007ffcb69a6000 	C:\WINDOWS\System32\fwpuclnt.dll
0x00007ffca3e20000 - 0x00007ffca3e29000 	C:\Users\dinit\.antigravity\extensions\redhat.java-1.54.0-win32-x64\jre\21.0.10-win32-x86_64\bin\extnet.dll

JVMTI agents:
c:\Users\dinit\.antigravity\extensions\redhat.java-1.54.0-win32-x64\lombok\lombok-1.18.39-4050.jar path:c:\Users\dinit\.antigravity\extensions\redhat.java-1.54.0-win32-x64\jre\21.0.10-win32-x86_64\bin\instrument.dll, loaded, initialized, instrumentlib options:none

dbghelp: loaded successfully - version: 4.0.5 - missing functions: none
symbol engine: initialized successfully - sym options: 0x614 - pdb path: .;c:\Users\dinit\.antigravity\extensions\redhat.java-1.54.0-win32-x64\jre\21.0.10-win32-x86_64\bin;C:\WINDOWS\SYSTEM32;C:\WINDOWS\WinSxS\amd64_microsoft.windows.common-controls_6595b64144ccf1df_6.0.26100.8115_none_3e075c82e3354f9c;c:\Users\dinit\.antigravity\extensions\redhat.java-1.54.0-win32-x64\jre\21.0.10-win32-x86_64\bin\server;C:\Users\dinit\AppData\Roaming\Antigravity\User\globalStorage\redhat.java\1.54.0\config_win\org.eclipse.equinox.launcher\org.eclipse.equinox.launcher.win32.win32.x86_64_1.3.0.v20260203-2149;C:\Users\dinit\AppData\Local\Temp\jna-95589236

VM Arguments:
jvm_args: --add-modules=ALL-SYSTEM --add-opens=java.base/java.util=ALL-UNNAMED --add-opens=java.base/java.lang=ALL-UNNAMED --add-opens=java.base/sun.nio.fs=ALL-UNNAMED -Declipse.application=org.eclipse.jdt.ls.core.id1 -Dosgi.bundles.defaultStartLevel=4 -Declipse.product=org.eclipse.jdt.ls.core.product -Djava.import.generatesMetadataFilesAtProjectRoot=false -DDetectVMInstallationsJob.disabled=true -Dfile.encoding=utf8 -XX:+UseParallelGC -XX:GCTimeRatio=4 -XX:AdaptiveSizePolicyWeight=90 -Dsun.zip.disableMemoryMapping=true -Xmx2G -Xms100m -Xlog:disable -javaagent:c:\Users\dinit\.antigravity\extensions\redhat.java-1.54.0-win32-x64\lombok\lombok-1.18.39-4050.jar -XX:+HeapDumpOnOutOfMemoryError -XX:HeapDumpPath=c:\Users\dinit\AppData\Roaming\Antigravity\User\workspaceStorage\8e78d476180185b11edb33d5530f174b\redhat.java -Daether.dependencyCollector.impl=bf 
java_command: c:\Users\dinit\.antigravity\extensions\redhat.java-1.54.0-win32-x64\server\plugins\org.eclipse.equinox.launcher_1.7.100.v20251111-0406.jar -configuration c:\Users\dinit\AppData\Roaming\Antigravity\User\globalStorage\redhat.java\1.54.0\config_win -data c:\Users\dinit\AppData\Roaming\Antigravity\User\workspaceStorage\8e78d476180185b11edb33d5530f174b\redhat.java\jdt_ws --pipe=\\.\pipe\lsp-f4176a46541c7c46918602efa673e324-sock
java_class_path (initial): c:\Users\dinit\.antigravity\extensions\redhat.java-1.54.0-win32-x64\server\plugins\org.eclipse.equinox.launcher_1.7.100.v20251111-0406.jar
Launcher Type: SUN_STANDARD

[Global flags]
    uintx AdaptiveSizePolicyWeight                 = 90                                        {product} {command line}
     intx CICompilerCount                          = 4                                         {product} {ergonomic}
    uintx GCTimeRatio                              = 4                                         {product} {command line}
     bool HeapDumpOnOutOfMemoryError               = true                                   {manageable} {command line}
    ccstr HeapDumpPath                             = c:\Users\dinit\AppData\Roaming\Antigravity\User\workspaceStorage\8e78d476180185b11edb33d5530f174b\redhat.java         {manageable} {command line}
   size_t InitialHeapSize                          = 104857600                                 {product} {command line}
   size_t MaxHeapSize                              = 2147483648                                {product} {command line}
   size_t MaxNewSize                               = 715653120                                 {product} {ergonomic}
   size_t MinHeapDeltaBytes                        = 524288                                    {product} {ergonomic}
   size_t MinHeapSize                              = 104857600                                 {product} {command line}
   size_t NewSize                                  = 34603008                                  {product} {ergonomic}
    uintx NonNMethodCodeHeapSize                   = 5839372                                {pd product} {ergonomic}
    uintx NonProfiledCodeHeapSize                  = 122909434                              {pd product} {ergonomic}
   size_t OldSize                                  = 70254592                                  {product} {ergonomic}
    uintx ProfiledCodeHeapSize                     = 122909434                              {pd product} {ergonomic}
    uintx ReservedCodeCacheSize                    = 251658240                              {pd product} {ergonomic}
     bool SegmentedCodeCache                       = true                                      {product} {ergonomic}
   size_t SoftMaxHeapSize                          = 2147483648                             {manageable} {ergonomic}
     bool UseCompressedOops                        = true                           {product lp64_product} {ergonomic}
     bool UseLargePagesIndividualAllocation        = false                                  {pd product} {ergonomic}
     bool UseParallelGC                            = true                                      {product} {command line}

Logging:
Log output configuration:
 #0: stdout all=off uptime,level,tags foldmultilines=false
 #1: stderr all=off uptime,level,tags foldmultilines=false

Release file:
JAVA_VERSION="21.0.10" 
MODULES="java.base java.compiler java.datatransfer java.xml java.prefs java.desktop java.instrument java.logging java.management java.security.sasl java.naming java.rmi java.management.rmi java.net.http java.scripting java.security.jgss java.transaction.xa java.sql java.sql.rowset java.xml.crypto java.se java.smartcardio jdk.accessibility jdk.internal.jvmstat jdk.attach jdk.charsets jdk.internal.opt jdk.zipfs jdk.compiler jdk.crypto.ec jdk.crypto.cryptoki jdk.crypto.mscapi jdk.dynalink jdk.internal.ed jdk.editpad jdk.hotspot.agent jdk.httpserver jdk.internal.le jdk.internal.vm.ci jdk.internal.vm.compiler jdk.internal.vm.compiler.management jdk.jartool jdk.javadoc jdk.jcmd jdk.management jdk.management.agent jdk.jconsole jdk.jdeps jdk.jdwp.agent jdk.jdi jdk.jfr jdk.jshell jdk.jsobject jdk.jstatd jdk.localedata jdk.management.jfr jdk.naming.dns jdk.naming.rmi jdk.net jdk.nio.mapmode jdk.random jdk.sctp jdk.security.auth jdk.security.jgss jdk.unsupported jdk.unsupported.desktop jdk.xml.dom" 

Environment Variables:
JAVA_HOME=C:\Program Files\Eclipse Adoptium\jdk-21.0.10.7-hotspot
PATH=C:\Program Files\Eclipse Adoptium\jdk-21.0.10.7-hotspot\bin;C:\Program Files\Eclipse Adoptium\jdk-17.0.18.8-hotspot\bin;C:\Program Files\Eclipse Adoptium\jdk-25.0.2.10-hotspot\bin;C:\WINDOWS\system32;C:\WINDOWS;C:\WINDOWS\System32\Wbem;C:\WINDOWS\System32\WindowsPowerShell\v1.0\;C:\WINDOWS\System32\OpenSSH\;C:\Program Files\dotnet\;C:\Program Files (x86)\Windows Live\Shared;C:\Program Files\Git\cmd;C:\Program Files\nodejs\;C:\WINDOWS\system32\config\systemprofile\AppData\Local\Muse Hub\lib;%BALLERINA_HOME%\bin;C:\Program Files (x86)\Microsoft SQL Server\150\DTS\Binn\;C:\Program Files\Microsoft SQL Server\Client SDK\ODBC\170\Tools\Binn\;C:\Program Files (x86)\Microsoft SQL Server\150\Tools\Binn\;C:\Program Files\Microsoft SQL Server\150\Tools\Binn\;C:\Program Files\Microsoft SQL Server\150\DTS\Binn\;C:\Program Files\MySQL\MySQL Shell 8.0\bin\;C:\Users\dinit\AppData\Local\Programs\Python\Launcher\;C:\Users\dinit\AppData\Local\Programs\Python\Python312\Scripts\;C:\Users\dinit\AppData\Local\Programs\Python\Python312\;C:\Users\dinit\AppData\Local\Microsoft\WindowsApps;C:\Users\dinit\AppData\Local\Programs\Microsoft VS Code\bin;C:\Users\dinit\AppData\Local\Muse Hub\lib;C:\Users\dinit\AppData\Roaming\npm;C:\Users\dinit\AppData\Local\Programs\cursor\resources\app\bin;C:\Users\dinit\AppData\Local\Programs\Windsurf\bin;C:\Program Files\Azure Data Studio\bin;C:\Users\dinit\AppData\Local\Programs\Antigravity\bin;C:\Program Files\Azure Data Studio\bin
USERNAME=dinit
OS=Windows_NT
PROCESSOR_IDENTIFIER=Intel64 Family 6 Model 154 Stepping 3, GenuineIntel
TMP=C:\Users\dinit\AppData\Local\Temp
TEMP=C:\Users\dinit\AppData\Local\Temp




Periodic native trim disabled

---------------  S Y S T E M  ---------------

OS:
 Windows 11 , 64 bit Build 26100 (10.0.26100.8246)
OS uptime: 5 days 3:10 hours
Hyper-V role detected

CPU: total 12 (initial active 12) (6 cores per cpu, 2 threads per core) family 6 model 154 stepping 3 microcode 0x429, cx8, cmov, fxsr, ht, mmx, 3dnowpref, sse, sse2, sse3, ssse3, sse4.1, sse4.2, popcnt, lzcnt, tsc, tscinvbit, avx, avx2, aes, erms, clmul, bmi1, bmi2, adx, sha, fma, vzeroupper, clflush, clflushopt, clwb, hv, serialize, rdtscp, rdpid, fsrm, f16c, cet_ibt, cet_ss
Processor Information for processor 0
  Max Mhz: 2000, Current Mhz: 2000, Mhz Limit: 2000
Processor Information for processor 1
  Max Mhz: 2000, Current Mhz: 2000, Mhz Limit: 2000
Processor Information for processor 2
  Max Mhz: 2000, Current Mhz: 2000, Mhz Limit: 2000
Processor Information for processor 3
  Max Mhz: 2000, Current Mhz: 2000, Mhz Limit: 2000
Processor Information for processor 4
  Max Mhz: 2000, Current Mhz: 2000, Mhz Limit: 2000
Processor Information for processor 5
  Max Mhz: 2000, Current Mhz: 2000, Mhz Limit: 2000
Processor Information for processor 6
  Max Mhz: 2000, Current Mhz: 2000, Mhz Limit: 2000
Processor Information for processor 7
  Max Mhz: 2000, Current Mhz: 2000, Mhz Limit: 2000
Processor Information for processor 8
  Max Mhz: 2000, Current Mhz: 1500, Mhz Limit: 1500
Processor Information for processor 9
  Max Mhz: 2000, Current Mhz: 1500, Mhz Limit: 1500
Processor Information for processor 10
  Max Mhz: 2000, Current Mhz: 1500, Mhz Limit: 1500
Processor Information for processor 11
  Max Mhz: 2000, Current Mhz: 1500, Mhz Limit: 1500

Memory: 4k page, system-wide physical 16076M (895M free)
TotalPageFile size 65228M (AvailPageFile size 0M)
current process WorkingSet (physical memory assigned to process): 8M, peak: 530M
current process commit charge ("private bytes"): 699M, peak: 700M

vm_info: OpenJDK 64-Bit Server VM (21.0.10+7-LTS) for windows-amd64 JRE (21.0.10+7-LTS), built on 2026-01-20T00:00:00Z by "admin" with MS VC++ 17.12 (VS2022)

END.
