[INFO] Scanning for projects...
[INFO] 
[INFO] ---------------------< com.fixzone:fixzon-backend >---------------------
[INFO] Building fixzon-backend 0.0.1-SNAPSHOT
[INFO]   from pom.xml
[INFO] --------------------------------[ jar ]---------------------------------
[INFO] 
[INFO] --- resources:3.3.1:resources (default-resources) @ fixzon-backend ---
[INFO] Copying 3 resources from src\main\resources to target\classes
[INFO] Copying 0 resource from src\main\resources to target\classes
[INFO] 
[INFO] --- compiler:3.13.0:compile (default-compile) @ fixzon-backend ---
[INFO] Nothing to compile - all classes are up to date.
[INFO] 
[INFO] --- resources:3.3.1:testResources (default-testResources) @ fixzon-backend ---
[INFO] skip non existing resourceDirectory C:\Users\ASUS\Desktop\New folder\FixZone_Backend\src\test\resources
[INFO] 
[INFO] --- compiler:3.13.0:testCompile (default-testCompile) @ fixzon-backend ---
[INFO] Nothing to compile - all classes are up to date.
[INFO] 
[INFO] --- surefire:3.5.2:test (default-test) @ fixzon-backend ---
[INFO] Using auto detected provider org.apache.maven.surefire.junitplatform.JUnitPlatformProvider
[INFO] 
[INFO] -------------------------------------------------------
[INFO]  T E S T S
[INFO] -------------------------------------------------------
[INFO] Running com.fixzone.fixzon_backend.FixzonBackendApplicationTests
22:01:54.474 [main] INFO org.springframework.test.context.support.AnnotationConfigContextLoaderUtils -- Could not detect default configuration classes for test class [com.fixzone.fixzon_backend.FixzonBackendApplicationTests]: FixzonBackendApplicationTests does not declare any static, non-private, non-final, nested classes annotated with @Configuration.
22:01:54.575 [main] INFO org.springframework.boot.test.context.SpringBootTestContextBootstrapper -- Found @SpringBootConfiguration com.fixzone.fixzon_backend.FixzonBackendApplication for test class com.fixzone.fixzon_backend.FixzonBackendApplicationTests

  .   ____          _            __ _ _
 /\\ / ___'_ __ _ _(_)_ __  __ _ \ \ \ \
( ( )\___ | '_ | '_| | '_ \/ _` | \ \ \ \
 \\/  ___)| |_)| | | | | || (_| |  ) ) ) )
  '  |____| .__|_| |_|_| |_\__, | / / / /
 =========|_|==============|___/=/_/_/_/

 :: Spring Boot ::                (v3.4.3)

2026-03-16T22:01:55.053+05:30  INFO 18616 --- [fixzon-backend] [           main] c.f.f.FixzonBackendApplicationTests      : Starting FixzonBackendApplicationTests using Java 21.0.8 with PID 18616 (started by ASUS in C:\Users\ASUS\Desktop\New folder\FixZone_Backend)
2026-03-16T22:01:55.053+05:30  INFO 18616 --- [fixzon-backend] [           main] c.f.f.FixzonBackendApplicationTests      : No active profile set, falling back to 1 default profile: "default"
2026-03-16T22:01:56.139+05:30  INFO 18616 --- [fixzon-backend] [           main] .s.d.r.c.RepositoryConfigurationDelegate : Bootstrapping Spring Data JPA repositories in DEFAULT mode.
2026-03-16T22:01:56.237+05:30  INFO 18616 --- [fixzon-backend] [           main] .s.d.r.c.RepositoryConfigurationDelegate : Finished Spring Data repository scanning in 72 ms. Found 11 JPA repository interfaces.
2026-03-16T22:01:57.197+05:30  INFO 18616 --- [fixzon-backend] [           main] o.hibernate.jpa.internal.util.LogHelper  : HHH000204: Processing PersistenceUnitInfo [name: default]
2026-03-16T22:01:57.302+05:30  INFO 18616 --- [fixzon-backend] [           main] org.hibernate.Version                    : HHH000412: Hibernate ORM core version 6.6.8.Final
2026-03-16T22:01:57.382+05:30  INFO 18616 --- [fixzon-backend] [           main] o.h.c.internal.RegionFactoryInitiator    : HHH000026: Second-level cache disabled
2026-03-16T22:01:57.822+05:30  INFO 18616 --- [fixzon-backend] [           main] o.s.o.j.p.SpringPersistenceUnitInfo      : No LoadTimeWeaver setup: ignoring JPA class transformer
2026-03-16T22:01:57.853+05:30  INFO 18616 --- [fixzon-backend] [           main] com.zaxxer.hikari.HikariDataSource       : HikariPool-1 - Starting...
2026-03-16T22:01:59.289+05:30  INFO 18616 --- [fixzon-backend] [           main] com.zaxxer.hikari.pool.HikariPool        : HikariPool-1 - Added connection org.postgresql.jdbc.PgConnection@17befef0
2026-03-16T22:01:59.289+05:30  INFO 18616 --- [fixzon-backend] [           main] com.zaxxer.hikari.HikariDataSource       : HikariPool-1 - Start completed.
2026-03-16T22:01:59.403+05:30  WARN 18616 --- [fixzon-backend] [           main] org.hibernate.orm.deprecation            : HHH90000025: PostgreSQLDialect does not need to be specified explicitly using 'hibernate.dialect' (remove the property setting and it will be selected by default)
2026-03-16T22:01:59.613+05:30  INFO 18616 --- [fixzon-backend] [           main] org.hibernate.orm.connections.pooling    : HHH10001005: Database info:
	Database JDBC URL [Connecting through datasource 'HikariDataSource (HikariPool-1)']
	Database driver: undefined/unknown
	Database version: 17.8
	Autocommit mode: undefined/unknown
	Isolation level: undefined/unknown
	Minimum pool size: undefined/unknown
	Maximum pool size: undefined/unknown
2026-03-16T22:01:59.779+05:30 ERROR 18616 --- [fixzon-backend] [           main] j.LocalContainerEntityManagerFactoryBean : Failed to initialize JPA EntityManagerFactory: Entity classes [com.fixzone.fixzon_backend.entity.User] and [com.fixzone.fixzon_backend.model.User] share the entity name 'User' (entity names must be distinct)
2026-03-16T22:01:59.779+05:30  WARN 18616 --- [fixzon-backend] [           main] o.s.w.c.s.GenericWebApplicationContext   : Exception encountered during context initialization - cancelling refresh attempt: org.springframework.beans.factory.BeanCreationException: Error creating bean with name 'entityManagerFactory' defined in class path resource [org/springframework/boot/autoconfigure/orm/jpa/HibernateJpaConfiguration.class]: Entity classes [com.fixzone.fixzon_backend.entity.User] and [com.fixzone.fixzon_backend.model.User] share the entity name 'User' (entity names must be distinct)
2026-03-16T22:01:59.779+05:30  INFO 18616 --- [fixzon-backend] [           main] com.zaxxer.hikari.HikariDataSource       : HikariPool-1 - Shutdown initiated...
2026-03-16T22:02:00.947+05:30  INFO 18616 --- [fixzon-backend] [           main] com.zaxxer.hikari.HikariDataSource       : HikariPool-1 - Shutdown completed.
mvn : 
At line:1 char:1
+ mvn test > test_output.txt 
2>&1
+ ~~~~~~~~~~~~~~~~~~~~~~~~~~~
~~~~
    + CategoryInfo           
   : NotSpecified: (:String  
  ) [], RemoteException
    + FullyQualifiedErrorId  
   : NativeCommandError
 


============================
CONDITIONS EVALUATION REPORT
============================


Positive matches:
-----------------

   AopAutoConfiguration 
matched:
      - 
@ConditionalOnProperty 
(spring.aop.auto=true) 
matched (OnPropertyCondition)

   AopAutoConfiguration.Aspec
tJAutoProxyingConfiguration 
matched:
      - @ConditionalOnClass 
found required class 
'org.aspectj.weaver.Advice' 
(OnClassCondition)

   AopAutoConfiguration.Aspec
tJAutoProxyingConfiguration.C
glibAutoProxyConfiguration 
matched:
      - 
@ConditionalOnProperty (sprin
g.aop.proxy-target-class=true
) matched 
(OnPropertyCondition)

   ApplicationAvailabilityAut
oConfiguration#applicationAva
ilability matched:
      - 
@ConditionalOnMissingBean 
(types: org.springframework.b
oot.availability.ApplicationA
vailability; SearchStrategy: 
all) did not find any beans 
(OnBeanCondition)

   
DataSourceAutoConfiguration 
matched:
      - @ConditionalOnClass 
found required classes 
'javax.sql.DataSource', 'org.
springframework.jdbc.datasour
ce.embedded.EmbeddedDatabaseT
ype' (OnClassCondition)
      - 
@ConditionalOnMissingBean 
(types: io.r2dbc.spi.Connecti
onFactory; SearchStrategy: 
all) did not find any beans 
(OnBeanCondition)

   DataSourceAutoConfiguratio
n.PooledDataSourceConfigurati
on matched:
      - AnyNestedCondition 1 
matched 1 did not; 
NestedCondition on DataSource
AutoConfiguration.PooledDataS
ourceCondition.PooledDataSour
ceAvailable PooledDataSource 
found supported DataSource; 
NestedCondition on DataSource
AutoConfiguration.PooledDataS
ourceCondition.ExplicitType 
@ConditionalOnProperty 
(spring.datasource.type) did 
not find property 'type' (Dat
aSourceAutoConfiguration.Pool
edDataSourceCondition)
      - 
@ConditionalOnMissingBean 
(types: javax.sql.DataSource,
javax.sql.XADataSource; 
SearchStrategy: all) did not 
find any beans 
(OnBeanCondition)

   DataSourceAutoConfiguratio
n.PooledDataSourceConfigurati
on#jdbcConnectionDetails 
matched:
      - 
@ConditionalOnMissingBean 
(types: org.springframework.b
oot.autoconfigure.jdbc.JdbcCo
nnectionDetails; 
SearchStrategy: all) did not 
find any beans 
(OnBeanCondition)

   DataSourceConfiguration.Hi
kari matched:
      - @ConditionalOnClass 
found required class 'com.zax
xer.hikari.HikariDataSource' 
(OnClassCondition)
      - 
@ConditionalOnProperty (sprin
g.datasource.type=com.zaxxer.
hikari.HikariDataSource) 
matched (OnPropertyCondition)
      - 
@ConditionalOnMissingBean 
(types: 
javax.sql.DataSource; 
SearchStrategy: all) did not 
find any beans 
(OnBeanCondition)

   DataSourceInitializationCo
nfiguration matched:
      - @ConditionalOnClass 
found required class 'org.spr
ingframework.jdbc.datasource.
init.DatabasePopulator' 
(OnClassCondition)
      - @ConditionalOnSingleC
andidate (types: 
javax.sql.DataSource; 
SearchStrategy: all) found a 
single bean 'dataSource'; 
@ConditionalOnMissingBean 
(types: org.springframework.b
oot.autoconfigure.sql.init.Sq
lDataSourceScriptDatabaseInit
ializer,org.springframework.b
oot.autoconfigure.sql.init.Sq
lR2dbcScriptDatabaseInitializ
er; SearchStrategy: all) did 
not find any beans 
(OnBeanCondition)

   DataSourcePoolMetadataProv
idersConfiguration.HikariPool
DataSourceMetadataProviderCon
figuration matched:
      - @ConditionalOnClass 
found required class 'com.zax
xer.hikari.HikariDataSource' 
(OnClassCondition)

   DataSourceTransactionManag
erAutoConfiguration matched:
      - @ConditionalOnClass 
found required classes 
'javax.sql.DataSource', 'org.
springframework.jdbc.core.Jdb
cTemplate', 'org.springframew
ork.transaction.TransactionMa
nager' (OnClassCondition)

   DataSourceTransactionManag
erAutoConfiguration.JdbcTrans
actionManagerConfiguration 
matched:
      - @ConditionalOnSingleC
andidate (types: 
javax.sql.DataSource; 
SearchStrategy: all) found a 
single bean 'dataSource' 
(OnBeanCondition)

   DispatcherServletAutoConfi
guration matched:
      - @ConditionalOnClass 
found required class 'org.spr
ingframework.web.servlet.Disp
atcherServlet' 
(OnClassCondition)
      - found 'session' 
scope 
(OnWebApplicationCondition)

   DispatcherServletAutoConfi
guration.DispatcherServletCon
figuration matched:
      - @ConditionalOnClass 
found required class 'jakarta
.servlet.ServletRegistration'
 (OnClassCondition)
      - Default 
DispatcherServlet did not 
find dispatcher servlet 
beans (DispatcherServletAutoC
onfiguration.DefaultDispatche
rServletCondition)

   DispatcherServletAutoConfi
guration.DispatcherServletReg
istrationConfiguration 
matched:
      - @ConditionalOnClass 
found required class 'jakarta
.servlet.ServletRegistration'
 (OnClassCondition)
      - DispatcherServlet 
Registration did not find 
servlet registration bean (Di
spatcherServletAutoConfigurat
ion.DispatcherServletRegistra
tionCondition)

   DispatcherServletAutoConfi
guration.DispatcherServletReg
istrationConfiguration#dispat
cherServletRegistration 
matched:
      - @ConditionalOnBean 
(names: dispatcherServlet 
types: org.springframework.we
b.servlet.DispatcherServlet; 
SearchStrategy: all) found 
bean 'dispatcherServlet' 
(OnBeanCondition)

   ErrorMvcAutoConfiguration 
matched:
      - @ConditionalOnClass 
found required classes 
'jakarta.servlet.Servlet', 'o
rg.springframework.web.servle
t.DispatcherServlet' 
(OnClassCondition)
      - found 'session' 
scope 
(OnWebApplicationCondition)

   ErrorMvcAutoConfiguration#
basicErrorController matched:
      - 
@ConditionalOnMissingBean 
(types: org.springframework.b
oot.web.servlet.error.ErrorCo
ntroller; SearchStrategy: 
current) did not find any 
beans (OnBeanCondition)

   ErrorMvcAutoConfiguration#
errorAttributes matched:
      - 
@ConditionalOnMissingBean 
(types: org.springframework.b
oot.web.servlet.error.ErrorAt
tributes; SearchStrategy: 
current) did not find any 
beans (OnBeanCondition)

   ErrorMvcAutoConfiguration.
DefaultErrorViewResolverConfi
guration#conventionErrorViewR
esolver matched:
      - @ConditionalOnBean 
(types: org.springframework.w
eb.servlet.DispatcherServlet;
 SearchStrategy: all) found 
bean 'dispatcherServlet'; 
@ConditionalOnMissingBean 
(types: org.springframework.b
oot.autoconfigure.web.servlet
.error.ErrorViewResolver; 
SearchStrategy: all) did not 
find any beans 
(OnBeanCondition)

   ErrorMvcAutoConfiguration.
WhitelabelErrorViewConfigurat
ion matched:
      - 
@ConditionalOnProperty (serve
r.error.whitelabel.enabled) 
matched (OnPropertyCondition)
      - ErrorTemplate 
Missing did not find error 
template view (ErrorMvcAutoCo
nfiguration.ErrorTemplateMiss
ingCondition)

   ErrorMvcAutoConfiguration.
WhitelabelErrorViewConfigurat
ion#beanNameViewResolver 
matched:
      - 
@ConditionalOnMissingBean 
(types: org.springframework.w
eb.servlet.view.BeanNameViewR
esolver; SearchStrategy: 
all) did not find any beans 
(OnBeanCondition)

   ErrorMvcAutoConfiguration.
WhitelabelErrorViewConfigurat
ion#defaultErrorView matched:
      - 
@ConditionalOnMissingBean 
(names: error; 
SearchStrategy: all) did not 
find any beans 
(OnBeanCondition)

   GenericCacheConfiguration 
matched:
      - Cache org.springframe
work.boot.autoconfigure.cache
.GenericCacheConfiguration 
automatic cache type 
(CacheCondition)

   HibernateJpaAutoConfigurat
ion matched:
      - @ConditionalOnClass 
found required classes 'org.s
pringframework.orm.jpa.LocalC
ontainerEntityManagerFactoryB
ean', 'jakarta.persistence.En
tityManager', 'org.hibernate.
engine.spi.SessionImplementor
' (OnClassCondition)

   HibernateJpaConfiguration 
matched:
      - @ConditionalOnSingleC
andidate (types: 
javax.sql.DataSource; 
SearchStrategy: all) found a 
single bean 'dataSource' 
(OnBeanCondition)

   
HttpClientAutoConfiguration 
matched:
      - @ConditionalOnClass 
found required class 'org.spr
ingframework.http.client.Clie
ntHttpRequestFactory' 
(OnClassCondition)
      - NoneNestedConditions 
0 matched 1 did not; 
NestedCondition on NotReactiv
eWebApplicationCondition.Reac
tiveWebApplication did not 
find reactive web 
application classes (NotReact
iveWebApplicationCondition)

   HttpClientAutoConfiguratio
n#clientHttpRequestFactoryBui
lder matched:
      - 
@ConditionalOnMissingBean 
(types: org.springframework.b
oot.http.client.ClientHttpReq
uestFactoryBuilder; 
SearchStrategy: all) did not 
find any beans 
(OnBeanCondition)

   HttpClientAutoConfiguratio
n#clientHttpRequestFactorySet
tings matched:
      - 
@ConditionalOnMissingBean 
(types: org.springframework.b
oot.http.client.ClientHttpReq
uestFactorySettings; 
SearchStrategy: all) did not 
find any beans 
(OnBeanCondition)

   HttpEncodingAutoConfigurat
ion matched:
      - @ConditionalOnClass 
found required class 'org.spr
ingframework.web.filter.Chara
cterEncodingFilter' 
(OnClassCondition)
      - found 'session' 
scope 
(OnWebApplicationCondition)
      - 
@ConditionalOnProperty (serve
r.servlet.encoding.enabled) 
matched (OnPropertyCondition)

   HttpEncodingAutoConfigurat
ion#characterEncodingFilter 
matched:
      - 
@ConditionalOnMissingBean 
(types: org.springframework.w
eb.filter.CharacterEncodingFi
lter; SearchStrategy: all) 
did not find any beans 
(OnBeanCondition)

   HttpMessageConvertersAutoC
onfiguration matched:
      - @ConditionalOnClass 
found required class 'org.spr
ingframework.http.converter.H
ttpMessageConverter' 
(OnClassCondition)
      - NoneNestedConditions 
0 matched 1 did not; 
NestedCondition on HttpMessag
eConvertersAutoConfiguration.
NotReactiveWebApplicationCond
ition.ReactiveWebApplication 
did not find reactive web 
application classes (HttpMess
ageConvertersAutoConfiguratio
n.NotReactiveWebApplicationCo
ndition)

   HttpMessageConvertersAutoC
onfiguration#messageConverter
s matched:
      - 
@ConditionalOnMissingBean 
(types: org.springframework.b
oot.autoconfigure.http.HttpMe
ssageConverters; 
SearchStrategy: all) did not 
find any beans 
(OnBeanCondition)

   HttpMessageConvertersAutoC
onfiguration.StringHttpMessag
eConverterConfiguration 
matched:
      - @ConditionalOnClass 
found required class 'org.spr
ingframework.http.converter.S
tringHttpMessageConverter' 
(OnClassCondition)

   HttpMessageConvertersAutoC
onfiguration.StringHttpMessag
eConverterConfiguration#strin
gHttpMessageConverter 
matched:
      - 
@ConditionalOnMissingBean 
(types: org.springframework.h
ttp.converter.StringHttpMessa
geConverter; SearchStrategy: 
all) did not find any beans 
(OnBeanCondition)

   JacksonAutoConfiguration 
matched:
      - @ConditionalOnClass 
found required class 'com.fas
terxml.jackson.databind.Objec
tMapper' (OnClassCondition)

   JacksonAutoConfiguration.J
ackson2ObjectMapperBuilderCus
tomizerConfiguration matched:
      - @ConditionalOnClass 
found required class 'org.spr
ingframework.http.converter.j
son.Jackson2ObjectMapperBuild
er' (OnClassCondition)

   JacksonAutoConfiguration.J
acksonObjectMapperBuilderConf
iguration matched:
      - @ConditionalOnClass 
found required class 'org.spr
ingframework.http.converter.j
son.Jackson2ObjectMapperBuild
er' (OnClassCondition)

   JacksonAutoConfiguration.J
acksonObjectMapperBuilderConf
iguration#jacksonObjectMapper
Builder matched:
      - 
@ConditionalOnMissingBean 
(types: org.springframework.h
ttp.converter.json.Jackson2Ob
jectMapperBuilder; 
SearchStrategy: all) did not 
find any beans 
(OnBeanCondition)

   JacksonAutoConfiguration.J
acksonObjectMapperConfigurati
on matched:
      - @ConditionalOnClass 
found required class 'org.spr
ingframework.http.converter.j
son.Jackson2ObjectMapperBuild
er' (OnClassCondition)

   JacksonAutoConfiguration.J
acksonObjectMapperConfigurati
on#jacksonObjectMapper 
matched:
      - 
@ConditionalOnMissingBean 
(types: com.fasterxml.jackson
.databind.ObjectMapper; 
SearchStrategy: all) did not 
find any beans 
(OnBeanCondition)

   JacksonAutoConfiguration.P
arameterNamesModuleConfigurat
ion matched:
      - @ConditionalOnClass 
found required class 'com.fas
terxml.jackson.module.paramna
mes.ParameterNamesModule' 
(OnClassCondition)

   JacksonAutoConfiguration.P
arameterNamesModuleConfigurat
ion#parameterNamesModule 
matched:
      - 
@ConditionalOnMissingBean 
(types: com.fasterxml.jackson
.module.paramnames.ParameterN
amesModule; SearchStrategy: 
all) did not find any beans 
(OnBeanCondition)

   JacksonHttpMessageConverte
rsConfiguration.MappingJackso
n2HttpMessageConverterConfigu
ration matched:
      - @ConditionalOnClass 
found required class 'com.fas
terxml.jackson.databind.Objec
tMapper' (OnClassCondition)
      - 
@ConditionalOnProperty (sprin
g.mvc.converters.preferred-js
on-mapper=jackson) matched 
(OnPropertyCondition)
      - @ConditionalOnBean 
(types: com.fasterxml.jackson
.databind.ObjectMapper; 
SearchStrategy: all) found 
bean 'jacksonObjectMapper' 
(OnBeanCondition)

   JacksonHttpMessageConverte
rsConfiguration.MappingJackso
n2HttpMessageConverterConfigu
ration#mappingJackson2HttpMes
sageConverter matched:
      - 
@ConditionalOnMissingBean 
(types: org.springframework.h
ttp.converter.json.MappingJac
kson2HttpMessageConverter 
ignored: org.springframework.
hateoas.server.mvc.TypeConstr
ainedMappingJackson2HttpMessa
geConverter,org.springframewo
rk.data.rest.webmvc.alps.Alps
JsonHttpMessageConverter; 
SearchStrategy: all) did not 
find any beans 
(OnBeanCondition)

   
JdbcClientAutoConfiguration 
matched:
      - @ConditionalOnSingleC
andidate (types: org.springfr
amework.jdbc.core.namedparam.
NamedParameterJdbcTemplate; 
SearchStrategy: all) found a 
single bean 'namedParameterJd
bcTemplate'; 
@ConditionalOnMissingBean 
(types: org.springframework.j
dbc.core.simple.JdbcClient; 
SearchStrategy: all) did not 
find any beans 
(OnBeanCondition)

   JdbcTemplateAutoConfigurat
ion matched:
      - @ConditionalOnClass 
found required classes 
'javax.sql.DataSource', 'org.
springframework.jdbc.core.Jdb
cTemplate' (OnClassCondition)
      - @ConditionalOnSingleC
andidate (types: 
javax.sql.DataSource; 
SearchStrategy: all) found a 
single bean 'dataSource' 
(OnBeanCondition)

   JdbcTemplateConfiguration 
matched:
      - 
@ConditionalOnMissingBean 
(types: org.springframework.j
dbc.core.JdbcOperations; 
SearchStrategy: all) did not 
find any beans 
(OnBeanCondition)

   JpaBaseConfiguration#entit
yManagerFactory matched:
      - 
@ConditionalOnMissingBean 
(types: org.springframework.o
rm.jpa.LocalContainerEntityMa
nagerFactoryBean,jakarta.pers
istence.EntityManagerFactory;
 SearchStrategy: all) did 
not find any beans 
(OnBeanCondition)

   JpaBaseConfiguration#entit
yManagerFactoryBuilder 
matched:
      - 
@ConditionalOnMissingBean 
(types: org.springframework.b
oot.orm.jpa.EntityManagerFact
oryBuilder; SearchStrategy: 
all) did not find any beans 
(OnBeanCondition)

   JpaBaseConfiguration#jpaVe
ndorAdapter matched:
      - 
@ConditionalOnMissingBean 
(types: org.springframework.o
rm.jpa.JpaVendorAdapter; 
SearchStrategy: all) did not 
find any beans 
(OnBeanCondition)

   JpaBaseConfiguration#trans
actionManager matched:
      - 
@ConditionalOnMissingBean 
(types: org.springframework.t
ransaction.TransactionManager
; SearchStrategy: all) did 
not find any beans 
(OnBeanCondition)

   JpaBaseConfiguration.JpaWe
bConfiguration matched:
      - @ConditionalOnClass 
found required class 'org.spr
ingframework.web.servlet.conf
ig.annotation.WebMvcConfigure
r' (OnClassCondition)
      - found 'session' 
scope 
(OnWebApplicationCondition)
      - 
@ConditionalOnProperty (sprin
g.jpa.open-in-view=true) 
matched (OnPropertyCondition)
      - 
@ConditionalOnMissingBean 
(types: org.springframework.o
rm.jpa.support.OpenEntityMana
gerInViewInterceptor,org.spri
ngframework.orm.jpa.support.O
penEntityManagerInViewFilter;
 SearchStrategy: all) did 
not find any beans 
(OnBeanCondition)

   JpaBaseConfiguration.Persi
stenceManagedTypesConfigurati
on matched:
      - 
@ConditionalOnMissingBean 
(types: org.springframework.o
rm.jpa.LocalContainerEntityMa
nagerFactoryBean,jakarta.pers
istence.EntityManagerFactory;
 SearchStrategy: all) did 
not find any beans 
(OnBeanCondition)

   JpaBaseConfiguration.Persi
stenceManagedTypesConfigurati
on#persistenceManagedTypes 
matched:
      - 
@ConditionalOnMissingBean 
(types: org.springframework.o
rm.jpa.persistenceunit.Persis
tenceManagedTypes; 
SearchStrategy: all) did not 
find any beans 
(OnBeanCondition)

   JpaRepositoriesAutoConfigu
ration matched:
      - @ConditionalOnClass 
found required class 'org.spr
ingframework.data.jpa.reposit
ory.JpaRepository' 
(OnClassCondition)
      - 
@ConditionalOnProperty (sprin
g.data.jpa.repositories.enabl
ed=true) matched 
(OnPropertyCondition)
      - @ConditionalOnBean 
(types: 
javax.sql.DataSource; 
SearchStrategy: all) found 
bean 'dataSource'; 
@ConditionalOnMissingBean 
(types: org.springframework.d
ata.jpa.repository.support.Jp
aRepositoryFactoryBean,org.sp
ringframework.data.jpa.reposi
tory.config.JpaRepositoryConf
igExtension; SearchStrategy: 
all) did not find any beans 
(OnBeanCondition)

   JtaAutoConfiguration 
matched:
      - @ConditionalOnClass 
found required class 'jakarta
.transaction.Transaction' 
(OnClassCondition)
      - 
@ConditionalOnProperty 
(spring.jta.enabled) matched 
(OnPropertyCondition)

   LifecycleAutoConfiguration
#defaultLifecycleProcessor 
matched:
      - 
@ConditionalOnMissingBean 
(names: lifecycleProcessor; 
SearchStrategy: current) did 
not find any beans 
(OnBeanCondition)

   
MultipartAutoConfiguration 
matched:
      - @ConditionalOnClass 
found required classes 
'jakarta.servlet.Servlet', 'o
rg.springframework.web.multip
art.support.StandardServletMu
ltipartResolver', 'jakarta.se
rvlet.MultipartConfigElement'
 (OnClassCondition)
      - found 'session' 
scope 
(OnWebApplicationCondition)
      - 
@ConditionalOnProperty (sprin
g.servlet.multipart.enabled) 
matched (OnPropertyCondition)

   MultipartAutoConfiguration
#multipartConfigElement 
matched:
      - 
@ConditionalOnMissingBean 
(types: jakarta.servlet.Multi
partConfigElement; 
SearchStrategy: all) did not 
find any beans 
(OnBeanCondition)

   MultipartAutoConfiguration
#multipartResolver matched:
      - 
@ConditionalOnMissingBean 
(types: org.springframework.w
eb.multipart.MultipartResolve
r; SearchStrategy: all) did 
not find any beans 
(OnBeanCondition)

   NamedParameterJdbcTemplate
Configuration matched:
      - @ConditionalOnSingleC
andidate (types: org.springfr
amework.jdbc.core.JdbcTemplat
e; SearchStrategy: all) 
found a single bean 
'jdbcTemplate'; 
@ConditionalOnMissingBean 
(types: org.springframework.j
dbc.core.namedparam.NamedPara
meterJdbcOperations; 
SearchStrategy: all) did not 
find any beans 
(OnBeanCondition)

   NoOpCacheConfiguration 
matched:
      - Cache org.springframe
work.boot.autoconfigure.cache
.NoOpCacheConfiguration 
automatic cache type 
(CacheCondition)

   PersistenceExceptionTransl
ationAutoConfiguration 
matched:
      - @ConditionalOnClass 
found required class 'org.spr
ingframework.dao.annotation.P
ersistenceExceptionTranslatio
nPostProcessor' 
(OnClassCondition)

   PersistenceExceptionTransl
ationAutoConfiguration#persis
tenceExceptionTranslationPost
Processor matched:
      - 
@ConditionalOnProperty (sprin
g.dao.exceptiontranslation.en
abled) matched 
(OnPropertyCondition)
      - 
@ConditionalOnMissingBean 
(types: org.springframework.d
ao.annotation.PersistenceExce
ptionTranslationPostProcessor
; SearchStrategy: all) did 
not find any beans 
(OnBeanCondition)

   PropertyPlaceholderAutoCon
figuration#propertySourcesPla
ceholderConfigurer matched:
      - 
@ConditionalOnMissingBean 
(types: org.springframework.c
ontext.support.PropertySource
sPlaceholderConfigurer; 
SearchStrategy: current) did 
not find any beans 
(OnBeanCondition)

   
RestClientAutoConfiguration 
matched:
      - @ConditionalOnClass 
found required class 'org.spr
ingframework.web.client.RestC
lient' (OnClassCondition)
      - NoneNestedConditions 
0 matched 1 did not; 
NestedCondition on NotReactiv
eWebApplicationCondition.Reac
tiveWebApplication did not 
find reactive web 
application classes (NotReact
iveWebApplicationCondition)

   RestClientAutoConfiguratio
n#httpMessageConvertersRestCl
ientCustomizer matched:
      - 
@ConditionalOnMissingBean 
(types: org.springframework.b
oot.autoconfigure.web.client.
HttpMessageConvertersRestClie
ntCustomizer; 
SearchStrategy: all) did not 
find any beans 
(OnBeanCondition)

   RestClientAutoConfiguratio
n#restClientBuilder matched:
      - 
@ConditionalOnMissingBean 
(types: org.springframework.w
eb.client.RestClient$Builder;
 SearchStrategy: all) did 
not find any beans 
(OnBeanCondition)

   RestClientAutoConfiguratio
n#restClientBuilderConfigurer
 matched:
      - 
@ConditionalOnMissingBean 
(types: org.springframework.b
oot.autoconfigure.web.client.
RestClientBuilderConfigurer; 
SearchStrategy: all) did not 
find any beans 
(OnBeanCondition)

   RestClientAutoConfiguratio
n#restClientSsl matched:
      - @ConditionalOnBean 
(types: org.springframework.b
oot.ssl.SslBundles; 
SearchStrategy: all) found 
bean 'sslBundleRegistry'; 
@ConditionalOnMissingBean 
(types: org.springframework.b
oot.autoconfigure.web.client.
RestClientSsl; 
SearchStrategy: all) did not 
find any beans 
(OnBeanCondition)

   RestTemplateAutoConfigurat
ion matched:
      - @ConditionalOnClass 
found required class 'org.spr
ingframework.web.client.RestT
emplate' (OnClassCondition)
      - NoneNestedConditions 
0 matched 1 did not; 
NestedCondition on NotReactiv
eWebApplicationCondition.Reac
tiveWebApplication did not 
find reactive web 
application classes (NotReact
iveWebApplicationCondition)

   RestTemplateAutoConfigurat
ion#restTemplateBuilder 
matched:
      - 
@ConditionalOnMissingBean 
(types: org.springframework.b
oot.web.client.RestTemplateBu
ilder; SearchStrategy: all) 
did not find any beans 
(OnBeanCondition)

   SecurityAutoConfiguration 
matched:
      - @ConditionalOnClass 
found required class 'org.spr
ingframework.security.authent
ication.DefaultAuthentication
EventPublisher' 
(OnClassCondition)

   SecurityAutoConfiguration#
authenticationEventPublisher 
matched:
      - 
@ConditionalOnMissingBean 
(types: org.springframework.s
ecurity.authentication.Authen
ticationEventPublisher; 
SearchStrategy: all) did not 
find any beans 
(OnBeanCondition)

   SecurityFilterAutoConfigur
ation matched:
      - @ConditionalOnClass 
found required classes 'org.s
pringframework.security.web.c
ontext.AbstractSecurityWebApp
licationInitializer', 'org.sp
ringframework.security.config
.http.SessionCreationPolicy' 
(OnClassCondition)
      - found 'session' 
scope 
(OnWebApplicationCondition)

   SecurityFilterAutoConfigur
ation#securityFilterChainRegi
stration matched:
      - @ConditionalOnBean 
(names: 
springSecurityFilterChain; 
SearchStrategy: all) found 
bean 
'springSecurityFilterChain' 
(OnBeanCondition)

   ServletWebServerFactoryAut
oConfiguration matched:
      - @ConditionalOnClass 
found required class 'jakarta
.servlet.ServletRequest' 
(OnClassCondition)
      - found 'session' 
scope 
(OnWebApplicationCondition)

   ServletWebServerFactoryAut
oConfiguration#tomcatServletW
ebServerFactoryCustomizer 
matched:
      - @ConditionalOnClass 
found required class 'org.apa
che.catalina.startup.Tomcat' 
(OnClassCondition)

   ServletWebServerFactoryCon
figuration.EmbeddedTomcat 
matched:
      - @ConditionalOnClass 
found required classes 
'jakarta.servlet.Servlet', 'o
rg.apache.catalina.startup.To
mcat', 'org.apache.coyote.Upg
radeProtocol' 
(OnClassCondition)
      - 
@ConditionalOnMissingBean 
(types: org.springframework.b
oot.web.servlet.server.Servle
tWebServerFactory; 
SearchStrategy: current) did 
not find any beans 
(OnBeanCondition)

   SimpleCacheConfiguration 
matched:
      - Cache org.springframe
work.boot.autoconfigure.cache
.SimpleCacheConfiguration 
automatic cache type 
(CacheCondition)

   SpringBootWebSecurityConfi
guration matched:
      - found 'session' 
scope 
(OnWebApplicationCondition)

   SpringDataWebAutoConfigura
tion matched:
      - @ConditionalOnClass 
found required classes 'org.s
pringframework.data.web.Pagea
bleHandlerMethodArgumentResol
ver', 'org.springframework.we
b.servlet.config.annotation.W
ebMvcConfigurer' 
(OnClassCondition)
      - found 'session' 
scope 
(OnWebApplicationCondition)
      - 
@ConditionalOnMissingBean 
(types: org.springframework.d
ata.web.PageableHandlerMethod
ArgumentResolver; 
SearchStrategy: all) did not 
find any beans 
(OnBeanCondition)

   SpringDataWebAutoConfigura
tion#pageableCustomizer 
matched:
      - 
@ConditionalOnMissingBean 
(types: org.springframework.d
ata.web.config.PageableHandle
rMethodArgumentResolverCustom
izer; SearchStrategy: all) 
did not find any beans 
(OnBeanCondition)

   SpringDataWebAutoConfigura
tion#sortCustomizer matched:
      - 
@ConditionalOnMissingBean 
(types: org.springframework.d
ata.web.config.SortHandlerMet
hodArgumentResolverCustomizer
; SearchStrategy: all) did 
not find any beans 
(OnBeanCondition)

   SpringDataWebAutoConfigura
tion#springDataWebSettings 
matched:
      - 
@ConditionalOnMissingBean 
(types: org.springframework.d
ata.web.config.SpringDataWebS
ettings; SearchStrategy: 
all) did not find any beans 
(OnBeanCondition)

   SqlInitializationAutoConfi
guration matched:
      - 
@ConditionalOnProperty 
(spring.sql.init.enabled) 
matched (OnPropertyCondition)
      - NoneNestedConditions 
0 matched 1 did not; 
NestedCondition on SqlInitial
izationAutoConfiguration.SqlI
nitializationModeCondition.Mo
deIsNever 
@ConditionalOnProperty 
(spring.sql.init.mode=never) 
did not find property 'mode' 
(SqlInitializationAutoConfigu
ration.SqlInitializationModeC
ondition)

   SslAutoConfiguration#sslBu
ndleRegistry matched:
      - 
@ConditionalOnMissingBean 
(types: org.springframework.b
oot.ssl.SslBundleRegistry,org
.springframework.boot.ssl.Ssl
Bundles; SearchStrategy: 
all) did not find any beans 
(OnBeanCondition)

   TaskExecutionAutoConfigura
tion matched:
      - @ConditionalOnClass 
found required class 'org.spr
ingframework.scheduling.concu
rrent.ThreadPoolTaskExecutor'
 (OnClassCondition)

   TaskExecutorConfigurations
.SimpleAsyncTaskExecutorBuild
erConfiguration#simpleAsyncTa
skExecutorBuilder matched:
      - 
@ConditionalOnMissingBean 
(types: org.springframework.b
oot.task.SimpleAsyncTaskExecu
torBuilder; SearchStrategy: 
all) did not find any beans 
(OnBeanCondition)
      - 
@ConditionalOnThreading 
found PLATFORM 
(OnThreadingCondition)

   TaskExecutorConfigurations
.TaskExecutorConfiguration 
matched:
      - 
@ConditionalOnMissingBean 
(types: java.util.concurrent.
Executor; SearchStrategy: 
all) did not find any beans 
(OnBeanCondition)

   TaskExecutorConfigurations
.TaskExecutorConfiguration#ap
plicationTaskExecutor 
matched:
      - 
@ConditionalOnThreading 
found PLATFORM 
(OnThreadingCondition)

   TaskExecutorConfigurations
.ThreadPoolTaskExecutorBuilde
rConfiguration#threadPoolTask
ExecutorBuilder matched:
      - 
@ConditionalOnMissingBean 
(types: org.springframework.b
oot.task.ThreadPoolTaskExecut
orBuilder; SearchStrategy: 
all) did not find any beans 
(OnBeanCondition)

   TaskSchedulingAutoConfigur
ation matched:
      - @ConditionalOnClass 
found required class 'org.spr
ingframework.scheduling.concu
rrent.ThreadPoolTaskScheduler
' (OnClassCondition)

   TaskSchedulingConfiguratio
ns.SimpleAsyncTaskSchedulerBu
ilderConfiguration#simpleAsyn
cTaskSchedulerBuilder 
matched:
      - 
@ConditionalOnMissingBean 
(types: org.springframework.b
oot.task.SimpleAsyncTaskSched
ulerBuilder; SearchStrategy: 
all) did not find any beans 
(OnBeanCondition)
      - 
@ConditionalOnThreading 
found PLATFORM 
(OnThreadingCondition)

   TaskSchedulingConfiguratio
ns.ThreadPoolTaskSchedulerBui
lderConfiguration#threadPoolT
askSchedulerBuilder matched:
      - 
@ConditionalOnMissingBean 
(types: org.springframework.b
oot.task.ThreadPoolTaskSchedu
lerBuilder; SearchStrategy: 
all) did not find any beans 
(OnBeanCondition)

   
TransactionAutoConfiguration 
matched:
      - @ConditionalOnClass 
found required class 'org.spr
ingframework.transaction.Plat
formTransactionManager' 
(OnClassCondition)

   TransactionAutoConfigurati
on.EnableTransactionManagemen
tConfiguration matched:
      - @ConditionalOnBean 
(types: org.springframework.t
ransaction.TransactionManager
; SearchStrategy: all) found 
bean 'transactionManager'; 
@ConditionalOnMissingBean 
(types: org.springframework.t
ransaction.annotation.Abstrac
tTransactionManagementConfigu
ration; SearchStrategy: all) 
did not find any beans 
(OnBeanCondition)

   TransactionAutoConfigurati
on.EnableTransactionManagemen
tConfiguration.CglibAutoProxy
Configuration matched:
      - 
@ConditionalOnProperty (sprin
g.aop.proxy-target-class=true
) matched 
(OnPropertyCondition)

   TransactionAutoConfigurati
on.TransactionTemplateConfigu
ration matched:
      - @ConditionalOnSingleC
andidate (types: org.springfr
amework.transaction.PlatformT
ransactionManager; 
SearchStrategy: all) found a 
single bean 
'transactionManager' 
(OnBeanCondition)

   TransactionAutoConfigurati
on.TransactionTemplateConfigu
ration#transactionTemplate 
matched:
      - 
@ConditionalOnMissingBean 
(types: org.springframework.t
ransaction.support.Transactio
nOperations; SearchStrategy: 
all) did not find any beans 
(OnBeanCondition)

   TransactionManagerCustomiz
ationAutoConfiguration 
matched:
      - @ConditionalOnClass 
found required class 'org.spr
ingframework.transaction.Plat
formTransactionManager' 
(OnClassCondition)

   TransactionManagerCustomiz
ationAutoConfiguration#platfo
rmTransactionManagerCustomize
rs matched:
      - 
@ConditionalOnMissingBean 
(types: org.springframework.b
oot.autoconfigure.transaction
.TransactionManagerCustomizer
s; SearchStrategy: all) did 
not find any beans 
(OnBeanCondition)

   UserDetailsServiceAutoConf
iguration matched:
      - @ConditionalOnClass 
found required class 'org.spr
ingframework.security.authent
ication.AuthenticationManager
' (OnClassCondition)
      - found 'session' 
scope 
(OnWebApplicationCondition)
      - AnyNestedCondition 1 
matched 2 did not; 
NestedCondition on UserDetail
sServiceAutoConfiguration.Mis
singAlternativeOrUserProperti
esConfigured.PasswordConfigur
ed @ConditionalOnProperty (sp
ring.security.user.password) 
did not find property 
'password'; NestedCondition 
on UserDetailsServiceAutoConf
iguration.MissingAlternativeO
rUserPropertiesConfigured.Nam
eConfigured 
@ConditionalOnProperty 
(spring.security.user.name) 
did not find property 
'name'; NestedCondition on Us
erDetailsServiceAutoConfigura
tion.MissingAlternativeOrUser
PropertiesConfigured.MissingA
lternative 
@ConditionalOnMissingClass 
did not find unwanted 
classes 'org.springframework.
security.oauth2.client.regist
ration.ClientRegistrationRepo
sitory', 'org.springframework
.security.oauth2.server.resou
rce.introspection.OpaqueToken
Introspector', 'org.springfra
mework.security.saml2.provide
r.service.registration.Relyin
gPartyRegistrationRepository'
 (UserDetailsServiceAutoConfi
guration.MissingAlternativeOr
UserPropertiesConfigured)
      - @ConditionalOnBean 
(types: org.springframework.s
ecurity.config.ObjectPostProc
essor; SearchStrategy: all) 
found beans 
'objectPostProcessor', 'webAu
thorizationManagerPostProcess
or', 'filterChainDecoratorPos
tProcessor', 'authenticationM
anagerPostProcessor'; 
@ConditionalOnMissingBean 
(types: org.springframework.s
ecurity.authentication.Authen
ticationManager,org.springfra
mework.security.authenticatio
n.AuthenticationProvider,org.
springframework.security.core
.userdetails.UserDetailsServi
ce,org.springframework.securi
ty.authentication.Authenticat
ionManagerResolver,org.spring
framework.security.oauth2.jwt
.JwtDecoder; SearchStrategy: 
all) did not find any beans 
(OnBeanCondition)

   
ValidationAutoConfiguration 
matched:
      - @ConditionalOnClass 
found required class 'jakarta
.validation.executable.Execut
ableValidator' 
(OnClassCondition)
      - 
@ConditionalOnResource found 
location classpath:META-INF/s
ervices/jakarta.validation.sp
i.ValidationProvider 
(OnResourceCondition)

   ValidationAutoConfiguratio
n#defaultValidator matched:
      - 
@ConditionalOnMissingBean 
(types: jakarta.validation.Va
lidator; SearchStrategy: 
all) did not find any beans 
(OnBeanCondition)

   ValidationAutoConfiguratio
n#methodValidationPostProcess
or matched:
      - 
@ConditionalOnMissingBean 
(types: org.springframework.v
alidation.beanvalidation.Meth
odValidationPostProcessor; 
SearchStrategy: current) did 
not find any beans 
(OnBeanCondition)

   WebMvcAutoConfiguration 
matched:
      - @ConditionalOnClass 
found required classes 
'jakarta.servlet.Servlet', 'o
rg.springframework.web.servle
t.DispatcherServlet', 'org.sp
ringframework.web.servlet.con
fig.annotation.WebMvcConfigur
er' (OnClassCondition)
      - found 'session' 
scope 
(OnWebApplicationCondition)
      - 
@ConditionalOnMissingBean 
(types: org.springframework.w
eb.servlet.config.annotation.
WebMvcConfigurationSupport; 
SearchStrategy: all) did not 
find any beans 
(OnBeanCondition)

   WebMvcAutoConfiguration#fo
rmContentFilter matched:
      - 
@ConditionalOnProperty (sprin
g.mvc.formcontent.filter.enab
led) matched 
(OnPropertyCondition)
      - 
@ConditionalOnMissingBean 
(types: org.springframework.w
eb.filter.FormContentFilter; 
SearchStrategy: all) did not 
find any beans 
(OnBeanCondition)

   WebMvcAutoConfiguration.En
ableWebMvcConfiguration#flash
MapManager matched:
      - 
@ConditionalOnMissingBean 
(names: flashMapManager; 
SearchStrategy: all) did not 
find any beans 
(OnBeanCondition)

   WebMvcAutoConfiguration.En
ableWebMvcConfiguration#local
eResolver matched:
      - 
@ConditionalOnMissingBean 
(names: localeResolver; 
SearchStrategy: all) did not 
find any beans 
(OnBeanCondition)

   WebMvcAutoConfiguration.En
ableWebMvcConfiguration#theme
Resolver matched:
      - 
@ConditionalOnMissingBean 
(names: themeResolver; 
SearchStrategy: all) did not 
find any beans 
(OnBeanCondition)

   WebMvcAutoConfiguration.En
ableWebMvcConfiguration#viewN
ameTranslator matched:
      - 
@ConditionalOnMissingBean 
(names: viewNameTranslator; 
SearchStrategy: all) did not 
find any beans 
(OnBeanCondition)

   WebMvcAutoConfiguration.We
bMvcAutoConfigurationAdapter#
defaultViewResolver matched:
      - 
@ConditionalOnMissingBean 
(types: org.springframework.w
eb.servlet.view.InternalResou
rceViewResolver; 
SearchStrategy: all) did not 
find any beans 
(OnBeanCondition)

   WebMvcAutoConfiguration.We
bMvcAutoConfigurationAdapter#
requestContextFilter matched:
      - 
@ConditionalOnMissingBean 
(types: org.springframework.w
eb.context.request.RequestCon
textListener,org.springframew
ork.web.filter.RequestContext
Filter; SearchStrategy: all) 
did not find any beans 
(OnBeanCondition)

   WebMvcAutoConfiguration.We
bMvcAutoConfigurationAdapter#
viewResolver matched:
      - @ConditionalOnBean 
(types: org.springframework.w
eb.servlet.ViewResolver; 
SearchStrategy: all) found 
beans 'defaultViewResolver', 
'beanNameViewResolver', 
'mvcViewResolver'; 
@ConditionalOnMissingBean 
(names: viewResolver types: o
rg.springframework.web.servle
t.view.ContentNegotiatingView
Resolver; SearchStrategy: 
all) did not find any beans 
(OnBeanCondition)

   WebSocketMessagingAutoConf
iguration matched:
      - @ConditionalOnClass 
found required class 'org.spr
ingframework.web.socket.confi
g.annotation.WebSocketMessage
BrokerConfigurer' 
(OnClassCondition)
      - found 'session' 
scope 
(OnWebApplicationCondition)

   WebSocketServletAutoConfig
uration matched:
      - @ConditionalOnClass 
found required classes 
'jakarta.servlet.Servlet', 'j
akarta.websocket.server.Serve
rContainer' 
(OnClassCondition)
      - found 'session' 
scope 
(OnWebApplicationCondition)

   WebSocketServletAutoConfig
uration.TomcatWebSocketConfig
uration matched:
      - @ConditionalOnClass 
found required classes 'org.a
pache.catalina.startup.Tomcat
', 'org.apache.tomcat.websock
et.server.WsSci' 
(OnClassCondition)

   WebSocketServletAutoConfig
uration.TomcatWebSocketConfig
uration#websocketServletWebSe
rverCustomizer matched:
      - 
@ConditionalOnMissingBean 
(names: websocketServletWebSe
rverCustomizer; 
SearchStrategy: all) did not 
find any beans 
(OnBeanCondition)


Negative matches:
-----------------

   ActiveMQAutoConfiguration:
      Did not match:
         - 
@ConditionalOnClass did not 
find required class 'jakarta.
jms.ConnectionFactory' 
(OnClassCondition)

   AopAutoConfiguration.Aspec
tJAutoProxyingConfiguration.J
dkDynamicAutoProxyConfigurati
on:
      Did not match:
         - 
@ConditionalOnProperty (sprin
g.aop.proxy-target-class=fals
e) did not find property 
'proxy-target-class' 
(OnPropertyCondition)

   AopAutoConfiguration.Class
ProxyingConfiguration:
      Did not match:
         - 
@ConditionalOnMissingClass 
found unwanted class 
'org.aspectj.weaver.Advice' 
(OnClassCondition)

   ArtemisAutoConfiguration:
      Did not match:
         - 
@ConditionalOnClass did not 
find required class 'jakarta.
jms.ConnectionFactory' 
(OnClassCondition)

   BatchAutoConfiguration:
      Did not match:
         - 
@ConditionalOnClass did not 
find required class 'org.spri
ngframework.batch.core.launch
.JobLauncher' 
(OnClassCondition)

   Cache2kCacheConfiguration:
      Did not match:
         - 
@ConditionalOnClass did not 
find required class 
'org.cache2k.Cache2kBuilder' 
(OnClassCondition)

   CacheAutoConfiguration:
      Did not match:
         - 
@ConditionalOnBean (types: or
g.springframework.cache.inter
ceptor.CacheAspectSupport; 
SearchStrategy: all) did not 
find any beans of type org.sp
ringframework.cache.intercept
or.CacheAspectSupport 
(OnBeanCondition)
      Matched:
         - 
@ConditionalOnClass found 
required class 'org.springfra
mework.cache.CacheManager' 
(OnClassCondition)

   CacheAutoConfiguration.Cac
heManagerEntityManagerFactory
DependsOnPostProcessor:
      Did not match:
         - Ancestor org.sprin
gframework.boot.autoconfigure
.cache.CacheAutoConfiguration
 did not match (ConditionEval
uationReport.AncestorsMatched
Condition)
      Matched:
         - 
@ConditionalOnClass found 
required class 'org.springfra
mework.orm.jpa.LocalContainer
EntityManagerFactoryBean' 
(OnClassCondition)

   
CaffeineCacheConfiguration:
      Did not match:
         - 
@ConditionalOnClass did not 
find required class 'com.gith
ub.benmanes.caffeine.cache.Ca
ffeine' (OnClassCondition)

   
CassandraAutoConfiguration:
      Did not match:
         - 
@ConditionalOnClass did not 
find required class 'com.data
stax.oss.driver.api.core.CqlS
ession' (OnClassCondition)

   CassandraDataAutoConfigura
tion:
      Did not match:
         - 
@ConditionalOnClass did not 
find required class 'com.data
stax.oss.driver.api.core.CqlS
ession' (OnClassCondition)

   CassandraReactiveDataAutoC
onfiguration:
      Did not match:
         - 
@ConditionalOnClass did not 
find required class 'com.data
stax.oss.driver.api.core.CqlS
ession' (OnClassCondition)

   CassandraReactiveRepositor
iesAutoConfiguration:
      Did not match:
         - 
@ConditionalOnClass did not 
find required class 'org.spri
ngframework.data.cassandra.Re
activeSession' 
(OnClassCondition)

   CassandraRepositoriesAutoC
onfiguration:
      Did not match:
         - 
@ConditionalOnClass did not 
find required class 'com.data
stax.oss.driver.api.core.CqlS
ession' (OnClassCondition)

   ClientHttpConnectorAutoCon
figuration:
      Did not match:
         - 
@ConditionalOnClass did not 
find required class 'org.spri
ngframework.web.reactive.func
tion.client.WebClient' 
(OnClassCondition)

   CodecsAutoConfiguration:
      Did not match:
         - 
@ConditionalOnClass did not 
find required class 'org.spri
ngframework.web.reactive.func
tion.client.WebClient' 
(OnClassCondition)

   
CouchbaseAutoConfiguration:
      Did not match:
         - 
@ConditionalOnClass did not 
find required class 'com.couc
hbase.client.java.Cluster' 
(OnClassCondition)

   
CouchbaseCacheConfiguration:
      Did not match:
         - 
@ConditionalOnClass did not 
find required class 'com.couc
hbase.client.java.Cluster' 
(OnClassCondition)

   CouchbaseDataAutoConfigura
tion:
      Did not match:
         - 
@ConditionalOnClass did not 
find required class 'com.couc
hbase.client.java.Bucket' 
(OnClassCondition)

   CouchbaseReactiveDataAutoC
onfiguration:
      Did not match:
         - 
@ConditionalOnClass did not 
find required class 'com.couc
hbase.client.java.Cluster' 
(OnClassCondition)

   CouchbaseReactiveRepositor
iesAutoConfiguration:
      Did not match:
         - 
@ConditionalOnClass did not 
find required class 'com.couc
hbase.client.java.Cluster' 
(OnClassCondition)

   CouchbaseRepositoriesAutoC
onfiguration:
      Did not match:
         - 
@ConditionalOnClass did not 
find required class 'com.couc
hbase.client.java.Bucket' 
(OnClassCondition)

   DataSourceAutoConfiguratio
n.EmbeddedDatabaseConfigurati
on:
      Did not match:
         - 
EmbeddedDataSource 
spring.datasource.url is set 
(DataSourceAutoConfiguration.
EmbeddedDatabaseCondition)

   DataSourceCheckpointRestor
eConfiguration:
      Did not match:
         - 
@ConditionalOnClass did not 
find required class 
'org.crac.Resource' 
(OnClassCondition)

   DataSourceConfiguration.Db
cp2:
      Did not match:
         - 
@ConditionalOnClass did not 
find required class 'org.apac
he.commons.dbcp2.BasicDataSou
rce' (OnClassCondition)

   DataSourceConfiguration.Ge
neric:
      Did not match:
         - 
@ConditionalOnProperty 
(spring.datasource.type) did 
not find property 
'spring.datasource.type' 
(OnPropertyCondition)

   DataSourceConfiguration.Or
acleUcp:
      Did not match:
         - 
@ConditionalOnClass did not 
find required classes 'oracle
.ucp.jdbc.PoolDataSourceImpl'
, 'oracle.jdbc.OracleConnecti
on' (OnClassCondition)

   DataSourceConfiguration.To
mcat:
      Did not match:
         - 
@ConditionalOnClass did not 
find required class 'org.apac
he.tomcat.jdbc.pool.DataSourc
e' (OnClassCondition)

   
DataSourceJmxConfiguration:
      Did not match:
         - 
@ConditionalOnProperty 
(spring.jmx.enabled=true) 
found different value in 
property 'enabled' 
(OnPropertyCondition)

   DataSourcePoolMetadataProv
idersConfiguration.CommonsDbc
p2PoolDataSourceMetadataProvi
derConfiguration:
      Did not match:
         - 
@ConditionalOnClass did not 
find required class 'org.apac
he.commons.dbcp2.BasicDataSou
rce' (OnClassCondition)

   DataSourcePoolMetadataProv
idersConfiguration.OracleUcpP
oolDataSourceMetadataProvider
Configuration:
      Did not match:
         - 
@ConditionalOnClass did not 
find required classes 'oracle
.ucp.jdbc.PoolDataSource', 'o
racle.jdbc.OracleConnection' 
(OnClassCondition)

   DataSourcePoolMetadataProv
idersConfiguration.TomcatData
SourcePoolMetadataProviderCon
figuration:
      Did not match:
         - 
@ConditionalOnClass did not 
find required class 'org.apac
he.tomcat.jdbc.pool.DataSourc
e' (OnClassCondition)

   DataSourceTransactionManag
erAutoConfiguration.JdbcTrans
actionManagerConfiguration#tr
ansactionManager:
      Did not match:
         - 
@ConditionalOnMissingBean 
(types: org.springframework.t
ransaction.TransactionManager
; SearchStrategy: all) found 
beans of type 'org.springfram
ework.transaction.Transaction
Manager' transactionManager 
(OnBeanCondition)

   DispatcherServletAutoConfi
guration.DispatcherServletCon
figuration#multipartResolver:
      Did not match:
         - 
@ConditionalOnBean (types: or
g.springframework.web.multipa
rt.MultipartResolver; 
SearchStrategy: all) did not 
find any beans of type org.sp
ringframework.web.multipart.M
ultipartResolver 
(OnBeanCondition)

   ElasticsearchClientAutoCon
figuration:
      Did not match:
         - 
@ConditionalOnClass did not 
find required class 'co.elast
ic.clients.elasticsearch.Elas
ticsearchClient' 
(OnClassCondition)

   ElasticsearchDataAutoConfi
guration:
      Did not match:
         - 
@ConditionalOnClass did not 
find required class 'org.spri
ngframework.data.elasticsearc
h.client.elc.ElasticsearchTem
plate' (OnClassCondition)

   ElasticsearchRepositoriesA
utoConfiguration:
      Did not match:
         - 
@ConditionalOnClass did not 
find required class 'org.spri
ngframework.data.elasticsearc
h.repository.ElasticsearchRep
ository' (OnClassCondition)

   ElasticsearchRestClientAut
oConfiguration:
      Did not match:
         - 
@ConditionalOnClass did not 
find required class 'org.elas
ticsearch.client.RestClientBu
ilder' (OnClassCondition)

   EmbeddedLdapAutoConfigurat
ion:
      Did not match:
         - 
@ConditionalOnClass did not 
find required class 'com.unbo
undid.ldap.listener.InMemoryD
irectoryServer' 
(OnClassCondition)

   EmbeddedWebServerFactoryCu
stomizerAutoConfiguration:
      Did not match:
         - Application is 
deployed as a WAR file. 
(OnWarDeploymentCondition)
      Matched:
         - 
@ConditionalOnWebApplication 
(required) found 'session' 
scope 
(OnWebApplicationCondition)

   ErrorWebFluxAutoConfigurat
ion:
      Did not match:
         - 
@ConditionalOnClass did not 
find required class 'org.spri
ngframework.web.reactive.conf
ig.WebFluxConfigurer' 
(OnClassCondition)

   FlywayAutoConfiguration:
      Did not match:
         - 
@ConditionalOnClass did not 
find required class 
'org.flywaydb.core.Flyway' 
(OnClassCondition)

   
FreeMarkerAutoConfiguration:
      Did not match:
         - 
@ConditionalOnClass did not 
find required class 'freemark
er.template.Configuration' 
(OnClassCondition)

   GraphQlAutoConfiguration:
      Did not match:
         - 
@ConditionalOnClass did not 
find required class 
'graphql.GraphQL' 
(OnClassCondition)

   GraphQlQueryByExampleAutoC
onfiguration:
      Did not match:
         - 
@ConditionalOnClass did not 
find required class 
'graphql.GraphQL' 
(OnClassCondition)

   GraphQlQuerydslAutoConfigu
ration:
      Did not match:
         - 
@ConditionalOnClass did not 
find required class 
'com.querydsl.core.Query' 
(OnClassCondition)

   GraphQlRSocketAutoConfigur
ation:
      Did not match:
         - 
@ConditionalOnClass did not 
find required class 
'graphql.GraphQL' 
(OnClassCondition)

   GraphQlReactiveQueryByExam
pleAutoConfiguration:
      Did not match:
         - 
@ConditionalOnClass did not 
find required class 
'graphql.GraphQL' 
(OnClassCondition)

   GraphQlReactiveQuerydslAut
oConfiguration:
      Did not match:
         - 
@ConditionalOnClass did not 
find required class 
'com.querydsl.core.Query' 
(OnClassCondition)

   GraphQlWebFluxAutoConfigur
ation:
      Did not match:
         - 
@ConditionalOnClass did not 
find required class 
'graphql.GraphQL' 
(OnClassCondition)

   GraphQlWebFluxSecurityAuto
Configuration:
      Did not match:
         - 
@ConditionalOnClass did not 
find required class 
'graphql.GraphQL' 
(OnClassCondition)

   GraphQlWebMvcAutoConfigura
tion:
      Did not match:
         - 
@ConditionalOnClass did not 
find required class 
'graphql.GraphQL' 
(OnClassCondition)

   GraphQlWebMvcSecurityAutoC
onfiguration:
      Did not match:
         - 
@ConditionalOnClass did not 
find required class 
'graphql.GraphQL' 
(OnClassCondition)

   GroovyTemplateAutoConfigur
ation:
      Did not match:
         - 
@ConditionalOnClass did not 
find required class 'groovy.t
ext.markup.MarkupTemplateEngi
ne' (OnClassCondition)

   GsonAutoConfiguration:
      Did not match:
         - 
@ConditionalOnClass did not 
find required class 
'com.google.gson.Gson' 
(OnClassCondition)

   GsonHttpMessageConvertersC
onfiguration:
      Did not match:
         - 
@ConditionalOnClass did not 
find required class 
'com.google.gson.Gson' 
(OnClassCondition)

   
H2ConsoleAutoConfiguration:
      Did not match:
         - 
@ConditionalOnClass did not 
find required class 'org.h2.s
erver.web.JakartaWebServlet' 
(OnClassCondition)

   
HazelcastAutoConfiguration:
      Did not match:
         - 
@ConditionalOnClass did not 
find required class 'com.haze
lcast.core.HazelcastInstance'
 (OnClassCondition)

   
HazelcastCacheConfiguration:
      Did not match:
         - 
@ConditionalOnClass did not 
find required class 'com.haze
lcast.core.HazelcastInstance'
 (OnClassCondition)

   HazelcastJpaDependencyAuto
Configuration:
      Did not match:
         - 
@ConditionalOnClass did not 
find required class 'com.haze
lcast.core.HazelcastInstance'
 (OnClassCondition)

   
HttpHandlerAutoConfiguration:
      Did not match:
         - 
@ConditionalOnClass did not 
find required class 'org.spri
ngframework.web.reactive.Disp
atcherHandler' 
(OnClassCondition)

   
HypermediaAutoConfiguration:
      Did not match:
         - 
@ConditionalOnClass did not 
find required class 'org.spri
ngframework.hateoas.EntityMod
el' (OnClassCondition)

   
InfinispanCacheConfiguration:
      Did not match:
         - 
@ConditionalOnClass did not 
find required class 'org.infi
nispan.spring.embedded.provid
er.SpringEmbeddedCacheManager
' (OnClassCondition)

   
IntegrationAutoConfiguration:
      Did not match:
         - 
@ConditionalOnClass did not 
find required class 'org.spri
ngframework.integration.confi
g.EnableIntegration' 
(OnClassCondition)

   JCacheCacheConfiguration:
      Did not match:
         - 
@ConditionalOnClass did not 
find required class 
'javax.cache.Caching' 
(OnClassCondition)

   JacksonHttpMessageConverte
rsConfiguration.MappingJackso
n2XmlHttpMessageConverterConf
iguration:
      Did not match:
         - 
@ConditionalOnClass did not 
find required class 'com.fast
erxml.jackson.dataformat.xml.
XmlMapper' (OnClassCondition)

   JdbcRepositoriesAutoConfig
uration:
      Did not match:
         - 
@ConditionalOnClass did not 
find required class 'org.spri
ngframework.data.jdbc.reposit
ory.config.AbstractJdbcConfig
uration' (OnClassCondition)

   JerseyAutoConfiguration:
      Did not match:
         - 
@ConditionalOnClass did not 
find required class 'org.glas
sfish.jersey.server.spring.Sp
ringComponentProvider' 
(OnClassCondition)

   JmsAutoConfiguration:
      Did not match:
         - 
@ConditionalOnClass did not 
find required class 
'jakarta.jms.Message' 
(OnClassCondition)

   JmxAutoConfiguration:
      Did not match:
         - 
@ConditionalOnProperty 
(spring.jmx.enabled=true) 
found different value in 
property 'enabled' 
(OnPropertyCondition)
      Matched:
         - 
@ConditionalOnClass found 
required class 'org.springfra
mework.jmx.export.MBeanExport
er' (OnClassCondition)

   JndiConnectionFactoryAutoC
onfiguration:
      Did not match:
         - 
@ConditionalOnClass did not 
find required class 'org.spri
ngframework.jms.core.JmsTempl
ate' (OnClassCondition)

   JndiDataSourceAutoConfigur
ation:
      Did not match:
         - 
@ConditionalOnProperty (sprin
g.datasource.jndi-name) did 
not find property 
'jndi-name' 
(OnPropertyCondition)
      Matched:
         - 
@ConditionalOnClass found 
required classes 
'javax.sql.DataSource', 'org.
springframework.jdbc.datasour
ce.embedded.EmbeddedDatabaseT
ype' (OnClassCondition)

   JndiJtaConfiguration:
      Did not match:
         - 
@ConditionalOnJndi JNDI 
environment is not available 
(OnJndiCondition)
      Matched:
         - 
@ConditionalOnClass found 
required class 'org.springfra
mework.transaction.jta.JtaTra
nsactionManager' 
(OnClassCondition)

   JooqAutoConfiguration:
      Did not match:
         - 
@ConditionalOnClass did not 
find required class 
'org.jooq.DSLContext' 
(OnClassCondition)

   JpaRepositoriesAutoConfigu
ration#entityManagerFactoryBo
otstrapExecutorCustomizer:
      Did not match:
         - 
AnyNestedCondition 0 matched 
2 did not; NestedCondition 
on JpaRepositoriesAutoConfigu
ration.BootstrapExecutorCondi
tion.LazyBootstrapMode 
@ConditionalOnProperty (sprin
g.data.jpa.repositories.boots
trap-mode=lazy) did not find 
property 'bootstrap-mode'; 
NestedCondition on JpaReposit
oriesAutoConfiguration.Bootst
rapExecutorCondition.Deferred
BootstrapMode 
@ConditionalOnProperty (sprin
g.data.jpa.repositories.boots
trap-mode=deferred) did not 
find property 
'bootstrap-mode' (JpaReposito
riesAutoConfiguration.Bootstr
apExecutorCondition)

   JsonbAutoConfiguration:
      Did not match:
         - 
@ConditionalOnClass did not 
find required class 
'jakarta.json.bind.Jsonb' 
(OnClassCondition)

   JsonbHttpMessageConverters
Configuration:
      Did not match:
         - 
@ConditionalOnClass did not 
find required class 
'jakarta.json.bind.Jsonb' 
(OnClassCondition)

   KafkaAutoConfiguration:
      Did not match:
         - 
@ConditionalOnClass did not 
find required class 'org.spri
ngframework.kafka.core.KafkaT
emplate' (OnClassCondition)

   LdapAutoConfiguration:
      Did not match:
         - 
@ConditionalOnClass did not 
find required class 'org.spri
ngframework.ldap.core.Context
Source' (OnClassCondition)

   LdapRepositoriesAutoConfig
uration:
      Did not match:
         - 
@ConditionalOnClass did not 
find required class 'org.spri
ngframework.data.ldap.reposit
ory.LdapRepository' 
(OnClassCondition)

   
LiquibaseAutoConfiguration:
      Did not match:
         - 
@ConditionalOnClass did not 
find required class 'liquibas
e.change.DatabaseChange' 
(OnClassCondition)

   
MailSenderAutoConfiguration:
      Did not match:
         - 
@ConditionalOnClass did not 
find required class 'jakarta.
mail.internet.MimeMessage' 
(OnClassCondition)

   MailSenderValidatorAutoCon
figuration:
      Did not match:
         - @ConditionalOnSing
leCandidate did not find 
required type 'org.springfram
ework.mail.javamail.JavaMailS
enderImpl' (OnBeanCondition)

   MessageSourceAutoConfigura
tion:
      Did not match:
         - ResourceBundle 
did not find bundle with 
basename messages (MessageSou
rceAutoConfiguration.Resource
BundleCondition)

   MongoAutoConfiguration:
      Did not match:
         - 
@ConditionalOnClass did not 
find required class 'com.mong
odb.client.MongoClient' 
(OnClassCondition)

   
MongoDataAutoConfiguration:
      Did not match:
         - 
@ConditionalOnClass did not 
find required class 'com.mong
odb.client.MongoClient' 
(OnClassCondition)

   MongoReactiveAutoConfigura
tion:
      Did not match:
         - 
@ConditionalOnClass did not 
find required class 'com.mong
odb.reactivestreams.client.Mo
ngoClient' (OnClassCondition)

   MongoReactiveDataAutoConfi
guration:
      Did not match:
         - 
@ConditionalOnClass did not 
find required class 'com.mong
odb.reactivestreams.client.Mo
ngoClient' (OnClassCondition)

   MongoReactiveRepositoriesA
utoConfiguration:
      Did not match:
         - 
@ConditionalOnClass did not 
find required class 'com.mong
odb.reactivestreams.client.Mo
ngoClient' (OnClassCondition)

   MongoRepositoriesAutoConfi
guration:
      Did not match:
         - 
@ConditionalOnClass did not 
find required class 'com.mong
odb.client.MongoClient' 
(OnClassCondition)

   MustacheAutoConfiguration:
      Did not match:
         - 
@ConditionalOnClass did not 
find required class 'com.sams
kivert.mustache.Mustache' 
(OnClassCondition)

   Neo4jAutoConfiguration:
      Did not match:
         - 
@ConditionalOnClass did not 
find required class 
'org.neo4j.driver.Driver' 
(OnClassCondition)

   
Neo4jDataAutoConfiguration:
      Did not match:
         - 
@ConditionalOnClass did not 
find required class 
'org.neo4j.driver.Driver' 
(OnClassCondition)

   Neo4jReactiveDataAutoConfi
guration:
      Did not match:
         - 
@ConditionalOnClass did not 
find required class 
'org.neo4j.driver.Driver' 
(OnClassCondition)

   Neo4jReactiveRepositoriesA
utoConfiguration:
      Did not match:
         - 
@ConditionalOnClass did not 
find required class 
'org.neo4j.driver.Driver' 
(OnClassCondition)

   Neo4jRepositoriesAutoConfi
guration:
      Did not match:
         - 
@ConditionalOnClass did not 
find required class 
'org.neo4j.driver.Driver' 
(OnClassCondition)

   NettyAutoConfiguration:
      Did not match:
         - 
@ConditionalOnClass did not 
find required class 
'io.netty.util.NettyRuntime' 
(OnClassCondition)

   OAuth2AuthorizationServerA
utoConfiguration:
      Did not match:
         - 
@ConditionalOnClass did not 
find required class 'org.spri
ngframework.security.oauth2.s
erver.authorization.OAuth2Aut
horization' 
(OnClassCondition)

   OAuth2AuthorizationServerJ
wtAutoConfiguration:
      Did not match:
         - 
@ConditionalOnClass did not 
find required class 'org.spri
ngframework.security.oauth2.s
erver.authorization.OAuth2Aut
horization' 
(OnClassCondition)

   OAuth2ClientAutoConfigurat
ion:
      Did not match:
         - 
@ConditionalOnClass did not 
find required class 'org.spri
ngframework.security.oauth2.c
lient.registration.ClientRegi
stration' (OnClassCondition)

   OAuth2ResourceServerAutoCo
nfiguration:
      Did not match:
         - 
@ConditionalOnClass did not 
find required class 'org.spri
ngframework.security.oauth2.s
erver.resource.authentication
.BearerTokenAuthenticationTok
en' (OnClassCondition)

   ProjectInfoAutoConfigurati
on#buildProperties:
      Did not match:
         - 
@ConditionalOnResource did 
not find resource '${spring.i
nfo.build.location:classpath:
META-INF/build-info.propertie
s}' (OnResourceCondition)

   ProjectInfoAutoConfigurati
on#gitProperties:
      Did not match:
         - GitResource did 
not find git info at 
classpath:git.properties (Pro
jectInfoAutoConfiguration.Git
ResourceAvailableCondition)

   PulsarAutoConfiguration:
      Did not match:
         - 
@ConditionalOnClass did not 
find required class 'org.apac
he.pulsar.client.api.PulsarCl
ient' (OnClassCondition)

   PulsarReactiveAutoConfigur
ation:
      Did not match:
         - 
@ConditionalOnClass did not 
find required class 'org.apac
he.pulsar.client.api.PulsarCl
ient' (OnClassCondition)

   QuartzAutoConfiguration:
      Did not match:
         - 
@ConditionalOnClass did not 
find required class 
'org.quartz.Scheduler' 
(OnClassCondition)

   R2dbcAutoConfiguration:
      Did not match:
         - 
@ConditionalOnClass did not 
find required class 'io.r2dbc
.spi.ConnectionFactory' 
(OnClassCondition)

   
R2dbcDataAutoConfiguration:
      Did not match:
         - 
@ConditionalOnClass did not 
find required class 'org.spri
ngframework.data.r2dbc.core.R
2dbcEntityTemplate' 
(OnClassCondition)

   R2dbcInitializationConfigu
ration:
      Did not match:
         - 
@ConditionalOnClass did not 
find required classes 'io.r2d
bc.spi.ConnectionFactory', 'o
rg.springframework.r2dbc.conn
ection.init.DatabasePopulator
' (OnClassCondition)

   
R2dbcProxyAutoConfiguration:
      Did not match:
         - 
@ConditionalOnClass did not 
find required class 'io.r2dbc
.proxy.ProxyConnectionFactory
' (OnClassCondition)

   R2dbcRepositoriesAutoConfi
guration:
      Did not match:
         - 
@ConditionalOnClass did not 
find required class 'io.r2dbc
.spi.ConnectionFactory' 
(OnClassCondition)

   R2dbcTransactionManagerAut
oConfiguration:
      Did not match:
         - 
@ConditionalOnClass did not 
find required class 'org.spri
ngframework.r2dbc.connection.
R2dbcTransactionManager' 
(OnClassCondition)

   RSocketGraphQlClientAutoCo
nfiguration:
      Did not match:
         - 
@ConditionalOnClass did not 
find required class 
'graphql.GraphQL' 
(OnClassCondition)

   RSocketMessagingAutoConfig
uration:
      Did not match:
         - 
@ConditionalOnClass did not 
find required class 
'io.rsocket.RSocket' 
(OnClassCondition)

   RSocketRequesterAutoConfig
uration:
      Did not match:
         - 
@ConditionalOnClass did not 
find required class 
'io.rsocket.RSocket' 
(OnClassCondition)

   RSocketSecurityAutoConfigu
ration:
      Did not match:
         - 
@ConditionalOnClass did not 
find required class 'org.spri
ngframework.security.rsocket.
core.SecuritySocketAcceptorIn
terceptor' (OnClassCondition)

   RSocketServerAutoConfigura
tion:
      Did not match:
         - 
@ConditionalOnClass did not 
find required class 'io.rsock
et.core.RSocketServer' 
(OnClassCondition)

   RSocketStrategiesAutoConfi
guration:
      Did not match:
         - 
@ConditionalOnClass did not 
find required class 'io.netty
.buffer.PooledByteBufAllocato
r' (OnClassCondition)

   RabbitAutoConfiguration:
      Did not match:
         - 
@ConditionalOnClass did not 
find required class 'com.rabb
itmq.client.Channel' 
(OnClassCondition)

   ReactiveElasticsearchClien
tAutoConfiguration:
      Did not match:
         - 
@ConditionalOnClass did not 
find required class 'co.elast
ic.clients.transport.Elastics
earchTransport' 
(OnClassCondition)

   ReactiveElasticsearchRepos
itoriesAutoConfiguration:
      Did not match:
         - 
@ConditionalOnClass did not 
find required class 'reactor.
core.publisher.Mono' 
(OnClassCondition)

   ReactiveMultipartAutoConfi
guration:
      Did not match:
         - 
@ConditionalOnClass did not 
find required class 'org.spri
ngframework.web.reactive.conf
ig.WebFluxConfigurer' 
(OnClassCondition)

   ReactiveOAuth2ClientAutoCo
nfiguration:
      Did not match:
         - 
@ConditionalOnClass did not 
find required class 'reactor.
core.publisher.Flux' 
(OnClassCondition)

   ReactiveOAuth2ResourceServ
erAutoConfiguration:
      Did not match:
         - 
@ConditionalOnWebApplication 
did not find reactive web 
application classes 
(OnWebApplicationCondition)

   ReactiveSecurityAutoConfig
uration:
      Did not match:
         - 
@ConditionalOnClass did not 
find required class 'reactor.
core.publisher.Flux' 
(OnClassCondition)

   ReactiveUserDetailsService
AutoConfiguration:
      Did not match:
         - 
AnyNestedCondition 0 matched 
2 did not; NestedCondition 
on ReactiveUserDetailsService
AutoConfiguration.RSocketEnab
ledOrReactiveWebApplication.R
eactiveWebApplicationConditio
n did not find reactive web 
application classes; 
NestedCondition on ReactiveUs
erDetailsServiceAutoConfigura
tion.RSocketEnabledOrReactive
WebApplication.RSocketSecurit
yEnabledCondition 
@ConditionalOnBean (types: or
g.springframework.messaging.r
socket.annotation.support.RSo
cketMessageHandler; 
SearchStrategy: all) did not 
find any beans of type org.sp
ringframework.messaging.rsock
et.annotation.support.RSocket
MessageHandler (ReactiveUserD
etailsServiceAutoConfiguratio
n.RSocketEnabledOrReactiveWeb
Application)
      Matched:
         - 
@ConditionalOnClass found 
required class 'org.springfra
mework.security.authenticatio
n.ReactiveAuthenticationManag
er' (OnClassCondition)
         - 
AnyNestedCondition 1 matched 
2 did not; NestedCondition 
on ReactiveUserDetailsService
AutoConfiguration.MissingAlte
rnativeOrUserPropertiesConfig
ured.PasswordConfigured 
@ConditionalOnProperty (sprin
g.security.user.password) 
did not find property 
'password'; NestedCondition 
on ReactiveUserDetailsService
AutoConfiguration.MissingAlte
rnativeOrUserPropertiesConfig
ured.NameConfigured 
@ConditionalOnProperty 
(spring.security.user.name) 
did not find property 
'name'; NestedCondition on Re
activeUserDetailsServiceAutoC
onfiguration.MissingAlternati
veOrUserPropertiesConfigured.
MissingAlternative 
@ConditionalOnMissingClass 
did not find unwanted 
classes 'org.springframework.
security.oauth2.client.regist
ration.ClientRegistrationRepo
sitory', 'org.springframework
.security.oauth2.server.resou
rce.introspection.ReactiveOpa
queTokenIntrospector' (Reacti
veUserDetailsServiceAutoConfi
guration.MissingAlternativeOr
UserPropertiesConfigured)

   ReactiveWebServerFactoryAu
toConfiguration:
      Did not match:
         - 
@ConditionalOnWebApplication 
did not find reactive web 
application classes 
(OnWebApplicationCondition)

   ReactorAutoConfiguration:
      Did not match:
         - 
@ConditionalOnClass did not 
find required class 'reactor.
core.publisher.Hooks' 
(OnClassCondition)

   RedisAutoConfiguration:
      Did not match:
         - 
@ConditionalOnClass did not 
find required class 'org.spri
ngframework.data.redis.core.R
edisOperations' 
(OnClassCondition)

   RedisCacheConfiguration:
      Did not match:
         - 
@ConditionalOnClass did not 
find required class 'org.spri
ngframework.data.redis.connec
tion.RedisConnectionFactory' 
(OnClassCondition)

   RedisReactiveAutoConfigura
tion:
      Did not match:
         - 
@ConditionalOnClass did not 
find required class 'reactor.
core.publisher.Flux' 
(OnClassCondition)

   RedisRepositoriesAutoConfi
guration:
      Did not match:
         - 
@ConditionalOnClass did not 
find required class 'org.spri
ngframework.data.redis.reposi
tory.configuration.EnableRedi
sRepositories' 
(OnClassCondition)

   RepositoryRestMvcAutoConfi
guration:
      Did not match:
         - 
@ConditionalOnClass did not 
find required class 'org.spri
ngframework.data.rest.webmvc.
config.RepositoryRestMvcConfi
guration' (OnClassCondition)

   Saml2RelyingPartyAutoConfi
guration:
      Did not match:
         - 
@ConditionalOnClass did not 
find required class 'org.spri
ngframework.security.saml2.pr
ovider.service.registration.R
elyingPartyRegistrationReposi
tory' (OnClassCondition)

   SecurityDataConfiguration:
      Did not match:
         - 
@ConditionalOnClass did not 
find required class 'org.spri
ngframework.security.data.rep
ository.query.SecurityEvaluat
ionContextExtension' 
(OnClassCondition)

   SendGridAutoConfiguration:
      Did not match:
         - 
@ConditionalOnClass did not 
find required class 
'com.sendgrid.SendGrid' 
(OnClassCondition)

   ServletWebServerFactoryAut
oConfiguration.ForwardedHeade
rFilterConfiguration:
      Did not match:
         - 
@ConditionalOnProperty (serve
r.forward-headers-strategy=fr
amework) did not find 
property 'server.forward-head
ers-strategy' 
(OnPropertyCondition)

   ServletWebServerFactoryCon
figuration.EmbeddedJetty:
      Did not match:
         - 
@ConditionalOnClass did not 
find required classes 'org.ec
lipse.jetty.server.Server', '
org.eclipse.jetty.util.Loader
', 'org.eclipse.jetty.ee10.we
bapp.WebAppContext' 
(OnClassCondition)

   ServletWebServerFactoryCon
figuration.EmbeddedUndertow:
      Did not match:
         - 
@ConditionalOnClass did not 
find required classes 
'io.undertow.Undertow', 
'org.xnio.SslClientAuthMode' 
(OnClassCondition)

   SessionAutoConfiguration:
      Did not match:
         - 
@ConditionalOnClass did not 
find required class 'org.spri
ngframework.session.Session' 
(OnClassCondition)

   SpringApplicationAdminJmxA
utoConfiguration:
      Did not match:
         - 
@ConditionalOnProperty (sprin
g.application.admin.enabled=t
rue) did not find property 
'enabled' 
(OnPropertyCondition)

   SpringBootWebSecurityConfi
guration.SecurityFilterChainC
onfiguration:
      Did not match:
         - 
AllNestedConditions 1 
matched 1 did not; 
NestedCondition on DefaultWeb
SecurityCondition.Beans 
@ConditionalOnMissingBean 
(types: org.springframework.s
ecurity.web.SecurityFilterCha
in; SearchStrategy: all) 
found beans of type 'org.spri
ngframework.security.web.Secu
rityFilterChain' 
filterChain; NestedCondition 
on DefaultWebSecurityConditio
n.Classes 
@ConditionalOnClass found 
required classes 'org.springf
ramework.security.web.Securit
yFilterChain', 'org.springfra
mework.security.config.annota
tion.web.builders.HttpSecurit
y' 
(DefaultWebSecurityCondition)

   SpringBootWebSecurityConfi
guration.WebSecurityEnablerCo
nfiguration:
      Did not match:
         - 
@ConditionalOnMissingBean 
(names: 
springSecurityFilterChain; 
SearchStrategy: all) found 
beans named 
springSecurityFilterChain 
(OnBeanCondition)
      Matched:
         - 
@ConditionalOnClass found 
required class 'org.springfra
mework.security.config.annota
tion.web.configuration.Enable
WebSecurity' 
(OnClassCondition)

   TaskExecutorConfigurations
.SimpleAsyncTaskExecutorBuild
erConfiguration#simpleAsyncTa
skExecutorBuilderVirtualThrea
ds:
      Did not match:
         - 
@ConditionalOnMissingBean 
(types: org.springframework.b
oot.task.SimpleAsyncTaskExecu
torBuilder; SearchStrategy: 
all) found beans of type 'org
.springframework.boot.task.Si
mpleAsyncTaskExecutorBuilder'
 simpleAsyncTaskExecutorBuild
er (OnBeanCondition)

   TaskExecutorConfigurations
.TaskExecutorConfiguration#ap
plicationTaskExecutorVirtualT
hreads:
      Did not match:
         - 
@ConditionalOnThreading did 
not find VIRTUAL 
(OnThreadingCondition)

   TaskSchedulingAutoConfigur
ation#scheduledBeanLazyInitia
lizationExcludeFilter:
      Did not match:
         - 
@ConditionalOnBean (names: or
g.springframework.context.ann
otation.internalScheduledAnno
tationProcessor; 
SearchStrategy: all) did not 
find any beans named org.spri
ngframework.context.annotatio
n.internalScheduledAnnotation
Processor (OnBeanCondition)

   TaskSchedulingConfiguratio
ns.SimpleAsyncTaskSchedulerBu
ilderConfiguration#simpleAsyn
cTaskSchedulerBuilderVirtualT
hreads:
      Did not match:
         - 
@ConditionalOnMissingBean 
(types: org.springframework.b
oot.task.SimpleAsyncTaskSched
ulerBuilder; SearchStrategy: 
all) found beans of type 'org
.springframework.boot.task.Si
mpleAsyncTaskSchedulerBuilder
' simpleAsyncTaskSchedulerBui
lder (OnBeanCondition)

   TaskSchedulingConfiguratio
ns.TaskSchedulerConfiguration
:
      Did not match:
2026-03-16T22:02:00.977+05:30  INFO 18616 --- [fixzon-backend] [           main] .s.b.a.l.ConditionEvaluationReportLogger : 

Error starting ApplicationContext. To display the condition evaluation report re-run your application with 'debug' enabled.
2026-03-16T22:02:00.995+05:30 ERROR 18616 --- [fixzon-backend] [           main] o.s.boot.SpringApplication               : Application run failed

org.springframework.beans.factory.BeanCreationException: Error creating bean with name 'entityManagerFactory' defined in class path resource [org/springframework/boot/autoconfigure/orm/jpa/HibernateJpaConfiguration.class]: Entity classes [com.fixzone.fixzon_backend.entity.User] and [com.fixzone.fixzon_backend.model.User] share the entity name 'User' (entity names must be distinct)
	at org.springframework.beans.factory.support.AbstractAutowireCapableBeanFactory.initializeBean(AbstractAutowireCapableBeanFactory.java:1812) ~[spring-beans-6.2.3.jar:6.2.3]
	at org.springframework.beans.factory.support.AbstractAutowireCapableBeanFactory.doCreateBean(AbstractAutowireCapableBeanFactory.java:601) ~[spring-beans-6.2.3.jar:6.2.3]
	at org.springframework.beans.factory.support.AbstractAutowireCapableBeanFactory.createBean(AbstractAutowireCapableBeanFactory.java:523) ~[spring-beans-6.2.3.jar:6.2.3]
	at org.springframework.beans.factory.support.AbstractBeanFactory.lambda$doGetBean$0(AbstractBeanFactory.java:339) ~[spring-beans-6.2.3.jar:6.2.3]
	at org.springframework.beans.factory.support.DefaultSingletonBeanRegistry.getSingleton(DefaultSingletonBeanRegistry.java:346) ~[spring-beans-6.2.3.jar:6.2.3]
	at org.springframework.beans.factory.support.AbstractBeanFactory.doGetBean(AbstractBeanFactory.java:337) ~[spring-beans-6.2.3.jar:6.2.3]
	at org.springframework.beans.factory.support.AbstractBeanFactory.getBean(AbstractBeanFactory.java:207) ~[spring-beans-6.2.3.jar:6.2.3]
	at org.springframework.context.support.AbstractApplicationContext.finishBeanFactoryInitialization(AbstractApplicationContext.java:970) ~[spring-context-6.2.3.jar:6.2.3]
	at org.springframework.context.support.AbstractApplicationContext.refresh(AbstractApplicationContext.java:627) ~[spring-context-6.2.3.jar:6.2.3]
	at org.springframework.boot.SpringApplication.refresh(SpringApplication.java:752) ~[spring-boot-3.4.3.jar:3.4.3]
	at org.springframework.boot.SpringApplication.refreshContext(SpringApplication.java:439) ~[spring-boot-3.4.3.jar:3.4.3]
	at org.springframework.boot.SpringApplication.run(SpringApplication.java:318) ~[spring-boot-3.4.3.jar:3.4.3]
	at org.springframework.boot.test.context.SpringBootContextLoader.lambda$loadContext$3(SpringBootContextLoader.java:137) ~[spring-boot-test-3.4.3.jar:3.4.3]
	at org.springframework.util.function.ThrowingSupplier.get(ThrowingSupplier.java:58) ~[spring-core-6.2.3.jar:6.2.3]
	at org.springframework.util.function.ThrowingSupplier.get(ThrowingSupplier.java:46) ~[spring-core-6.2.3.jar:6.2.3]
	at org.springframework.boot.SpringApplication.withHook(SpringApplication.java:1461) ~[spring-boot-3.4.3.jar:3.4.3]
	at org.springframework.boot.test.context.SpringBootContextLoader$ContextLoaderHook.run(SpringBootContextLoader.java:553) ~[spring-boot-test-3.4.3.jar:3.4.3]
	at org.springframework.boot.test.context.SpringBootContextLoader.loadContext(SpringBootContextLoader.java:137) ~[spring-boot-test-3.4.3.jar:3.4.3]
	at org.springframework.boot.test.context.SpringBootContextLoader.loadContext(SpringBootContextLoader.java:108) ~[spring-boot-test-3.4.3.jar:3.4.3]
	at org.springframework.test.context.cache.DefaultCacheAwareContextLoaderDelegate.loadContextInternal(DefaultCacheAwareContextLoaderDelegate.java:225) ~[spring-test-6.2.3.jar:6.2.3]
	at org.springframework.test.context.cache.DefaultCacheAwareContextLoaderDelegate.loadContext(DefaultCacheAwareContextLoaderDelegate.java:152) ~[spring-test-6.2.3.jar:6.2.3]
	at org.springframework.test.context.support.DefaultTestContext.getApplicationContext(DefaultTestContext.java:130) ~[spring-test-6.2.3.jar:6.2.3]
	at org.springframework.test.context.web.ServletTestExecutionListener.setUpRequestContextIfNecessary(ServletTestExecutionListener.java:200) ~[spring-test-6.2.3.jar:6.2.3]
         - 
@ConditionalOnBean (names: or
g.springframework.context.ann
otation.internalScheduledAnno
tationProcessor; 
SearchStrategy: all) did not 
find any beans named org.spri
ngframework.context.annotatio
n.internalScheduledAnnotation
Processor (OnBeanCondition)

   
ThymeleafAutoConfiguration:
      Did not match:
         - 
@ConditionalOnClass did not 
find required class 'org.thym
eleaf.spring6.SpringTemplateE
ngine' (OnClassCondition)

   TransactionAutoConfigurati
on#transactionalOperator:
      Did not match:
         - @ConditionalOnSing
leCandidate (types: org.sprin
gframework.transaction.Reacti
veTransactionManager; 
SearchStrategy: all) did not 
find any beans 
(OnBeanCondition)

   TransactionAutoConfigurati
on.AspectJTransactionManageme
ntConfiguration:
      Did not match:
         - 
@ConditionalOnBean (types: or
g.springframework.transaction
.aspectj.AbstractTransactionA
spect; SearchStrategy: all) 
did not find any beans of 
type org.springframework.tran
saction.aspectj.AbstractTrans
actionAspect 
(OnBeanCondition)

   TransactionAutoConfigurati
on.EnableTransactionManagemen
tConfiguration.JdkDynamicAuto
ProxyConfiguration:
      Did not match:
         - 
@ConditionalOnProperty (sprin
g.aop.proxy-target-class=fals
e) did not find property 
'proxy-target-class' 
(OnPropertyCondition)

	at org.springframework.test.context.web.ServletTestExecutionListener.prepareTestInstance(ServletTestExecutionListener.java:139) ~[spring-test-6.2.3.jar:6.2.3]
	at org.springframework.test.context.TestContextManager.prepareTestInstance(TestContextManager.java:260) ~[spring-test-6.2.3.jar:6.2.3]
	at org.springframework.test.context.junit.jupiter.SpringExtension.postProcessTestInstance(SpringExtension.java:160) ~[spring-test-6.2.3.jar:6.2.3]
	at org.junit.jupiter.engine.descriptor.ClassBasedTestDescriptor.lambda$invokeTestInstancePostProcessors$11(ClassBasedTestDescriptor.java:378) ~[junit-jupiter-engine-5.11.4.jar:5.11.4]
	at org.junit.jupiter.engine.descriptor.ClassBasedTestDescriptor.executeAndMaskThrowable(ClassBasedTestDescriptor.java:383) ~[junit-jupiter-engine-5.11.4.jar:5.11.4]
	at org.junit.jupiter.engine.descriptor.ClassBasedTestDescriptor.lambda$invokeTestInstancePostProcessors$12(ClassBasedTestDescriptor.java:378) ~[junit-jupiter-engine-5.11.4.jar:5.11.4]
	at java.base/java.util.stream.ForEachOps$ForEachOp$OfRef.accept(ForEachOps.java:184) ~[na:na]
	at java.base/java.util.stream.ReferencePipeline$3$1.accept(ReferencePipeline.java:197) ~[na:na]
	at java.base/java.util.stream.ReferencePipeline$2$1.accept(ReferencePipeline.java:179) ~[na:na]
	at java.base/java.util.stream.ReferencePipeline$3$1.accept(ReferencePipeline.java:197) ~[na:na]
	at java.base/java.util.ArrayList$ArrayListSpliterator.forEachRemaining(ArrayList.java:1708) ~[na:na]
	at java.base/java.util.stream.AbstractPipeline.copyInto(AbstractPipeline.java:509) ~[na:na]
	at java.base/java.util.stream.AbstractPipeline.wrapAndCopyInto(AbstractPipeline.java:499) ~[na:na]
	at java.base/java.util.stream.ForEachOps$ForEachOp.evaluateSequential(ForEachOps.java:151) ~[na:na]
	at java.base/java.util.stream.ForEachOps$ForEachOp$OfRef.evaluateSequential(ForEachOps.java:174) ~[na:na]
	at java.base/java.util.stream.AbstractPipeline.evaluate(AbstractPipeline.java:234) ~[na:na]
	at java.base/java.util.stream.ReferencePipeline.forEach(ReferencePipeline.java:596) ~[na:na]
	at org.junit.jupiter.engine.descriptor.ClassBasedTestDescriptor.invokeTestInstancePostProcessors(ClassBasedTestDescriptor.java:377) ~[junit-jupiter-engine-5.11.4.jar:5.11.4]
	at org.junit.jupiter.engine.descriptor.ClassBasedTestDescriptor.lambda$instantiateAndPostProcessTestInstance$7(ClassBasedTestDescriptor.java:290) ~[junit-jupiter-engine-5.11.4.jar:5.11.4]
	at org.junit.platform.engine.support.hierarchical.ThrowableCollector.execute(ThrowableCollector.java:73) ~[junit-platform-engine-1.11.4.jar:1.11.4]
	at org.junit.jupiter.engine.descriptor.ClassBasedTestDescriptor.instantiateAndPostProcessTestInstance(ClassBasedTestDescriptor.java:289) ~[junit-jupiter-engine-5.11.4.jar:5.11.4]
	at org.junit.jupiter.engine.descriptor.ClassBasedTestDescriptor.lambda$testInstancesProvider$5(ClassBasedTestDescriptor.java:279) ~[junit-jupiter-engine-5.11.4.jar:5.11.4]
	at java.base/java.util.Optional.orElseGet(Optional.java:364) ~[na:na]
	at org.junit.jupiter.engine.descriptor.ClassBasedTestDescriptor.lambda$testInstancesProvider$6(ClassBasedTestDescriptor.java:278) ~[junit-jupiter-engine-5.11.4.jar:5.11.4]
	at org.junit.jupiter.engine.execution.TestInstancesProvider.getTestInstances(TestInstancesProvider.java:31) ~[junit-jupiter-engine-5.11.4.jar:5.11.4]
	at org.junit.jupiter.engine.descriptor.TestMethodTestDescriptor.lambda$prepare$1(TestMethodTestDescriptor.java:105) ~[junit-jupiter-engine-5.11.4.jar:5.11.4]
	at org.junit.platform.engine.support.hierarchical.ThrowableCollector.execute(ThrowableCollector.java:73) ~[junit-platform-engine-1.11.4.jar:1.11.4]
	at org.junit.jupiter.engine.descriptor.TestMethodTestDescriptor.prepare(TestMethodTestDescriptor.java:104) ~[junit-jupiter-engine-5.11.4.jar:5.11.4]
	at org.junit.jupiter.engine.descriptor.TestMethodTestDescriptor.prepare(TestMethodTestDescriptor.java:68) ~[junit-jupiter-engine-5.11.4.jar:5.11.4]
	at org.junit.platform.engine.support.hierarchical.NodeTestTask.lambda$prepare$2(NodeTestTask.java:128) ~[junit-platform-engine-1.11.4.jar:1.11.4]
	at org.junit.platform.engine.support.hierarchical.ThrowableCollector.execute(ThrowableCollector.java:73) ~[junit-platform-engine-1.11.4.jar:1.11.4]
	at org.junit.platform.engine.support.hierarchical.NodeTestTask.prepare(NodeTestTask.java:128) ~[junit-platform-engine-1.11.4.jar:1.11.4]
	at org.junit.platform.engine.support.hierarchical.NodeTestTask.execute(NodeTestTask.java:95) ~[junit-platform-engine-1.11.4.jar:1.11.4]
	at java.base/java.util.ArrayList.forEach(ArrayList.java:1596) ~[na:na]
	at org.junit.platform.engine.support.hierarchical.SameThreadHierarchicalTestExecutorService.invokeAll(SameThreadHierarchicalTestExecutorService.java:41) ~[junit-platform-engine-1.11.4.jar:1.11.4]
	at org.junit.platform.engine.support.hierarchical.NodeTestTask.lambda$executeRecursively$6(NodeTestTask.java:160) ~[junit-platform-engine-1.11.4.jar:1.11.4]
	at org.junit.platform.engine.support.hierarchical.ThrowableCollector.execute(ThrowableCollector.java:73) ~[junit-platform-engine-1.11.4.jar:1.11.4]
	at org.junit.platform.engine.support.hierarchical.NodeTestTask.lambda$executeRecursively$8(NodeTestTask.java:146) ~[junit-platform-engine-1.11.4.jar:1.11.4]
	at org.junit.platform.engine.support.hierarchical.Node.around(Node.java:137) ~[junit-platform-engine-1.11.4.jar:1.11.4]
	at org.junit.platform.engine.support.hierarchical.NodeTestTask.lambda$executeRecursively$9(NodeTestTask.java:144) ~[junit-platform-engine-1.11.4.jar:1.11.4]
	at org.junit.platform.engine.support.hierarchical.ThrowableCollector.execute(ThrowableCollector.java:73) ~[junit-platform-engine-1.11.4.jar:1.11.4]
	at org.junit.platform.engine.support.hierarchical.NodeTestTask.executeRecursively(NodeTestTask.java:143) ~[junit-platform-engine-1.11.4.jar:1.11.4]
	at org.junit.platform.engine.support.hierarchical.NodeTestTask.execute(NodeTestTask.java:100) ~[junit-platform-engine-1.11.4.jar:1.11.4]
	at java.base/java.util.ArrayList.forEach(ArrayList.java:1596) ~[na:na]
	at org.junit.platform.engine.support.hierarchical.SameThreadHierarchicalTestExecutorService.invokeAll(SameThreadHierarchicalTestExecutorService.java:41) ~[junit-platform-engine-1.11.4.jar:1.11.4]
	at org.junit.platform.engine.support.hierarchical.NodeTestTask.lambda$executeRecursively$6(NodeTestTask.java:160) ~[junit-platform-engine-1.11.4.jar:1.11.4]
	at org.junit.platform.engine.support.hierarchical.ThrowableCollector.execute(ThrowableCollector.java:73) ~[junit-platform-engine-1.11.4.jar:1.11.4]
	at org.junit.platform.engine.support.hierarchical.NodeTestTask.lambda$executeRecursively$8(NodeTestTask.java:146) ~[junit-platform-engine-1.11.4.jar:1.11.4]
	at org.junit.platform.engine.support.hierarchical.Node.around(Node.java:137) ~[junit-platform-engine-1.11.4.jar:1.11.4]
	at org.junit.platform.engine.support.hierarchical.NodeTestTask.lambda$executeRecursively$9(NodeTestTask.java:144) ~[junit-platform-engine-1.11.4.jar:1.11.4]
	at org.junit.platform.engine.support.hierarchical.ThrowableCollector.execute(ThrowableCollector.java:73) ~[junit-platform-engine-1.11.4.jar:1.11.4]
	at org.junit.platform.engine.support.hierarchical.NodeTestTask.executeRecursively(NodeTestTask.java:143) ~[junit-platform-engine-1.11.4.jar:1.11.4]
	at org.junit.platform.engine.support.hierarchical.NodeTestTask.execute(NodeTestTask.java:100) ~[junit-platform-engine-1.11.4.jar:1.11.4]
	at org.junit.platform.engine.support.hierarchical.SameThreadHierarchicalTestExecutorService.submit(SameThreadHierarchicalTestExecutorService.java:35) ~[junit-platform-engine-1.11.4.jar:1.11.4]
	at org.junit.platform.engine.support.hierarchical.HierarchicalTestExecutor.execute(HierarchicalTestExecutor.java:57) ~[junit-platform-engine-1.11.4.jar:1.11.4]
	at org.junit.platform.engine.support.hierarchical.HierarchicalTestEngine.execute(HierarchicalTestEngine.java:54) ~[junit-platform-engine-1.11.4.jar:1.11.4]
	at org.junit.platform.launcher.core.EngineExecutionOrchestrator.execute(EngineExecutionOrchestrator.java:198) ~[junit-platform-launcher-1.11.4.jar:1.11.4]
	at org.junit.platform.launcher.core.EngineExecutionOrchestrator.execute(EngineExecutionOrchestrator.java:169) ~[junit-platform-launcher-1.11.4.jar:1.11.4]
	at org.junit.platform.launcher.core.EngineExecutionOrchestrator.execute(EngineExecutionOrchestrator.java:93) ~[junit-platform-launcher-1.11.4.jar:1.11.4]
	at org.junit.platform.launcher.core.EngineExecutionOrchestrator.lambda$execute$0(EngineExecutionOrchestrator.java:58) ~[junit-platform-launcher-1.11.4.jar:1.11.4]
	at org.junit.platform.launcher.core.EngineExecutionOrchestrator.withInterceptedStreams(EngineExecutionOrchestrator.java:141) ~[junit-platform-launcher-1.11.4.jar:1.11.4]
	at org.junit.platform.launcher.core.EngineExecutionOrchestrator.execute(EngineExecutionOrchestrator.java:57) ~[junit-platform-launcher-1.11.4.jar:1.11.4]
	at org.junit.platform.launcher.core.DefaultLauncher.execute(DefaultLauncher.java:103) ~[junit-platform-launcher-1.11.4.jar:1.11.4]
	at org.junit.platform.launcher.core.DefaultLauncher.execute(DefaultLauncher.java:85) ~[junit-platform-launcher-1.11.4.jar:1.11.4]
	at org.junit.platform.launcher.core.DelegatingLauncher.execute(DelegatingLauncher.java:47) ~[junit-platform-launcher-1.11.4.jar:1.11.4]
	at org.apache.maven.surefire.junitplatform.LazyLauncher.execute(LazyLauncher.java:56) ~[surefire-junit-platform-3.5.2.jar:3.5.2]
	at org.apache.maven.surefire.junitplatform.JUnitPlatformProvider.execute(JUnitPlatformProvider.java:184) ~[surefire-junit-platform-3.5.2.jar:3.5.2]
	at org.apache.maven.surefire.junitplatform.JUnitPlatformProvider.invokeAllTests(JUnitPlatformProvider.java:148) ~[surefire-junit-platform-3.5.2.jar:3.5.2]
	at org.apache.maven.surefire.junitplatform.JUnitPlatformProvider.invoke(JUnitPlatformProvider.java:122) ~[surefire-junit-platform-3.5.2.jar:3.5.2]
	at org.apache.maven.surefire.booter.ForkedBooter.runSuitesInProcess(ForkedBooter.java:385) ~[surefire-booter-3.5.2.jar:3.5.2]
	at org.apache.maven.surefire.booter.ForkedBooter.execute(ForkedBooter.java:162) ~[surefire-booter-3.5.2.jar:3.5.2]
	at org.apache.maven.surefire.booter.ForkedBooter.run(ForkedBooter.java:507) ~[surefire-booter-3.5.2.jar:3.5.2]
	at org.apache.maven.surefire.booter.ForkedBooter.main(ForkedBooter.java:495) ~[surefire-booter-3.5.2.jar:3.5.2]
Caused by: org.hibernate.DuplicateMappingException: Entity classes [com.fixzone.fixzon_backend.entity.User] and [com.fixzone.fixzon_backend.model.User] share the entity name 'User' (entity names must be distinct)
	at org.hibernate.boot.internal.InFlightMetadataCollectorImpl.addEntityBinding(InFlightMetadataCollectorImpl.java:360) ~[hibernate-core-6.6.8.Final.jar:6.6.8.Final]
	at org.hibernate.boot.model.internal.EntityBinder.bindEntityClass(EntityBinder.java:262) ~[hibernate-core-6.6.8.Final.jar:6.6.8.Final]
	at org.hibernate.boot.model.internal.AnnotationBinder.bindClass(AnnotationBinder.java:401) ~[hibernate-core-6.6.8.Final.jar:6.6.8.Final]
	at org.hibernate.boot.model.source.internal.annotations.AnnotationMetadataSourceProcessorImpl.processEntityHierarchies(AnnotationMetadataSourceProcessorImpl.java:257) ~[hibernate-core-6.6.8.Final.jar:6.6.8.Final]
	at org.hibernate.boot.model.process.spi.MetadataBuildingProcess$1.processEntityHierarchies(MetadataBuildingProcess.java:281) ~[hibernate-core-6.6.8.Final.jar:6.6.8.Final]
	at org.hibernate.boot.model.process.spi.MetadataBuildingProcess.complete(MetadataBuildingProcess.java:324) ~[hibernate-core-6.6.8.Final.jar:6.6.8.Final]
	at org.hibernate.jpa.boot.internal.EntityManagerFactoryBuilderImpl.metadata(EntityManagerFactoryBuilderImpl.java:1442) ~[hibernate-core-6.6.8.Final.jar:6.6.8.Final]
	at org.hibernate.jpa.boot.internal.EntityManagerFactoryBuilderImpl.build(EntityManagerFactoryBuilderImpl.java:1513) ~[hibernate-core-6.6.8.Final.jar:6.6.8.Final]
	at org.springframework.orm.jpa.vendor.SpringHibernateJpaPersistenceProvider.createContainerEntityManagerFactory(SpringHibernateJpaPersistenceProvider.java:66) ~[spring-orm-6.2.3.jar:6.2.3]
	at org.springframework.orm.jpa.LocalContainerEntityManagerFactoryBean.createNativeEntityManagerFactory(LocalContainerEntityManagerFactoryBean.java:390) ~[spring-orm-6.2.3.jar:6.2.3]
	at org.springframework.orm.jpa.AbstractEntityManagerFactoryBean.buildNativeEntityManagerFactory(AbstractEntityManagerFactoryBean.java:419) ~[spring-orm-6.2.3.jar:6.2.3]
	at org.springframework.orm.jpa.AbstractEntityManagerFactoryBean.afterPropertiesSet(AbstractEntityManagerFactoryBean.java:400) ~[spring-orm-6.2.3.jar:6.2.3]
	at org.springframework.orm.jpa.LocalContainerEntityManagerFactoryBean.afterPropertiesSet(LocalContainerEntityManagerFactoryBean.java:366) ~[spring-orm-6.2.3.jar:6.2.3]
	at org.springframework.beans.factory.support.AbstractAutowireCapableBeanFactory.invokeInitMethods(AbstractAutowireCapableBeanFactory.java:1859) ~[spring-beans-6.2.3.jar:6.2.3]
	at org.springframework.beans.factory.support.AbstractAutowireCapableBeanFactory.initializeBean(AbstractAutowireCapableBeanFactory.java:1808) ~[spring-beans-6.2.3.jar:6.2.3]
	... 95 common frames omitted

2026-03-16T22:02:01.003+05:30  WARN 18616 --- [fixzon-backend] [           main] o.s.test.context.TestContextManager      : Caught exception while allowing TestExecutionListener [org.springframework.test.context.web.ServletTestExecutionListener] to prepare test instance [com.fixzone.fixzon_backend.FixzonBackendApplicationTests@2a6c751f]

java.lang.IllegalStateException: Failed to load ApplicationContext for [WebMergedContextConfiguration@62cf86d6 testClass = com.fixzone.fixzon_backend.FixzonBackendApplicationTests, locations = [], classes = [com.fixzone.fixzon_backend.FixzonBackendApplication], contextInitializerClasses = [], activeProfiles = [], propertySourceDescriptors = [], propertySourceProperties = ["org.springframework.boot.test.context.SpringBootTestContextBootstrapper=true"], contextCustomizers = [org.springframework.boot.test.context.filter.ExcludeFilterContextCustomizer@69ee81fc, org.springframework.boot.test.json.DuplicateJsonObjectContextCustomizerFactory$DuplicateJsonObjectContextCustomizer@29f7cefd, org.springframework.boot.test.mock.mockito.MockitoContextCustomizer@0, org.springframework.boot.test.web.client.TestRestTemplateContextCustomizer@17503f6b, org.springframework.boot.test.web.reactor.netty.DisableReactorResourceFactoryGlobalResourcesContextCustomizerFactory$DisableReactorResourceFactoryGlobalResourcesContextCustomizerCustomizer@3e2055d6, org.springframework.boot.test.autoconfigure.OnFailureConditionReportContextCustomizerFactory$OnFailureConditionReportContextCustomizer@50f6ac94, org.springframework.boot.test.autoconfigure.actuate.observability.ObservabilityContextCustomizerFactory$DisableObservabilityContextCustomizer@1f, org.springframework.boot.test.autoconfigure.properties.PropertyMappingContextCustomizer@0, org.springframework.boot.test.autoconfigure.web.servlet.WebDriverContextCustomizer@6c7a164b, org.springframework.test.context.support.DynamicPropertiesContextCustomizer@0, org.springframework.boot.test.context.SpringBootTestAnnotation@57f258d3], resourceBasePath = "src/main/webapp", contextLoader = org.springframework.boot.test.context.SpringBootContextLoader, parent = null]
	at org.springframework.test.context.cache.DefaultCacheAwareContextLoaderDelegate.loadContext(DefaultCacheAwareContextLoaderDelegate.java:180) ~[spring-test-6.2.3.jar:6.2.3]
	at org.springframework.test.context.support.DefaultTestContext.getApplicationContext(DefaultTestContext.java:130) ~[spring-test-6.2.3.jar:6.2.3]
	at org.springframework.test.context.web.ServletTestExecutionListener.setUpRequestContextIfNecessary(ServletTestExecutionListener.java:200) ~[spring-test-6.2.3.jar:6.2.3]
	at org.springframework.test.context.web.ServletTestExecutionListener.prepareTestInstance(ServletTestExecutionListener.java:139) ~[spring-test-6.2.3.jar:6.2.3]
	at org.springframework.test.context.TestContextManager.prepareTestInstance(TestContextManager.java:260) ~[spring-test-6.2.3.jar:6.2.3]
	at org.springframework.test.context.junit.jupiter.SpringExtension.postProcessTestInstance(SpringExtension.java:160) ~[spring-test-6.2.3.jar:6.2.3]
	at org.junit.jupiter.engine.descriptor.ClassBasedTestDescriptor.lambda$invokeTestInstancePostProcessors$11(ClassBasedTestDescriptor.java:378) ~[junit-jupiter-engine-5.11.4.jar:5.11.4]
	at org.junit.jupiter.engine.descriptor.ClassBasedTestDescriptor.executeAndMaskThrowable(ClassBasedTestDescriptor.java:383) ~[junit-jupiter-engine-5.11.4.jar:5.11.4]
	at org.junit.jupiter.engine.descriptor.ClassBasedTestDescriptor.lambda$invokeTestInstancePostProcessors$12(ClassBasedTestDescriptor.java:378) ~[junit-jupiter-engine-5.11.4.jar:5.11.4]
	at java.base/java.util.stream.ForEachOps$ForEachOp$OfRef.accept(ForEachOps.java:184) ~[na:na]
	at java.base/java.util.stream.ReferencePipeline$3$1.accept(ReferencePipeline.java:197) ~[na:na]
	at java.base/java.util.stream.ReferencePipeline$2$1.accept(ReferencePipeline.java:179) ~[na:na]
	at java.base/java.util.stream.ReferencePipeline$3$1.accept(ReferencePipeline.java:197) ~[na:na]
	at java.base/java.util.ArrayList$ArrayListSpliterator.forEachRemaining(ArrayList.java:1708) ~[na:na]
	at java.base/java.util.stream.AbstractPipeline.copyInto(AbstractPipeline.java:509) ~[na:na]
	at java.base/java.util.stream.AbstractPipeline.wrapAndCopyInto(AbstractPipeline.java:499) ~[na:na]
	at java.base/java.util.stream.ForEachOps$ForEachOp.evaluateSequential(ForEachOps.java:151) ~[na:na]
	at java.base/java.util.stream.ForEachOps$ForEachOp$OfRef.evaluateSequential(ForEachOps.java:174) ~[na:na]
	at java.base/java.util.stream.AbstractPipeline.evaluate(AbstractPipeline.java:234) ~[na:na]
	at java.base/java.util.stream.ReferencePipeline.forEach(ReferencePipeline.java:596) ~[na:na]
	at org.junit.jupiter.engine.descriptor.ClassBasedTestDescriptor.invokeTestInstancePostProcessors(ClassBasedTestDescriptor.java:377) ~[junit-jupiter-engine-5.11.4.jar:5.11.4]
	at org.junit.jupiter.engine.descriptor.ClassBasedTestDescriptor.lambda$instantiateAndPostProcessTestInstance$7(ClassBasedTestDescriptor.java:290) ~[junit-jupiter-engine-5.11.4.jar:5.11.4]
	at org.junit.platform.engine.support.hierarchical.ThrowableCollector.execute(ThrowableCollector.java:73) ~[junit-platform-engine-1.11.4.jar:1.11.4]
	at org.junit.jupiter.engine.descriptor.ClassBasedTestDescriptor.instantiateAndPostProcessTestInstance(ClassBasedTestDescriptor.java:289) ~[junit-jupiter-engine-5.11.4.jar:5.11.4]
	at org.junit.jupiter.engine.descriptor.ClassBasedTestDescriptor.lambda$testInstancesProvider$5(ClassBasedTestDescriptor.java:279) ~[junit-jupiter-engine-5.11.4.jar:5.11.4]
	at java.base/java.util.Optional.orElseGet(Optional.java:364) ~[na:na]
	at org.junit.jupiter.engine.descriptor.ClassBasedTestDescriptor.lambda$testInstancesProvider$6(ClassBasedTestDescriptor.java:278) ~[junit-jupiter-engine-5.11.4.jar:5.11.4]
	at org.junit.jupiter.engine.execution.TestInstancesProvider.getTestInstances(TestInstancesProvider.java:31) ~[junit-jupiter-engine-5.11.4.jar:5.11.4]
	at org.junit.jupiter.engine.descriptor.TestMethodTestDescriptor.lambda$prepare$1(TestMethodTestDescriptor.java:105) ~[junit-jupiter-engine-5.11.4.jar:5.11.4]
	at org.junit.platform.engine.support.hierarchical.ThrowableCollector.execute(ThrowableCollector.java:73) ~[junit-platform-engine-1.11.4.jar:1.11.4]
	at org.junit.jupiter.engine.descriptor.TestMethodTestDescriptor.prepare(TestMethodTestDescriptor.java:104) ~[junit-jupiter-engine-5.11.4.jar:5.11.4]
	at org.junit.jupiter.engine.descriptor.TestMethodTestDescriptor.prepare(TestMethodTestDescriptor.java:68) ~[junit-jupiter-engine-5.11.4.jar:5.11.4]
	at org.junit.platform.engine.support.hierarchical.NodeTestTask.lambda$prepare$2(NodeTestTask.java:128) ~[junit-platform-engine-1.11.4.jar:1.11.4]
	at org.junit.platform.engine.support.hierarchical.ThrowableCollector.execute(ThrowableCollector.java:73) ~[junit-platform-engine-1.11.4.jar:1.11.4]
	at org.junit.platform.engine.support.hierarchical.NodeTestTask.prepare(NodeTestTask.java:128) ~[junit-platform-engine-1.11.4.jar:1.11.4]
	at org.junit.platform.engine.support.hierarchical.NodeTestTask.execute(NodeTestTask.java:95) ~[junit-platform-engine-1.11.4.jar:1.11.4]
	at java.base/java.util.ArrayList.forEach(ArrayList.java:1596) ~[na:na]
	at org.junit.platform.engine.support.hierarchical.SameThreadHierarchicalTestExecutorService.invokeAll(SameThreadHierarchicalTestExecutorService.java:41) ~[junit-platform-engine-1.11.4.jar:1.11.4]
	at org.junit.platform.engine.support.hierarchical.NodeTestTask.lambda$executeRecursively$6(NodeTestTask.java:160) ~[junit-platform-engine-1.11.4.jar:1.11.4]
	at org.junit.platform.engine.support.hierarchical.ThrowableCollector.execute(ThrowableCollector.java:73) ~[junit-platform-engine-1.11.4.jar:1.11.4]
	at org.junit.platform.engine.support.hierarchical.NodeTestTask.lambda$executeRecursively$8(NodeTestTask.java:146) ~[junit-platform-engine-1.11.4.jar:1.11.4]
	at org.junit.platform.engine.support.hierarchical.Node.around(Node.java:137) ~[junit-platform-engine-1.11.4.jar:1.11.4]
	at org.junit.platform.engine.support.hierarchical.NodeTestTask.lambda$executeRecursively$9(NodeTestTask.java:144) ~[junit-platform-engine-1.11.4.jar:1.11.4]
	at org.junit.platform.engine.support.hierarchical.ThrowableCollector.execute(ThrowableCollector.java:73) ~[junit-platform-engine-1.11.4.jar:1.11.4]
	at org.junit.platform.engine.support.hierarchical.NodeTestTask.executeRecursively(NodeTestTask.java:143) ~[junit-platform-engine-1.11.4.jar:1.11.4]
	at org.junit.platform.engine.support.hierarchical.NodeTestTask.execute(NodeTestTask.java:100) ~[junit-platform-engine-1.11.4.jar:1.11.4]
	at java.base/java.util.ArrayList.forEach(ArrayList.java:1596) ~[na:na]
	at org.junit.platform.engine.support.hierarchical.SameThreadHierarchicalTestExecutorService.invokeAll(SameThreadHierarchicalTestExecutorService.java:41) ~[junit-platform-engine-1.11.4.jar:1.11.4]
	at org.junit.platform.engine.support.hierarchical.NodeTestTask.lambda$executeRecursively$6(NodeTestTask.java:160) ~[junit-platform-engine-1.11.4.jar:1.11.4]
	at org.junit.platform.engine.support.hierarchical.ThrowableCollector.execute(ThrowableCollector.java:73) ~[junit-platform-engine-1.11.4.jar:1.11.4]
	at org.junit.platform.engine.support.hierarchical.NodeTestTask.lambda$executeRecursively$8(NodeTestTask.java:146) ~[junit-platform-engine-1.11.4.jar:1.11.4]
	at org.junit.platform.engine.support.hierarchical.Node.around(Node.java:137) ~[junit-platform-engine-1.11.4.jar:1.11.4]
	at org.junit.platform.engine.support.hierarchical.NodeTestTask.lambda$executeRecursively$9(NodeTestTask.java:144) ~[junit-platform-engine-1.11.4.jar:1.11.4]
	at org.junit.platform.engine.support.hierarchical.ThrowableCollector.execute(ThrowableCollector.java:73) ~[junit-platform-engine-1.11.4.jar:1.11.4]
	at org.junit.platform.engine.support.hierarchical.NodeTestTask.executeRecursively(NodeTestTask.java:143) ~[junit-platform-engine-1.11.4.jar:1.11.4]
	at org.junit.platform.engine.support.hierarchical.NodeTestTask.execute(NodeTestTask.java:100) ~[junit-platform-engine-1.11.4.jar:1.11.4]
	at org.junit.platform.engine.support.hierarchical.SameThreadHierarchicalTestExecutorService.submit(SameThreadHierarchicalTestExecutorService.java:35) ~[junit-platform-engine-1.11.4.jar:1.11.4]
	at org.junit.platform.engine.support.hierarchical.HierarchicalTestExecutor.execute(HierarchicalTestExecutor.java:57) ~[junit-platform-engine-1.11.4.jar:1.11.4]
	at org.junit.platform.engine.support.hierarchical.HierarchicalTestEngine.execute(HierarchicalTestEngine.java:54) ~[junit-platform-engine-1.11.4.jar:1.11.4]
	at org.junit.platform.launcher.core.EngineExecutionOrchestrator.execute(EngineExecutionOrchestrator.java:198) ~[junit-platform-launcher-1.11.4.jar:1.11.4]
	at org.junit.platform.launcher.core.EngineExecutionOrchestrator.execute(EngineExecutionOrchestrator.java:169) ~[junit-platform-launcher-1.11.4.jar:1.11.4]
	at org.junit.platform.launcher.core.EngineExecutionOrchestrator.execute(EngineExecutionOrchestrator.java:93) ~[junit-platform-launcher-1.11.4.jar:1.11.4]
	at org.junit.platform.launcher.core.EngineExecutionOrchestrator.lambda$execute$0(EngineExecutionOrchestrator.java:58) ~[junit-platform-launcher-1.11.4.jar:1.11.4]
	at org.junit.platform.launcher.core.EngineExecutionOrchestrator.withInterceptedStreams(EngineExecutionOrchestrator.java:141) ~[junit-platform-launcher-1.11.4.jar:1.11.4]
	at org.junit.platform.launcher.core.EngineExecutionOrchestrator.execute(EngineExecutionOrchestrator.java:57) ~[junit-platform-launcher-1.11.4.jar:1.11.4]
	at org.junit.platform.launcher.core.DefaultLauncher.execute(DefaultLauncher.java:103) ~[junit-platform-launcher-1.11.4.jar:1.11.4]
	at org.junit.platform.launcher.core.DefaultLauncher.execute(DefaultLauncher.java:85) ~[junit-platform-launcher-1.11.4.jar:1.11.4]
	at org.junit.platform.launcher.core.DelegatingLauncher.execute(DelegatingLauncher.java:47) ~[junit-platform-launcher-1.11.4.jar:1.11.4]
	at org.apache.maven.surefire.junitplatform.LazyLauncher.execute(LazyLauncher.java:56) ~[surefire-junit-platform-3.5.2.jar:3.5.2]
	at org.apache.maven.surefire.junitplatform.JUnitPlatformProvider.execute(JUnitPlatformProvider.java:184) ~[surefire-junit-platform-3.5.2.jar:3.5.2]
	at org.apache.maven.surefire.junitplatform.JUnitPlatformProvider.invokeAllTests(JUnitPlatformProvider.java:148) ~[surefire-junit-platform-3.5.2.jar:3.5.2]
	at org.apache.maven.surefire.junitplatform.JUnitPlatformProvider.invoke(JUnitPlatformProvider.java:122) ~[surefire-junit-platform-3.5.2.jar:3.5.2]
	at org.apache.maven.surefire.booter.ForkedBooter.runSuitesInProcess(ForkedBooter.java:385) ~[surefire-booter-3.5.2.jar:3.5.2]
	at org.apache.maven.surefire.booter.ForkedBooter.execute(ForkedBooter.java:162) ~[surefire-booter-3.5.2.jar:3.5.2]
	at org.apache.maven.surefire.booter.ForkedBooter.run(ForkedBooter.java:507) ~[surefire-booter-3.5.2.jar:3.5.2]
	at org.apache.maven.surefire.booter.ForkedBooter.main(ForkedBooter.java:495) ~[surefire-booter-3.5.2.jar:3.5.2]
Caused by: org.springframework.beans.factory.BeanCreationException: Error creating bean with name 'entityManagerFactory' defined in class path resource [org/springframework/boot/autoconfigure/orm/jpa/HibernateJpaConfiguration.class]: Entity classes [com.fixzone.fixzon_backend.entity.User] and [com.fixzone.fixzon_backend.model.User] share the entity name 'User' (entity names must be distinct)
	at org.springframework.beans.factory.support.AbstractAutowireCapableBeanFactory.initializeBean(AbstractAutowireCapableBeanFactory.java:1812) ~[spring-beans-6.2.3.jar:6.2.3]
	at org.springframework.beans.factory.support.AbstractAutowireCapableBeanFactory.doCreateBean(AbstractAutowireCapableBeanFactory.java:601) ~[spring-beans-6.2.3.jar:6.2.3]
	at org.springframework.beans.factory.support.AbstractAutowireCapableBeanFactory.createBean(AbstractAutowireCapableBeanFactory.java:523) ~[spring-beans-6.2.3.jar:6.2.3]
	at org.springframework.beans.factory.support.AbstractBeanFactory.lambda$doGetBean$0(AbstractBeanFactory.java:339) ~[spring-beans-6.2.3.jar:6.2.3]
	at org.springframework.beans.factory.support.DefaultSingletonBeanRegistry.getSingleton(DefaultSingletonBeanRegistry.java:346) ~[spring-beans-6.2.3.jar:6.2.3]
	at org.springframework.beans.factory.support.AbstractBeanFactory.doGetBean(AbstractBeanFactory.java:337) ~[spring-beans-6.2.3.jar:6.2.3]
	at org.springframework.beans.factory.support.AbstractBeanFactory.getBean(AbstractBeanFactory.java:207) ~[spring-beans-6.2.3.jar:6.2.3]
	at org.springframework.context.support.AbstractApplicationContext.finishBeanFactoryInitialization(AbstractApplicationContext.java:970) ~[spring-context-6.2.3.jar:6.2.3]
	at org.springframework.context.support.AbstractApplicationContext.refresh(AbstractApplicationContext.java:627) ~[spring-context-6.2.3.jar:6.2.3]
	at org.springframework.boot.SpringApplication.refresh(SpringApplication.java:752) ~[spring-boot-3.4.3.jar:3.4.3]
	at org.springframework.boot.SpringApplication.refreshContext(SpringApplication.java:439) ~[spring-boot-3.4.3.jar:3.4.3]
	at org.springframework.boot.SpringApplication.run(SpringApplication.java:318) ~[spring-boot-3.4.3.jar:3.4.3]
	at org.springframework.boot.test.context.SpringBootContextLoader.lambda$loadContext$3(SpringBootContextLoader.java:137) ~[spring-boot-test-3.4.3.jar:3.4.3]
	at org.springframework.util.function.ThrowingSupplier.get(ThrowingSupplier.java:58) ~[spring-core-6.2.3.jar:6.2.3]
	at org.springframework.util.function.ThrowingSupplier.get(ThrowingSupplier.java:46) ~[spring-core-6.2.3.jar:6.2.3]
	at org.springframework.boot.SpringApplication.withHook(SpringApplication.java:1461) ~[spring-boot-3.4.3.jar:3.4.3]
	at org.springframework.boot.test.context.SpringBootContextLoader$ContextLoaderHook.run(SpringBootContextLoader.java:553) ~[spring-boot-test-3.4.3.jar:3.4.3]
	at org.springframework.boot.test.context.SpringBootContextLoader.loadContext(SpringBootContextLoader.java:137) ~[spring-boot-test-3.4.3.jar:3.4.3]
	at org.springframework.boot.test.context.SpringBootContextLoader.loadContext(SpringBootContextLoader.java:108) ~[spring-boot-test-3.4.3.jar:3.4.3]
	at org.springframework.test.context.cache.DefaultCacheAwareContextLoaderDelegate.loadContextInternal(DefaultCacheAwareContextLoaderDelegate.java:225) ~[spring-test-6.2.3.jar:6.2.3]
	at org.springframework.test.context.cache.DefaultCacheAwareContextLoaderDelegate.loadContext(DefaultCacheAwareContextLoaderDelegate.java:152) ~[spring-test-6.2.3.jar:6.2.3]
	... 75 common frames omitted
Caused by: org.hibernate.DuplicateMappingException: Entity classes [com.fixzone.fixzon_backend.entity.User] and [com.fixzone.fixzon_backend.model.User] share the entity name 'User' (entity names must be distinct)
	at org.hibernate.boot.internal.InFlightMetadataCollectorImpl.addEntityBinding(InFlightMetadataCollectorImpl.java:360) ~[hibernate-core-6.6.8.Final.jar:6.6.8.Final]
	at org.hibernate.boot.model.internal.EntityBinder.bindEntityClass(EntityBinder.java:262) ~[hibernate-core-6.6.8.Final.jar:6.6.8.Final]
	at org.hibernate.boot.model.internal.AnnotationBinder.bindClass(AnnotationBinder.java:401) ~[hibernate-core-6.6.8.Final.jar:6.6.8.Final]
	at org.hibernate.boot.model.source.internal.annotations.AnnotationMetadataSourceProcessorImpl.processEntityHierarchies(AnnotationMetadataSourceProcessorImpl.java:257) ~[hibernate-core-6.6.8.Final.jar:6.6.8.Final]
	at org.hibernate.boot.model.process.spi.MetadataBuildingProcess$1.processEntityHierarchies(MetadataBuildingProcess.java:281) ~[hibernate-core-6.6.8.Final.jar:6.6.8.Final]
	at org.hibernate.boot.model.process.spi.MetadataBuildingProcess.complete(MetadataBuildingProcess.java:324) ~[hibernate-core-6.6.8.Final.jar:6.6.8.Final]
	at org.hibernate.jpa.boot.internal.EntityManagerFactoryBuilderImpl.metadata(EntityManagerFactoryBuilderImpl.java:1442) ~[hibernate-core-6.6.8.Final.jar:6.6.8.Final]
	at org.hibernate.jpa.boot.internal.EntityManagerFactoryBuilderImpl.build(EntityManagerFactoryBuilderImpl.java:1513) ~[hibernate-core-6.6.8.Final.jar:6.6.8.Final]
	at org.springframework.orm.jpa.vendor.SpringHibernateJpaPersistenceProvider.createContainerEntityManagerFactory(SpringHibernateJpaPersistenceProvider.java:66) ~[spring-orm-6.2.3.jar:6.2.3]
	at org.springframework.orm.jpa.LocalContainerEntityManagerFactoryBean.createNativeEntityManagerFactory(LocalContainerEntityManagerFactoryBean.java:390) ~[spring-orm-6.2.3.jar:6.2.3]
	at org.springframework.orm.jpa.AbstractEntityManagerFactoryBean.buildNativeEntityManagerFactory(AbstractEntityManagerFactoryBean.java:419) ~[spring-orm-6.2.3.jar:6.2.3]
	at org.springframework.orm.jpa.AbstractEntityManagerFactoryBean.afterPropertiesSet(AbstractEntityManagerFactoryBean.java:400) ~[spring-orm-6.2.3.jar:6.2.3]
	at org.springframework.orm.jpa.LocalContainerEntityManagerFactoryBean.afterPropertiesSet(LocalContainerEntityManagerFactoryBean.java:366) ~[spring-orm-6.2.3.jar:6.2.3]
	at org.springframework.beans.factory.support.AbstractAutowireCapableBeanFactory.invokeInitMethods(AbstractAutowireCapableBeanFactory.java:1859) ~[spring-beans-6.2.3.jar:6.2.3]
	at org.springframework.beans.factory.support.AbstractAutowireCapableBeanFactory.initializeBean(AbstractAutowireCapableBeanFactory.java:1808) ~[spring-beans-6.2.3.jar:6.2.3]
	... 95 common frames omitted

   
WebClientAutoConfiguration:
      Did not match:
         - 
@ConditionalOnClass did not 
find required class 'org.spri
ngframework.web.reactive.func
tion.client.WebClient' 
(OnClassCondition)

   WebFluxAutoConfiguration:
      Did not match:
         - 
@ConditionalOnClass did not 
find required class 'org.spri
ngframework.web.reactive.conf
ig.WebFluxConfigurer' 
(OnClassCondition)

   WebMvcAutoConfiguration#hi
ddenHttpMethodFilter:
      Did not match:
         - 
@ConditionalOnProperty (sprin
g.mvc.hiddenmethod.filter.ena
bled) did not find property 
'enabled' 
(OnPropertyCondition)

   WebMvcAutoConfiguration.Pr
oblemDetailsErrorHandlingConf
iguration:
      Did not match:
         - 
@ConditionalOnProperty (sprin
g.mvc.problemdetails.enabled=
true) did not find property 
'enabled' 
(OnPropertyCondition)

   WebMvcAutoConfiguration.Re
sourceChainCustomizerConfigur
ation:
      Did not match:
         - @ConditionalOnEnab
ledResourceChain did not 
find class org.webjars.WebJar
VersionLocator (OnEnabledReso
urceChainCondition)

   WebMvcAutoConfiguration.We
bMvcAutoConfigurationAdapter#
beanNameViewResolver:
      Did not match:
         - 
@ConditionalOnMissingBean 
(types: org.springframework.w
eb.servlet.view.BeanNameViewR
esolver; SearchStrategy: 
all) found beans of type 'org
.springframework.web.servlet.
view.BeanNameViewResolver' 
beanNameViewResolver 
(OnBeanCondition)

   WebServiceTemplateAutoConf
iguration:
      Did not match:
         - 
@ConditionalOnClass did not 
find required class 'org.spri
ngframework.oxm.Marshaller' 
(OnClassCondition)

   
WebServicesAutoConfiguration:
      Did not match:
         - 
@ConditionalOnClass did not 
find required class 'org.spri
ngframework.ws.transport.http
.MessageDispatcherServlet' 
(OnClassCondition)

   WebSessionIdResolverAutoCo
nfiguration:
      Did not match:
         - 
@ConditionalOnClass did not 
find required class 'reactor.
core.publisher.Mono' 
(OnClassCondition)

   WebSocketMessagingAutoConf
iguration.WebSocketMessageCon
verterConfiguration:
      Did not match:
         - 
@ConditionalOnBean (types: or
g.springframework.web.socket.
config.annotation.DelegatingW
ebSocketMessageBrokerConfigur
ation,com.fasterxml.jackson.d
atabind.ObjectMapper; 
SearchStrategy: all) did not 
find any beans of type org.sp
ringframework.web.socket.conf
ig.annotation.DelegatingWebSo
cketMessageBrokerConfiguratio
n (OnBeanCondition)
      Matched:
         - 
@ConditionalOnClass found 
required classes 'com.fasterx
ml.jackson.databind.ObjectMap
per', 'org.springframework.me
ssaging.simp.config.AbstractM
essageBrokerConfiguration' 
(OnClassCondition)

   WebSocketReactiveAutoConfi
guration:
      Did not match:
         - 
@ConditionalOnWebApplication 
did not find reactive web 
application classes 
(OnWebApplicationCondition)

   WebSocketServletAutoConfig
uration.JettyWebSocketConfigu
ration:
      Did not match:
         - 
@ConditionalOnClass did not 
find required class 'org.ecli
pse.jetty.ee10.websocket.jaka
rta.server.config.JakartaWebS
ocketServletContainerInitiali
zer' (OnClassCondition)

   WebSocketServletAutoConfig
uration.UndertowWebSocketConf
iguration:
      Did not match:
         - 
@ConditionalOnClass did not 
find required class 'io.under
tow.websockets.jsr.Bootstrap'
 (OnClassCondition)

   XADataSourceAutoConfigurat
ion:
      Did not match:
         - 
@ConditionalOnBean (types: or
g.springframework.boot.jdbc.X
ADataSourceWrapper; 
SearchStrategy: all) did not 
find any beans of type org.sp
ringframework.boot.jdbc.XADat
aSourceWrapper 
(OnBeanCondition)
      Matched:
         - 
@ConditionalOnClass found 
required classes 
'javax.sql.DataSource', 'jaka
rta.transaction.TransactionMa
nager', 'org.springframework.
jdbc.datasource.embedded.Embe
ddedDatabaseType' 
(OnClassCondition)


Exclusions:
-----------

    None


Unconditional classes:
----------------------

    org.springframework.boot.
autoconfigure.context.Configu
rationPropertiesAutoConfigura
tion

    org.springframework.boot.
autoconfigure.ssl.SslAutoConf
iguration

    org.springframework.boot.
autoconfigure.context.Lifecyc
leAutoConfiguration

    org.springframework.boot.
autoconfigure.context.Propert
yPlaceholderAutoConfiguration

    org.springframework.boot.
autoconfigure.availability.Ap
plicationAvailabilityAutoConf
iguration

    org.springframework.boot.
autoconfigure.info.ProjectInf
oAutoConfiguration



[ERROR] Tests run: 1, Failures: 0, Errors: 1, Skipped: 0, Time elapsed: 6.716 s <<< FAILURE! -- in com.fixzone.fixzon_backend.FixzonBackendApplicationTests
[ERROR] com.fixzone.fixzon_backend.FixzonBackendApplicationTests.contextLoads -- Time elapsed: 0.008 s <<< ERROR!
java.lang.IllegalStateException: Failed to load ApplicationContext for [WebMergedContextConfiguration@62cf86d6 testClass = com.fixzone.fixzon_backend.FixzonBackendApplicationTests, locations = [], classes = [com.fixzone.fixzon_backend.FixzonBackendApplication], contextInitializerClasses = [], activeProfiles = [], propertySourceDescriptors = [], propertySourceProperties = ["org.springframework.boot.test.context.SpringBootTestContextBootstrapper=true"], contextCustomizers = [org.springframework.boot.test.context.filter.ExcludeFilterContextCustomizer@69ee81fc, org.springframework.boot.test.json.DuplicateJsonObjectContextCustomizerFactory$DuplicateJsonObjectContextCustomizer@29f7cefd, org.springframework.boot.test.mock.mockito.MockitoContextCustomizer@0, org.springframework.boot.test.web.client.TestRestTemplateContextCustomizer@17503f6b, org.springframework.boot.test.web.reactor.netty.DisableReactorResourceFactoryGlobalResourcesContextCustomizerFactory$DisableReactorResourceFactoryGlobalResourcesContextCustomizerCustomizer@3e2055d6, org.springframework.boot.test.autoconfigure.OnFailureConditionReportContextCustomizerFactory$OnFailureConditionReportContextCustomizer@50f6ac94, org.springframework.boot.test.autoconfigure.actuate.observability.ObservabilityContextCustomizerFactory$DisableObservabilityContextCustomizer@1f, org.springframework.boot.test.autoconfigure.properties.PropertyMappingContextCustomizer@0, org.springframework.boot.test.autoconfigure.web.servlet.WebDriverContextCustomizer@6c7a164b, org.springframework.test.context.support.DynamicPropertiesContextCustomizer@0, org.springframework.boot.test.context.SpringBootTestAnnotation@57f258d3], resourceBasePath = "src/main/webapp", contextLoader = org.springframework.boot.test.context.SpringBootContextLoader, parent = null]
	at org.springframework.test.context.cache.DefaultCacheAwareContextLoaderDelegate.loadContext(DefaultCacheAwareContextLoaderDelegate.java:180)
	at org.springframework.test.context.support.DefaultTestContext.getApplicationContext(DefaultTestContext.java:130)
	at org.springframework.test.context.web.ServletTestExecutionListener.setUpRequestContextIfNecessary(ServletTestExecutionListener.java:200)
	at org.springframework.test.context.web.ServletTestExecutionListener.prepareTestInstance(ServletTestExecutionListener.java:139)
	at org.springframework.test.context.TestContextManager.prepareTestInstance(TestContextManager.java:260)
	at org.springframework.test.context.junit.jupiter.SpringExtension.postProcessTestInstance(SpringExtension.java:160)
	at java.base/java.util.stream.ForEachOps$ForEachOp$OfRef.accept(ForEachOps.java:184)
	at java.base/java.util.stream.ReferencePipeline$3$1.accept(ReferencePipeline.java:197)
	at java.base/java.util.stream.ReferencePipeline$2$1.accept(ReferencePipeline.java:179)
	at java.base/java.util.stream.ReferencePipeline$3$1.accept(ReferencePipeline.java:197)
	at java.base/java.util.ArrayList$ArrayListSpliterator.forEachRemaining(ArrayList.java:1708)
	at java.base/java.util.stream.AbstractPipeline.copyInto(AbstractPipeline.java:509)
	at java.base/java.util.stream.AbstractPipeline.wrapAndCopyInto(AbstractPipeline.java:499)
	at java.base/java.util.stream.ForEachOps$ForEachOp.evaluateSequential(ForEachOps.java:151)
	at java.base/java.util.stream.ForEachOps$ForEachOp$OfRef.evaluateSequential(ForEachOps.java:174)
	at java.base/java.util.stream.AbstractPipeline.evaluate(AbstractPipeline.java:234)
	at java.base/java.util.stream.ReferencePipeline.forEach(ReferencePipeline.java:596)
	at java.base/java.util.Optional.orElseGet(Optional.java:364)
	at java.base/java.util.ArrayList.forEach(ArrayList.java:1596)
	at java.base/java.util.ArrayList.forEach(ArrayList.java:1596)
Caused by: org.springframework.beans.factory.BeanCreationException: Error creating bean with name 'entityManagerFactory' defined in class path resource [org/springframework/boot/autoconfigure/orm/jpa/HibernateJpaConfiguration.class]: Entity classes [com.fixzone.fixzon_backend.entity.User] and [com.fixzone.fixzon_backend.model.User] share the entity name 'User' (entity names must be distinct)
	at org.springframework.beans.factory.support.AbstractAutowireCapableBeanFactory.initializeBean(AbstractAutowireCapableBeanFactory.java:1812)
	at org.springframework.beans.factory.support.AbstractAutowireCapableBeanFactory.doCreateBean(AbstractAutowireCapableBeanFactory.java:601)
	at org.springframework.beans.factory.support.AbstractAutowireCapableBeanFactory.createBean(AbstractAutowireCapableBeanFactory.java:523)
	at org.springframework.beans.factory.support.AbstractBeanFactory.lambda$doGetBean$0(AbstractBeanFactory.java:339)
	at org.springframework.beans.factory.support.DefaultSingletonBeanRegistry.getSingleton(DefaultSingletonBeanRegistry.java:346)
	at org.springframework.beans.factory.support.AbstractBeanFactory.doGetBean(AbstractBeanFactory.java:337)
	at org.springframework.beans.factory.support.AbstractBeanFactory.getBean(AbstractBeanFactory.java:207)
	at org.springframework.context.support.AbstractApplicationContext.finishBeanFactoryInitialization(AbstractApplicationContext.java:970)
	at org.springframework.context.support.AbstractApplicationContext.refresh(AbstractApplicationContext.java:627)
	at org.springframework.boot.SpringApplication.refresh(SpringApplication.java:752)
	at org.springframework.boot.SpringApplication.refreshContext(SpringApplication.java:439)
	at org.springframework.boot.SpringApplication.run(SpringApplication.java:318)
	at org.springframework.boot.test.context.SpringBootContextLoader.lambda$loadContext$3(SpringBootContextLoader.java:137)
	at org.springframework.util.function.ThrowingSupplier.get(ThrowingSupplier.java:58)
	at org.springframework.util.function.ThrowingSupplier.get(ThrowingSupplier.java:46)
	at org.springframework.boot.SpringApplication.withHook(SpringApplication.java:1461)
	at org.springframework.boot.test.context.SpringBootContextLoader$ContextLoaderHook.run(SpringBootContextLoader.java:553)
	at org.springframework.boot.test.context.SpringBootContextLoader.loadContext(SpringBootContextLoader.java:137)
	at org.springframework.boot.test.context.SpringBootContextLoader.loadContext(SpringBootContextLoader.java:108)
	at org.springframework.test.context.cache.DefaultCacheAwareContextLoaderDelegate.loadContextInternal(DefaultCacheAwareContextLoaderDelegate.java:225)
	at org.springframework.test.context.cache.DefaultCacheAwareContextLoaderDelegate.loadContext(DefaultCacheAwareContextLoaderDelegate.java:152)
	... 19 more
Caused by: org.hibernate.DuplicateMappingException: Entity classes [com.fixzone.fixzon_backend.entity.User] and [com.fixzone.fixzon_backend.model.User] share the entity name 'User' (entity names must be distinct)
	at org.hibernate.boot.internal.InFlightMetadataCollectorImpl.addEntityBinding(InFlightMetadataCollectorImpl.java:360)
	at org.hibernate.boot.model.internal.EntityBinder.bindEntityClass(EntityBinder.java:262)
	at org.hibernate.boot.model.internal.AnnotationBinder.bindClass(AnnotationBinder.java:401)
	at org.hibernate.boot.model.source.internal.annotations.AnnotationMetadataSourceProcessorImpl.processEntityHierarchies(AnnotationMetadataSourceProcessorImpl.java:257)
	at org.hibernate.boot.model.process.spi.MetadataBuildingProcess$1.processEntityHierarchies(MetadataBuildingProcess.java:281)
	at org.hibernate.boot.model.process.spi.MetadataBuildingProcess.complete(MetadataBuildingProcess.java:324)
	at org.hibernate.jpa.boot.internal.EntityManagerFactoryBuilderImpl.metadata(EntityManagerFactoryBuilderImpl.java:1442)
	at org.hibernate.jpa.boot.internal.EntityManagerFactoryBuilderImpl.build(EntityManagerFactoryBuilderImpl.java:1513)
	at org.springframework.orm.jpa.vendor.SpringHibernateJpaPersistenceProvider.createContainerEntityManagerFactory(SpringHibernateJpaPersistenceProvider.java:66)
	at org.springframework.orm.jpa.LocalContainerEntityManagerFactoryBean.createNativeEntityManagerFactory(LocalContainerEntityManagerFactoryBean.java:390)
	at org.springframework.orm.jpa.AbstractEntityManagerFactoryBean.buildNativeEntityManagerFactory(AbstractEntityManagerFactoryBean.java:419)
	at org.springframework.orm.jpa.AbstractEntityManagerFactoryBean.afterPropertiesSet(AbstractEntityManagerFactoryBean.java:400)
	at org.springframework.orm.jpa.LocalContainerEntityManagerFactoryBean.afterPropertiesSet(LocalContainerEntityManagerFactoryBean.java:366)
	at org.springframework.beans.factory.support.AbstractAutowireCapableBeanFactory.invokeInitMethods(AbstractAutowireCapableBeanFactory.java:1859)
	at org.springframework.beans.factory.support.AbstractAutowireCapableBeanFactory.initializeBean(AbstractAutowireCapableBeanFactory.java:1808)
	... 39 more

[INFO] 
[INFO] Results:
[INFO] 
[ERROR] Errors: 
[ERROR]   FixzonBackendApplicationTests.contextLoads ╗ IllegalState Failed to load ApplicationContext for [WebMergedContextConfiguration@62cf86d6 testClass = com.fixzone.fixzon_backend.FixzonBackendApplicationTests, locations = [], classes = [com.fixzone.fixzon_backend.FixzonBackendApplication], contextInitializerClasses = [], activeProfiles = [], propertySourceDescriptors = [], propertySourceProperties = ["org.springframework.boot.test.context.SpringBootTestContextBootstrapper=true"], contextCustomizers = [org.springframework.boot.test.context.filter.ExcludeFilterContextCustomizer@69ee81fc, org.springframework.boot.test.json.DuplicateJsonObjectContextCustomizerFactory$DuplicateJsonObjectContextCustomizer@29f7cefd, org.springframework.boot.test.mock.mockito.MockitoContextCustomizer@0, org.springframework.boot.test.web.client.TestRestTemplateContextCustomizer@17503f6b, org.springframework.boot.test.web.reactor.netty.DisableReactorResourceFactoryGlobalResourcesContextCustomizerFactory$DisableReactorResourceFactoryGlobalResourcesContextCustomizerCustomizer@3e2055d6, org.springframework.boot.test.autoconfigure.OnFailureConditionReportContextCustomizerFactory$OnFailureConditionReportContextCustomizer@50f6ac94, org.springframework.boot.test.autoconfigure.actuate.observability.ObservabilityContextCustomizerFactory$DisableObservabilityContextCustomizer@1f, org.springframework.boot.test.autoconfigure.properties.PropertyMappingContextCustomizer@0, org.springframework.boot.test.autoconfigure.web.servlet.WebDriverContextCustomizer@6c7a164b, org.springframework.test.context.support.DynamicPropertiesContextCustomizer@0, org.springframework.boot.test.context.SpringBootTestAnnotation@57f258d3], resourceBasePath = "src/main/webapp", contextLoader = org.springframework.boot.test.context.SpringBootContextLoader, parent = null]
[INFO] 
[ERROR] Tests run: 1, Failures: 0, Errors: 1, Skipped: 0
[INFO] 
[INFO] ------------------------------------------------------------------------
[INFO] BUILD FAILURE
[INFO] ------------------------------------------------------------------------
[INFO] Total time:  9.382 s
[INFO] Finished at: 2026-03-16T22:02:01+05:30
[INFO] ------------------------------------------------------------------------
[ERROR] Failed to execute goal org.apache.maven.plugins:maven-surefire-plugin:3.5.2:test (default-test) on project fixzon-backend: 
[ERROR] 
[ERROR] See C:\Users\ASUS\Desktop\New folder\FixZone_Backend\target\surefire-reports for the individual test results.
[ERROR] See dump files (if any exist) [date].dump, [date]-jvmRun[N].dump and [date].dumpstream.
[ERROR] -> [Help 1]
[ERROR] 
[ERROR] To see the full stack trace of the errors, re-run Maven with the -e switch.
[ERROR] Re-run Maven using the -X switch to enable full debug logging.
[ERROR] 
[ERROR] For more information about the errors and possible solutions, please read the following articles:
[ERROR] [Help 1] http://cwiki.apache.org/confluence/display/MAVEN/MojoFailureException
